2000
Aaron Maria 41
Abdullah Jasmyn 870
Abel Ivy 352
Abraham Mallory 213
Abram Alize 796
Adam Isabella 45
Adan Kailee 502
Addison Tayler 514
Aden Samara 889
Adolfo Corinne 546
Adonis Aubree 755
Adrian Marissa 78
Adrien Belen 937
Agustin Aniya 578
Ahmad Rhiannon 454
Ahmed Alma 491
Aidan Melanie 114
Aiden Gillian 324
Alan Sofia 161
Albert Kassandra 284
Alberto Whitney 270
Alden Tatianna 854
Aldo Lea 663
Alec Daniela 156
Alejandro Kathryn 89
Alek Antoinette 970
Alessandro Amiya 936
Alex Vanessa 62
Alexander Victoria 20
Alexandro Amara 801
Alexis Isabelle 144
Alexzander Emerald 966
Alfonso Sage 489
Alfred Elaine 577
Alfredo Kristin 301
Ali Eliza 380
Allan Felicia 484
Allen Alexus 251
Alonso Hana 638
Alonzo Lorena 517
Alvaro Amari 511
Alvin Johanna 469
Amari Sydnie 681
Amir Kaleigh 414
Anderson Chaya 779
Andre Kylee 197
Andreas Abigale 954
Andres Alexia 165
Andrew Samantha 7
Andy Aaliyah 211
Angel Makayla 67
Angelo Marisa 303
Anthony Emma 17
Antoine Abbie 591
Anton Devyn 699
Antonio Zoe 82
Antony Kari 784
Antwan Rebeca 708
Ari Kennedi 788
Aric Yessenia 978
Ariel Ciera 550
Armando Jazmine 237
Armani Joselyn 650
Arnold Catalina 763
Aron Stacy 597
Arthur Rosa 316
Arturo Shania 291
Asa Juliette 657
Asher Ryan 579
Ashton Alana 254
Aubrey Shakira 844
August Antonia 613
Augustus Janiya 955
Austen Loren 704
Austin Sydney 23
Austyn Nyah 789
Avery Guadalupe 245
Axel Daniella 364
Ayden Skyla 666
Baby Kayley 645
Bailey Kyra 202
Barrett Rhianna 982
Barry Beatriz 678
Beau Alina 465
Ben Halie 561
Benito Hazel 893
Benjamin Jennifer 26
Bennett Lexi 441
Benny Dariana 836
Bernard Margarita 654
Bernardo Patience 897
Billy Jaden 385
Blaine Colleen 455
Blaise Joanne 943
Blake Breanna 80
Blaze Elyssa 877
Bo Breonna 975
Bobby Lizbeth 363
Brad Rylie 631
Braden Kathleen 204
Bradley Riley 131
Bradly Nyasia 931
Brady Julie 190
Braeden Ellen 451
Braedon Shaina 793
Braiden Amina 983
Brandan Kalyn 858
Branden Ashleigh 337
Brandon Alyssa 12
Brandyn Beatrice 971
Branson Breanne 979
Brant Jailyn 984
Braxton Kamryn 336
Brayan Larissa 485
Brayden Makenzie 199
Braydon Leticia 558
Brendan Tiffany 101
Brenden Allyson 243
Brendon Kayleigh 348
Brennan Kiana 276
Brennen Maia 548
Brennon Laisha 980
Brent Logan 318
Brenton Susana 717
Bret Devon 658
Brett Payton 163
Brian Mackenzie 43
Brice Paula 572
Brock Jaqueline 268
Brodie Aliza 944
Brody Cristina 338
Bronson Jaylin 871
Brooks Sally 705
Bruce Ayanna 432
Bruno Kirstin 967
Bryan Shelby 70
Bryant Wendy 317
Bryce Sabrina 92
Brycen Presley 790
Bryson Camille 269
Byron Jayda 438
Cade Raven 216
Caden Tara 239
Cale Juanita 837
Caleb Chloe 38
Calvin April 214
Camden Jenny 361
Cameron Nicole 31
Camren Monserrat 860
Camron Iris 412
Carl Deanna 304
Carlo Dallas 901
Carlos Faith 66
Carlton Kaylynn 749
Carson Angel 119
Carter Shannon 152
Casey Jasmin 193
Cayden Anika 625
Cedric Emely 464
Cesar Bianca 170
Chad Kyla 235
Chaim Parker 867
Chance Giselle 212
Chandler Alejandra 174
Charles Brooke 51
Charlie Jaclyn 452
Chase Autumn 77
Chaz Nataly 700
Chris India 395
Christian Anna 22
Christopher Sarah 5
Clarence Jaelyn 616
Clark Maci 764
Clay Tatyana 397
Clayton Bethany 151
Clifford Anissa 753
Clifton Carli 740
Clint Katerina 917
Clinton Rosemary 634
Coby Esperanza 529
Cody Erin 60
Colby Nancy 233
Cole Melissa 71
Coleman Arielle 544
Colin Gabriela 117
Collin Lillian 129
Colt Graciela 814
Colten Regina 531
Colton Margaret 110
Conner Kendall 191
Connor Jordan 50
Conor Anahi 365
Conrad Tracy 709
Cooper Gianna 240
Corbin Kira 292
Cordell Jadyn 640
Corey Lydia 149
Cornelius Yadira 791
Cortez Violet 741
Cory Rachael 227
Courtney Lisette 859
Craig Baylee 339
Cristian Sophie 160
Cristobal Giovanna 810
Cristopher Mara 606
Cruz Kellie 647
Cullen Destini 569
Curtis Ella 265
Cyrus Madelynn 541
Dakota Kelsey 88
Dale Eliana 536
Dallas Anastasia 309
Dallin Annette 744
Dalton Alexandria 91
Damian Abby 205
Damien Dominique 258
Damion Karissa 434
Damon Charlotte 289
Dan Ashly 945
Dandre Laurel 565
Dane Tamia 424
Dangelo Adrienne 530
Daniel Taylor 9
Danny Aliyah 287
Dante Genesis 247
Daquan Essence 580
Darian Tyler 415
Darien Aimee 556
Darin Gabriel 780
Dario Jacklyn 807
Darion Carson 655
Darius Asia 220
Darnell Stella 656
Darrell Janae 470
Darren Hallie 297
Darrin Reanna 862
Darrion Darby 868
Darrius Celine 676
Darryl Abbigail 551
Daryl Jaiden 738
Dashawn Noemi 602
David Olivia 16
Davin Dorothy 747
Davion Chelsey 475
Davis Kaylie 381
Davon Angie 499
Davonte Eryn 855
Dawson Peyton 168
Dayne Maiya 994
Dayton Alivia 562
Dean Talia 378
Deandre Meredith 293
Deangelo Sandy 649
Declan Toni 545
Deion Unique 890
Demarco Blair 972
Demarcus Yvette 622
Demetrius Harley 382
Dennis Tatiana 252
Denver Cielo 894
Denzel Maegan 774
Deon Keely 608
Deondre Kaylah 785
Deontae Dayana 881
Deonte Nayeli 605
Derek Alicia 121
Derick Leanna 615
Derrick Kristina 218
Deshaun Iliana 820
Deshawn Macie 487
Desmond Martha 375
Destin Gretchen 742
Devan Nichole 494
Devante Lillie 759
Deven Zaria 479
Devin Paige 69
Devon Mckenzie 133
Devonte Carlie 500
Devyn Araceli 598
Dewayne Randi 861
Dexter Greta 756
Diego Brittney 147
Dillan Delilah 673
Dillion Jena 989
Dillon Carly 169
Dimitri Alexandrea 733
Dion Jenifer 710
Domenic Taya 905
Dominic Caitlyn 118
Dominick Carmen 271
Dominik Shaylee 832
Dominique Miracle 524
Don London 828
Donald Christine 217
Donavan Damaris 734
Donavon Raina 963
Donnell Marlen 998
Donnie Cydney 946
Donovan Delaney 206
Dontae Jayde 985
Donte Eden 522
Dorian Brandy 399
Douglas Celeste 274
Drake Jayla 261
Draven Marian 735
Drew Mckenna 188
Duane Abril 863
Duncan Tyra 448
Dustin Hayley 148
Dwayne Kelli 539
Dwight Kasandra 768
Dylan Destiny 24
Dylon Armani 752
Ean Marlee 968
Earl America 712
Easton Mollie 581
Eddie Marina 350
Edgar Brooklyn 177
Eduardo Lily 124
Edward Mikayla 108
Edwin Amaya 196
Efrain Ebony 552
Efren Hillary 878
Eli Katrina 236
Elian Kali 427
Elias Fatima 242
Elijah Michelle 52
Eliseo Estefania 928
Elisha Kathy 653
Elliot Irene 468
Elliott Clare 537
Ellis Nya 786
Elmer Ivana 864
Elvis Montana 593
Emanuel Katlyn 329
Emerson Alysha 911
Emiliano Lyndsey 637
Emilio Cassie 347
Emmanuel Esmeralda 195
Emmett Kristine 739
Enrique Nina 221
Eric Sophia 42
Erick Holly 189
Erik Veronica 143
Ernest Macey 512
Ernesto Krystal 346
Esteban Georgia 334
Estevan Mariela 745
Ethan Morgan 25
Eugene Elaina 504
Evan Andrea 55
Everett Nikki 585
Ezekiel Gloria 358
Ezequiel Cayla 596
Ezra Jane 435
Fabian Mercedes 285
Felipe Abbey 425
Felix Kierra 376
Fernando Evelyn 150
Fidel Nikita 882
Finn Amira 833
Forrest Ayana 696
Francesco Mandy 995
Francis Maddison 436
Francisco Kennedy 139
Frank Casey 208
Frankie Zoie 728
Franklin Kaylin 449
Fred Kameron 960
Freddie Anjali 932
Freddy Alisa 609
Frederick Litzy 396
Fredrick Harmony 720
Gabriel Allison 44
Gage Valerie 166
Gaige Rita 883
Garett Alysa 766
Garret Sharon 420
Garrett Trinity 74
Garrison Christy 667
Gary Priscilla 275
Gaven Sheridan 845
Gavin Laura 85
Genaro Luisa 976
Geoffrey Kaelyn 651
George Kiara 130
Gerald Madalyn 383
Gerard Annalise 823
Gerardo Serena 209
German Shawna 694
Giancarlo Princess 815
Gianni Jackeline 729
Gideon Michele 891
Gilbert Chyna 527
Gilberto Skye 480
Gino Joelle 902
Giovani Melisa 999
Giovanni Cameron 201
Giovanny Yvonne 829
Glen Quinn 769
Glenn Savanah 590
Gonzalo Marley 695
Gordon Madilyn 641
Grady Amani 746
Graham Tia 406
Grant Erika 123
Grayson Shayla 313
Gregory Angelica 138
Greyson Lilian 706
Griffin Alison 231
Guadalupe Laney 703
Guillermo Allie 392
Gunnar Tina 574
Gunner Abigayle 715
Gustavo Ruby 260
Guy Jesse 811
Hamza Elissa 794
Harley Annika 446
Harold Cristal 535
Harrison Ariel 184
Harry Marlene 513
Hassan Hayden 685
Hayden Arianna 128
Heath Shirley 851
Hector Naomi 185
Henry Heather 126
Herbert Ashtyn 964
Heriberto Bryana 912
Hernan Annamarie 974
Holden Madisyn 453
Houston Yolanda 777
Howard Jazlyn 664
Hudson Reyna 587
Hugh Arely 906
Hugo Jessie 400
Humberto Frances 575
Hunter Hailey 35
Ian Christina 73
Ibrahim Jaida 692
Ignacio Micah 642
Infant Jaquelin 770
Irvin Helena 662
Irving Teagan 838
Isaac Sierra 53
Isaak Rayna 996
Isai Jana 938
Isaiah Mary 47
Isaias Carina 566
Isiah Monique 342
Isidro Destany 947
Ismael Heaven 340
Israel Gracie 244
Issac Tania 457
Ivan Michaela 153
Izaiah Camila 659
Jabari Baby 847
Jace Brenna 310
Jack Amber 46
Jackie Liana 808
Jackson Kaylee 72
Jacob Emily 1
Jacoby Cortney 824
Jaden Karen 154
Jadon Julianne 515
Jaeden Gia 948
Jaiden Aleah 603
Jaime Cindy 262
Jairo Bria 661
Jake Leah 96
Jakob Rebekah 173
Jaleel Sky 1000
Jalen Diana 106
Jalon Odalys 956
Jamal Virginia 366
Jamar Judith 617
Jamarcus Yasmeen 977
Jamari Janice 743
Jamel Lyric 799
James Megan 18
Jameson Anita 736
Jamie Nora 501
Jamil Kristy 834
Jamir Aria 957
Jamison Carlee 629
Jan Ryleigh 835
Jaquan Felicity 445
Jared Madeline 56
Jaren Janessa 686
Jarod Theresa 416
Jaron Simone 583
Jarred Madyson 472
Jarrett Rose 299
Jarrod Tierra 534
Jarvis Shyann 765
Jason Rebecca 39
Jasper Kailyn 592
Javier Jamie 155
Javion Keira 949
Javon Lacey 371
Javonte Dayna 965
Jaxon Paulina 477
Jaxson Kiarra 839
Jay Denise 328
Jayce Ally 604
Jayden Selena 194
Jaydon Diane 713
Jaylan Daphne 632
Jaylen Lauryn 224
Jaylin Fiona 460
Jaylon Mckayla 430
Jayson Cheyanne 370
Jean Kianna 628
Jeff Emmalee 929
Jefferson Candice 716
Jeffery Emilee 333
Jeffrey Kylie 104
Jeremiah Lindsey 103
Jeremy Jada 84
Jermaine Kiera 444
Jerome Jayden 495
Jerry Sidney 264
Jesse Leslie 90
Jessie Taryn 447
Jesus Mariah 76
Jett Laila 643
Jevon Karli 635
Jimmie Roxanne 950
Jimmy Vivian 272
Joan Dawn 913
Joaquin Destiney 563
Joe Alaina 315
Joel Miranda 112
Joey Aurora 488
Johan Kaia 903
John Abigail 14
Johnathan Angelina 157
Johnathon Tiara 377
Johnnie Fabiola 951
Johnny Elena 234
Jon Clara 354
Jonah Kara 192
Jonas Aileen 526
Jonathan Rachel 21
Jonathon Jazmin 226
Jordan Alexandra 36
Jorden Mattie 781
Jordon Regan 467
Jordy Christiana 802
Jorge Amy 107
Jose Natalie 34
Josef Selina 812
Joseph Jessica 8
Josh Jolie 821
Joshua Ashley 4
Josiah Desiree 181
Josue Yesenia 248
Jovan Stacey 682
Jovani Katia 873
Jovany Jill 986
Juan Danielle 48
Judah Cali 816
Jude Brianne 679
Julian Alexa 87
Julien Ericka 636
Julio Nadia 256
Julius Emilie 483
Junior Moriah 674
Justice Brandi 388
Justin Grace 19
Justus Estrella 693
Justyn Ingrid 856
Kade Yasmine 418
Kaden Bridget 273
Kadin Jaycee 852
Kai Carla 404
Kaiden Ryann 840
Kale Katlynn 987
Kaleb Daisy 141
Kameron Tessa 266
Kamren Kori 973
Kamron Lizeth 677
Kane Itzel 594
Kareem Sienna 619
Karl Edith 564
Karson Aylin 725
Kasey Willow 760
Kavon Saige 939
Kayden Noelia 782
Keagan Savana 730
Keanu Hailie 771
Keaton Ashton 353
Keegan Cecilia 283
Keenan Shyanne 532
Keith Valeria 222
Kellen Katharine 668
Kelly Allyssa 803
Kelton Keara 857
Kelvin Lesly 389
Kendall Jacquelyn 359
Kendrick Pamela 456
Kennedy Kaci 952
Kenneth Mia 94
Kenny Lilly 431
Kent Haven 772
Kenyon Kallie 773
Keon Blanca 644
Keshaun Ali 925
Keshawn Lexie 554
Keven Citlalli 809
Kevin Amanda 32
Kevon Cara 393
Keyon Kaya 757
Keyshawn Elisa 519
Khalid Christa 783
Khalil Francesca 405
Kian Aja 940
Kieran Athena 528
Kirk Lara 848
Kobe Joanna 238
Koby Luz 533
Kody Tiana 349
Kolby Breana 542
Kole Kenzie 687
Kolton Desirae 612
Korbin Katy 961
Korey Caitlynn 822
Kory Jaime 737
Kristian Alice 421
Kristofer Karley 830
Kristopher Eva 294
Kurt Karlee 610
Kurtis Jacey 721
Kylan Iyana 990
Kyle Savannah 37
Kyler Annie 306
Ladarius Maryam 921
Lamar Haylie 639
Lamont Maeve 775
Lance Carolina 267
Landen Valentina 714
Landon Claudia 200
Lane Lisa 296
Larry Natasha 280
Latrell Jalyn 688
Lawrence Lucy 323
Lawson Delia 959
Layne Cecelia 778
Lee Janelle 471
Leo Elisabeth 390
Leon Carrie 503
Leonard Kenya 508
Leonardo Elise 253
Leonel Leilani 523
Leroy Alena 722
Levi Brenda 172
Lewis Tanya 573
Liam Chelsea 140
Lincoln Chandler 711
Lionel Adrian 997
Lloyd Bonnie 922
Logan Stephanie 40
London Mireya 895
Lonnie Darlene 825
Lorenzo Ashlee 314
Louis Alissa 279
Luca Calista 626
Lucas Briana 83
Luciano Yazmin 879
Luis Gabrielle 49
Lukas Gisselle 367
Luke Courtney 59
Mackenzie Karly 697
Malachi Heidi 351
Malcolm Kaitlynn 368
Malik Avery 176
Manuel Karina 159
Marc Patricia 228
Marcel Maura 750
Marcelo Isabela 849
Marco Alondra 182
Marcos Juliana 241
Marcus Cheyenne 99
Mariano Martina 920
Mario Monica 167
Mark Angela 79
Markus Emilia 624
Marlon Sonia 506
Marques Aracely 914
Marquez Jeanette 787
Marquis Susan 422
Marquise Kaylyn 588
Marshall Ruth 344
Martin Mya 175
Marvin Raquel 341
Mason Jenna 64
Mateo Lesley 429
Mathew Skyler 250
Matteo Paloma 896
Matthew Madison 3
Maurice Helen 345
Mauricio Janet 413
Maverick Lori 865
Max Cynthia 164
Maxim Lourdes 962
Maximilian Viviana 391
Maximillian Brielle 702
Maximus Silvia 853
Maxwell Maya 113
Mekhi Daisha 933
Melvin Charity 459
Micah Jordyn 186
Michael Hannah 2
Micheal Kailey 302
Miguel Claire 86
Mike Robin 599
Mikel Reina 850
Miles Sandra 257
Milton Madisen 652
Misael Meaghan 689
Mitchel Lila 751
Mitchell Crystal 132
Mohamed Justine 473
Mohammad Angelique 466
Mohammed Kaley 520
Moises Addison 322
Morgan Mariana 332
Moses Alyson 461
Moshe Donna 660
Muhammad Celia 620
Myles Rylee 290
Myron Jazmyne 923
Nash Alex 918
Nasir Sarai 560
Nathan Kaitlyn 30
Nathanael Krista 408
Nathanial Kyleigh 584
Nathaniel Brittany 61
Nathen Ayla 874
Neal Sonya 892
Nehemiah Melinda 698
Neil Alanna 496
Nelson Tamara 417
Nestor Stephany 727
Nicholas Alexis 6
Nick Celina 767
Nicklaus Kaylan 988
Nickolas Miriam 281
Nico Yamilet 841
Nicolas Britney 137
Nigel Christian 576
Nikhil Maranda 866
Nikolas Linda 357
Noah Jasmine 27
Noe Lucia 490
Noel Layla 407
Nolan Ava 180
Norman Lexus 671
Octavio Mariam 683
Oliver Imani 305
Omar Hope 146
Omari Shaniya 924
Orion Maritza 553
Orlando Alisha 401
Oscar Jocelyn 122
Osvaldo Sydnee 540
Owen Summer 145
Pablo Anne 298
Paris Elyse 817
Parker Adriana 127
Patrick Bailey 68
Paul Cassandra 100
Paxton Scarlett 941
Payton Natalia 219
Pedro Savanna 210
Perry Robyn 684
Peter Madelyn 125
Peyton Camryn 183
Philip Kirsten 255
Phillip Maggie 198
Phoenix Bridgette 875
Pierce Malia 498
Pierre Alycia 926
Porter Drew 804
Preston Kristen 142
Prince Stefanie 887
Quentin Clarissa 325
Quincy Genevieve 507
Quinn Dana 311
Quinten Aisha 691
Quintin Aspen 570
Quinton Mikaela 379
Rafael Cierra 230
Raheem Hadley 919
Rahul Berenice 818
Ralph Anya 586
Ramiro Deborah 497
Ramon Tabitha 319
Randall Halle 442
Randy Madeleine 278
Raphael Raegan 621
Rashad Katarina 646
Rashawn Alexys 842
Rasheed Annabel 942
Raul Aubrey 223
Raven Aryanna 898
Ray Brooklynn 516
Raymond Diamond 162
Raymundo Brook 813
Reagan Kinsey 876
Reece Kasey 386
Reed Kiley 450
Reese Tatum 419
Reginald Haleigh 372
Reid Kelsie 439
Reilly Sarina 826
Remington Reilly 792
Rene Ashlynn 387
Reuben Rachelle 805
Rey Leann 981
Reynaldo Kayli 758
Rhett Salma 675
Ricardo Meghan 134
Richard Caroline 65
Rick Jakayla 930
Rickey Nadine 888
Ricky Dakota 295
Rigoberto Kourtney 680
Riley Ariana 109
River Micaela 611
Robert Julia 29
Roberto Kendra 187
Rocky Trisha 908
Roderick Brynn 614
Rodney Teresa 343
Rodolfo Yasmin 423
Rodrigo Hailee 384
Rogelio Brisa 481
Roger Marie 373
Rohan Katelin 618
Roland Sheila 690
Rolando Perla 518
Roman Callie 321
Romeo Jewel 607
Ronald Karla 203
Ronaldo Reese 886
Ronnie Cora 482
Rory Thalia 630
Ross Serenity 433
Rowan Neha 969
Roy Hunter 402
Royce Asha 884
Ruben Amelia 207
Rudy Lena 557
Russell Paola 320
Ryan Kayla 13
Ryder Marianna 795
Rylan Fernanda 567
Ryley Norma 904
Sabastian Lilliana 934
Sage Melina 543
Salvador Esther 330
Salvatore Shayna 582
Sam Kaila 462
Samir Myah 831
Sammy Ansley 761
Samson Magdalena 899
Samuel Haley 28
Santiago Ellie 360
Santos Bella 748
Saul Reagan 286
Savion Chanel 819
Sawyer Joy 458
Scott Kaitlin 158
Seamus Dasia 827
Sean Sara 57
Sebastian Catherine 81
Sergio Lindsay 179
Seth Jacqueline 63
Shamar Tess 549
Shane Jade 116
Shannon Shea 723
Shaun Meagan 355
Shawn Skylar 135
Shayne Aniyah 724
Shea Myra 935
Sheldon Juliet 623
Shemar Alessandra 672
Sidney Leila 595
Silas Dulce 600
Simeon Deasia 909
Simon Tori 263
Sincere Dianna 846
Skylar Gina 356
Skyler Katelynn 229
Solomon Annabelle 463
Sonny Darian 869
Spencer Gabriella 98
Stanley Sylvia 505
Stefan Nathalie 571
Stephan Aliya 718
Stephen Molly 95
Stephon Carol 726
Sterling Amya 568
Steve Marisol 394
Steven Katelyn 54
Stone Casandra 719
Stuart Jazmyn 665
Syed Kelsi 754
Talon Rosalinda 701
Tanner Isabel 93
Tariq Maribel 648
Tate Precious 437
Taylor Ana 136
Terence Arlene 797
Terrance Noelle 403
Terrell Zoey 409
Terrence Tianna 486
Terry Bryanna 331
Tevin Aiyana 800
Thaddeus Lia 762
Theodore Kassidy 312
Thomas Katherine 33
Timothy Kimberly 58
Titus Kacie 633
Tobias Nicolette 589
Toby Eve 538
Todd Alayna 426
Tomas Sasha 476
Tommy Nia 307
Tony Ciara 282
Trace Justice 547
Travis Audrey 115
Travon Joyce 669
Tre Eileen 627
Trent Macy 232
Trenton Ashlyn 178
Trever Adeline 806
Trevion Elsa 910
Trevon Renee 362
Trevor Caitlin 75
Trey Adrianna 215
Treyvon Keeley 991
Tristan Cassidy 105
Tristen Josie 327
Tristian Alia 731
Tristin Barbara 521
Triston Kiersten 443
Troy Kate 225
Trystan Misty 907
Tucker Josephine 288
Turner Anaya 900
Ty Haylee 259
Tyler Elizabeth 10
Tylor Candace 601
Tyree Ann 493
Tyreek Brionna 915
Tyrek Caleigh 880
Tyrell Chasity 492
Tyrese Destinee 326
Tyrique Abagail 953
Tyrone Carissa 411
Tyshawn Chantel 885
Tyson Deja 335
Ulises Isis 555
Ulysses Rocio 776
Uriel Mayra 478
Valentin Daija 958
Vaughn Joana 916
Vernon Kacey 843
Vicente Sydni 559
Victor Katie 97
Vincent Jillian 120
Vincenzo Kenia 992
Wade Paris 474
Walker Bailee 428
Walter Carolyn 308
Warren Phoebe 440
Wayne Piper 509
Wesley Hanna 171
Weston Melody 398
Will Marilyn 510
William Lauren 11
Willie Carley 410
Wilson Devin 525
Winston Lizette 707
Wyatt Kelly 111
Xander Dejah 927
Xavier Erica 102
Xzavier Kaela 872
Zachariah Eleanor 374
Zachary Brianna 15
Zachery Makenna 277
Zackary Julianna 249
Zackery Julissa 369
Zaire Izabella 798
Zakary Gwendolyn 732
Zander Kenna 993
Zane Sadie 246
Zechariah Karlie 670
Zion Liliana 300
