2002
Aaron Allison 44
Abdullah Yazmin 752
Abel Jenny 354
Abraham Charlotte 204
Abram Christiana 846
Adam Madeline 55
Adan Alice 444
Addison Felicity 550
Aden Cora 466
Aditya Giana 865
Adolfo Aimee 566
Adonis Jaylynn 867
Adrian Autumn 73
Adriel Myra 916
Adrien Celina 828
Agustin Annette 598
Ahmad Ivy 404
Ahmed Lorena 508
Aidan Zoe 60
Aiden Sabrina 135
Alan Karen 150
Albert Rachael 298
Alberto Lucy 262
Alden Jakayla 902
Aldo Alisha 408
Alec Carly 206
Alejandro Jocelyn 92
Alessandro Brielle 711
Alex Sierra 62
Alexander Grace 15
Alexandro Penelope 715
Alexis Kylee 161
Alexzander Nicolette 758
Alfonso Kierra 494
Alfred Cayla 656
Alfredo Christine 303
Ali Nia 320
Alijah Montana 684
Allan Joy 478
Allen Fatima 246
Alonso Hana 621
Alonzo Raegan 523
Alton Johana 994
Alvaro Arielle 578
Alvin Reese 463
Amari Ayanna 472
Amarion Yvette 718
Amir Dominique 360
Anderson Karlee 663
Andre Jazmin 209
Andres Ashlyn 158
Andrew Ashley 6
Andy Ruby 208
Angel Makayla 49
Angelo Kirsten 278
Anthony Alyssa 12
Antoine Cristal 626
Anton Nichole 650
Antonio Isabel 85
Antony Kaliyah 780
Antwan Journey 935
Ari Annabella 712
Ariel Theresa 513
Arjun Citlali 960
Armando Nina 243
Armani Christian 773
Arnold Jana 896
Aron Nya 643
Arthur Marisa 327
Arturo Bridget 288
Aryan Carli 871
Asa Harmony 670
Asher Anya 485
Ashton Ellie 200
Aubrey Keira 941
August Sienna 664
Augustus London 840
Austen Ericka 822
Austin Jasmine 26
Austyn Lola 754
Avery Guadalupe 245
Axel Halle 313
Ayden Heidi 322
Baby Greta 755
Bailey Sidney 325
Barrett Akira 920
Barry Princess 859
Beau Charity 506
Ben Colleen 547
Benjamin Sophia 27
Bennett Alyson 445
Benny Beatriz 866
Bernard Susana 756
Bernardo Kaylah 847
Bilal Deasia 954
Billy Martha 424
Blaine Kaleigh 434
Blaise Taniya 801
Blake Riley 76
Blaze Dasia 794
Bo Magdalena 984
Bobby Kiley 400
Brad Katelin 748
Braden Bianca 168
Bradley Sophie 149
Brady Miranda 147
Bradyn Alysha 963
Braeden Eliza 361
Braedon Cali 819
Braiden Marianna 749
Branden Laila 370
Brandon Anna 20
Braxton Annabelle 330
Brayan Madalyn 356
Brayden Daisy 138
Braydon Irene 516
Brendan Jillian 124
Brenden Liliana 259
Brendon Noelle 401
Brennan Ashleigh 274
Brennen Haylie 583
Brent Paulina 363
Brenton Emmalee 833
Bret Patience 868
Brett Makenzie 198
Brian Mary 51
Brice Ximena 605
Brock Josephine 264
Brodie Chaya 701
Brody Patricia 279
Brooks Sydni 737
Bruce Taryn 467
Bruno Shaylee 781
Bryan Aaliyah 64
Bryant Natasha 304
Bryce Christina 97
Brycen Margarita 734
Bryson Jazmine 229
Byron Tamia 486
Cade Diamond 207
Caden Gracie 153
Cael Makena 774
Caiden Leanna 679
Cale Gia 743
Caleb Haley 35
Calvin Macy 221
Camden Priscilla 285
Cameron Savannah 39
Camren Alena 730
Camron Deanna 349
Carl Whitney 350
Carlo Ireland 964
Carlos Amber 65
Carlton Sade 912
Carson Alexandria 105
Carter Molly 107
Casey Makenna 241
Cason Katy 936
Cayden Teresa 376
Cedric Janelle 482
Cesar Alondra 162
Chad Alaina 309
Chaim Sarina 888
Chance Nancy 233
Chandler Elise 238
Charles Michelle 58
Charlie Katlyn 417
Chase Ava 82
Chaz Kenna 811
Chris Iris 382
Christian Rachel 24
Christopher Sarah 8
Clarence Tayler 691
Clark Rocio 805
Clay Madisyn 418
Clayton Chelsea 178
Clifford Jaidyn 841
Clifton Dianna 968
Clinton Katarina 727
Coby Stella 500
Cody Danielle 71
Colby Mikayla 125
Cole Alexa 69
Coleman Aspen 556
Colin Gabriela 116
Collin Caitlyn 148
Colt Keyla 856
Colten Hunter 561
Colton Alexia 128
Conner Kendall 196
Connor Jenna 47
Conor Gillian 388
Conrad Lyric 744
Cooper Aubrey 195
Corbin Madeleine 292
Cordell Tristan 869
Corey Delaney 181
Cornelius Roxana 862
Cortez Jaylyn 969
Cory Sandra 275
Craig Georgia 379
Cristian Mya 145
Cristobal Sheridan 985
Cristopher Haven 633
Cruz Karli 640
Cullen Lila 618
Curtis Carolina 291
Cyrus Abbey 470
Dakota Kathryn 108
Dale Ryleigh 495
Dallas Rosa 341
Dallin Kasandra 739
Dalton Diana 117
Damian Gianna 163
Damien Sadie 212
Damion Amari 432
Damon Serenity 290
Dandre Destiney 719
Dane Emilie 458
Dangelo Nikki 740
Daniel Olivia 10
Danny Kassandra 270
Dante Mariana 257
Daquan Eileen 667
Darian Cara 480
Darien Hayden 610
Darin Destini 782
Dario Essence 845
Darion Ciera 713
Darius Raven 237
Darnell Giovanna 692
Darrell Simone 546
Darren Esther 302
Darrin Yvonne 937
Darrion Mandy 942
Darrius Kacie 786
Darryl Valentina 603
Darwin Maegan 903
Daryl Jayde 898
Dashawn Esperanza 606
David Lauren 13
Davin Lara 634
Davion Aurora 435
Davis Raquel 391
Davon Juliette 592
Dawson Kate 193
Dayton Maddison 499
Dean Julissa 372
Deandre Eden 365
Deangelo Christy 820
Declan Kyleigh 439
Demarcus Joyce 703
Demetrius Deja 422
Dennis Katrina 280
Denzel Shayna 708
Deon Kathy 693
Deonte Jaylin 790
Derek Amelia 139
Derick Corinne 657
Derrick Savanna 235
Deshaun Makaila 851
Deshawn Lesley 563
Desmond Sage 425
Destin Alysa 808
Devan Pamela 515
Devante Jaquelin 973
Deven Sharon 512
Devin Shelby 74
Devon Hope 160
Devonte Marley 630
Devyn Lea 665
Dexter Jaliyah 816
Diego Evelyn 98
Dillan Estefania 697
Dillon Rylee 201
Dimitri Kaylynn 787
Dion Kenia 829
Domenic Anita 863
Dominic Angela 83
Dominick Claudia 224
Dominik Justine 577
Dominique Gwendolyn 576
Don Caitlynn 999
Donald Cierra 252
Donavan Ansley 677
Donovan Alejandra 191
Dontae Marcella 965
Donte Kaylyn 600
Dorian Carissa 420
Douglas Carmen 305
Drake Asia 266
Draven Myah 720
Drew Giselle 217
Duane Sydnie 913
Duncan Araceli 487
Dustin Maggie 189
Dwayne Tess 614
Dwight Aja 971
Dylan Sydney 23
Dylon Reanna 907
Ean Juana 995
Earl Miah 834
Easton Aileen 540
Eddie Angie 384
Eddy Riya 955
Edgar Karla 175
Eduardo Lizbeth 133
Edward Madelyn 120
Edwin Bethany 179
Efrain Ally 581
Efren Kallie 886
Eli Valeria 197
Elian Aliza 817
Elias Julie 218
Eliezer Estefani 986
Elijah Stephanie 41
Eliseo Ryann 943
Elisha Savanah 601
Elliot Jaqueline 436
Elliott Kelsie 534
Ellis Samira 908
Elmer Reilly 775
Elvis Jaida 627
Emanuel Tessa 294
Emerson Devin 770
Emiliano Jacquelyn 459
Emilio Ruth 338
Emmanuel Shannon 184
Emmett Arely 698
Enrique Camryn 250
Eric Brooke 52
Erick Payton 182
Erik Kiara 156
Ernest Zoie 590
Ernesto Dakota 323
Esteban Dana 337
Estevan Catalina 795
Ethan Alexis 5
Ethen Alexys 909
Eugene Jimena 548
Evan Andrea 56
Everett Kailyn 589
Ezekiel Fiona 347
Ezequiel Deborah 560
Ezra Itzel 441
Fabian Yesenia 271
Felipe Nyla 452
Felix Krystal 395
Fernando Heather 159
Fidel Madalynn 899
Finn Jacey 802
Fletcher Emerald 1000
Forrest Moriah 852
Francis Angelique 497
Francisco Tiffany 141
Frank Nadia 216
Frankie Alize 745
Franklin Lacey 471
Fred Shirley 878
Freddie Abril 979
Freddy Keely 641
Frederick Cheyanne 428
Fredrick Robyn 830
Gabriel Hailey 32
Gael Shyann 721
Gage Skylar 140
Gaige Graciela 928
Gannon Karley 956
Garett Brionna 980
Garret Tanya 570
Garrett Leslie 91
Garrison Sydnee 660
Gary Miriam 284
Gaven Maci 728
Gavin Kylie 61
Gavyn Rianna 860
Geoffrey Kayley 733
George Cassidy 131
Gerald Skye 446
Gerardo Allyson 234
German Salma 759
Giancarlo Dayana 764
Gianni Maeve 710
Gideon Maura 784
Gilbert Nathalie 591
Gilberto Miracle 522
Gino Joelle 917
Giovani Keeley 987
Giovanni Michaela 202
Giovanny Jalynn 914
Glen Kya 892
Glenn Jolie 617
Gonzalo Aleah 729
Gordon Amani 674
Grady Elle 613
Graham America 410
Grant Cheyenne 127
Grayson Celeste 308
Gregory Naomi 169
Greyson Karlie 704
Griffin Genesis 228
Guadalupe Liana 771
Guillermo Lesly 405
Gunnar Eve 557
Gunner Rosemary 636
Gustavo Anastasia 265
Guy Kalyn 929
Haden Rachelle 918
Hamza Sandy 760
Harley Alina 433
Harold Lilian 586
Harrison Reagan 199
Harry Ann 521
Hassan Parker 765
Hayden Lillian 96
Heath Stephany 672
Hector Hanna 194
Henry Ashanti 115
Herbert Yolanda 974
Heriberto Belen 803
Holden Aniyah 412
Houston Alexandrea 879
Howard Taliyah 687
Hudson Kiera 481
Hugh Brianne 864
Hugo Virginia 369
Humberto Luz 593
Hunter Alexandra 38
Ian Caroline 67
Ibrahim Kenzie 658
Ignacio Alessandra 638
Immanuel Maryam 988
Irvin Carlee 645
Irving Jailyn 880
Isaac Faith 48
Isaak Lizette 804
Isai Sheila 726
Isaiah Jordan 45
Isaias Kali 551
Isiah Kristin 358
Ismael Kassidy 339
Israel Katelynn 251
Issac Gina 414
Ivan Kennedy 136
Izaiah Isis 564
Jabari Estrella 702
Jace Josie 281
Jack Mia 43
Jackson Paige 50
Jacob Emily 1
Jacoby Elyse 766
Jaden Leah 87
Jadon Jane 416
Jadyn Dorothy 872
Jaeden Lia 714
Jagger Celia 651
Jaheem Ashtyn 889
Jaheim Meredith 357
Jahiem Aliya 741
Jaiden Kaylie 375
Jaime Cindy 258
Jair Lisbeth 623
Jairo Jazlyn 622
Jake Briana 102
Jakob Aliyah 203
Jakobe Robin 848
Jalen Angelica 146
Jamal Elisabeth 364
Jamar Nyah 615
Jamari Madilyn 567
Jamel Lilliana 788
James Taylor 18
Jameson Frances 620
Jamie Elaina 528
Jamil Anjali 938
Jamir Janie 945
Jamison Yadira 644
Jan Marlee 915
Jaquan Abbigail 484
Jaquez Estefany 957
Jared Bailey 84
Jaren Kellie 776
Jarod Kenya 553
Jaron Reyna 585
Jarred Ayana 682
Jarrett Tiana 377
Jarrod Maribel 732
Jarvis Kiya 961
Jase Chana 966
Jason Mackenzie 42
Jasper Liberty 483
Javen Yuliana 900
Javier Valerie 157
Javion Amara 791
Javon Baylee 406
Jaxon Paola 310
Jaxson Shyanne 580
Jay Callie 335
Jayce Joselyn 541
Jayden Catherine 101
Jaydon Lucia 525
Jaylan Desirae 699
Jaylen Ariel 215
Jaylin Jayda 389
Jaylon Kaitlynn 399
Jayson Emilee 332
Jean Kianna 694
Jeff Aubrie 981
Jefferson Kennedi 705
Jeffery Lisa 362
Jeffrey Avery 132
Jeremiah Jade 86
Jeremy Claire 95
Jermaine Piper 448
Jerome Destinee 489
Jerry Tatiana 287
Jesse Maya 90
Jessie Marisol 398
Jesus Gabrielle 66
Jett Juliet 602
Jevon Amina 946
Jimmy Camille 267
Joan Calista 777
Joaquin Elisa 496
Joe Bryanna 312
Joel Caitlin 123
Joey Anika 509
Johan Larissa 510
John Brianna 17
Johnathan Brittany 170
Johnathon Perla 415
Johnny Britney 236
Jon Carolyn 366
Jonah Erika 166
Jonas Tia 438
Jonathan Victoria 21
Jonathon Cecilia 269
Jordan Nicole 37
Jorden Karly 792
Jordon Lexie 555
Jordy Jamya 809
Jorge Amy 109
Jose Natalie 30
Josef Alia 853
Joseph Abigail 7
Josh Laurel 673
Joshua Hannah 3
Josiah Crystal 154
Josue Addison 220
Jovan Anissa 778
Jovani Iliana 796
Jovanni Yareli 992
Jovany Allyssa 962
Juan Rebecca 54
Judah Janessa 647
Jude Jaclyn 529
Julian Jada 78
Julien Thalia 607
Julio Cameron 256
Julius Lexi 403
Junior Alisa 631
Justice Daniella 334
Justin Megan 22
Justus Leticia 646
Justyn Jaycee 824
Kade Talia 367
Kaden Natalia 173
Kadin Paula 619
Kai Heaven 276
Kaiden Bailee 526
Kale Maliyah 904
Kaleb Sofia 112
Kameron Kathleen 260
Kamron Lillie 653
Kane Elaine 639
Kareem Teagan 624
Karl Tatyana 609
Karson Ebony 678
Kasey Aylin 939
Kayden Mayra 502
Keagan Casandra 723
Keanu Scarlett 806
Keaton Tabitha 390
Keegan Mallory 253
Keenan Zaria 587
Keith Haylee 248
Kellen Kelli 681
Kelly Maleah 884
Kelton Amira 761
Kelvin Regan 396
Kendall Yasmine 461
Kendrick Kasey 491
Kennedy Vanesa 849
Kenneth Breanna 104
Kenny Gisselle 449
Kent Miya 949
Kenyon Jenifer 706
Keon Laney 625
Keshawn Micah 642
Keven Jasmyn 837
Kevin Julia 33
Kevon Ingrid 722
Keyon Tierra 716
Keyshawn Donna 675
Khalid Celine 779
Khalil Precious 423
Kian Christa 857
Kieran Melina 554
Kirk Alex 975
Kobe Serena 244
Koby Felicia 579
Kody Tatum 392
Kolby Aniya 385
Kole Violet 611
Kolton Chasity 568
Korbin Aryanna 815
Korey Shaniya 736
Kory Alycia 972
Kristian Janet 457
Kristofer Lina 982
Kristopher Logan 329
Kurt Tina 669
Kurtis Savana 838
Kylan Joana 873
Kyle Maria 40
Kyler Kira 277
Kyree Iyanna 958
Lamar Annalise 731
Lamont Priscila 881
Lance Wendy 261
Landen Kaylin 477
Landon Adriana 142
Lane Melody 299
Larry Clara 306
Latrell Abagail 882
Lawrence Kamryn 345
Lawson Berenice 842
Layne Jazmyn 689
Layton Sky 893
Lee Sarai 517
Leo Helen 340
Leon Alanna 492
Leonard Carlie 562
Leonardo Alison 230
Leonel Marilyn 542
Leroy Gretchen 812
Levi Karina 167
Lewis Noemi 594
Liam Daniela 113
Lincoln Mara 608
Lisandro Armani 901
Lloyd Jeanette 991
Logan Morgan 29
London Sally 874
Lonnie Sonya 906
Lorenzo Kiana 297
Louis Skyler 272
Luc Paloma 930
Luca Tyler 524
Lucas Angelina 75
Luciano Isabell 921
Luis Kaylee 57
Lukas Brittney 317
Luke Amanda 46
Malachi Jayla 210
Malakai Shawna 897
Malcolm Malia 426
Malik Rebekah 211
Manuel Jamie 164
Marc Amaya 282
Marcel Carol 854
Marcelo Hadley 875
Marco Kyla 187
Marcos Selena 247
Marcus Laura 106
Mariano Kristine 996
Mario Juliana 171
Mark Ariana 93
Markus Carina 654
Marlon Kailee 511
Marquez Meaghan 922
Marquis Litzy 501
Marquise Halie 661
Marshall Sasha 368
Martin Hayley 192
Marvin Annika 346
Mason Katelyn 53
Mateo Hallie 355
Mathew Kristina 273
Matteo Ayla 793
Matthew Emma 4
Maurice Ashton 378
Mauricio Ashlee 353
Maverick Carson 799
Max Abby 165
Maxim Cadence 959
Maximilian Anne 326
Maximillian Delilah 709
Maximo Taya 931
Maximus Shayla 314
Maxwell Margaret 129
Mekhi Alma 544
Melvin Alexus 316
Micah Meghan 174
Michael Madison 2
Micheal Ashlynn 348
Miguel Courtney 88
Mike Tianna 597
Mikel Jaylene 947
Miles Eva 239
Milo Fabiola 807
Milton Presley 695
Misael Brisa 696
Mitchel Norma 923
Mitchell Cynthia 176
Mohamed Athena 503
Mohammad Sonia 531
Mohammed Edith 571
Moises Ciara 336
Morgan Hailee 373
Moses Krista 473
Moshe Amya 632
Muhammad Mollie 659
Mustafa Baby 944
Myles Alissa 301
Nash Sarahi 876
Nasir Marie 429
Nathan Jennifer 28
Nathanael Mckayla 455
Nathanial Isabela 635
Nathaniel Kimberly 63
Nathen Jaime 855
Neal Dania 950
Nehemiah Kaiya 652
Neil Macey 574
Nelson Izabella 413
Nestor Kourtney 850
Nicholas Samantha 9
Nick Devon 831
Nickolas Imani 318
Nico Blanca 717
Nicolas Lydia 137
Nigel Anaya 666
Nikhil Dylan 890
Niko Jackeline 993
Nikolas Anahi 359
Noah Kaitlyn 31
Noe Paris 464
Noel Leila 450
Nolan Veronica 172
Norman Katharine 810
Octavio Lizeth 690
Oliver Zoey 268
Omar Summer 151
Omari Aubree 707
Omarion Rhiannon 535
Orion Kaia 584
Orlando Tamara 374
Osbaldo Kari 976
Oscar Alicia 121
Osvaldo Renee 419
Oswaldo Shreya 885
Owen Melanie 94
Pablo Tara 295
Parker Cassandra 126
Patrick Lily 79
Paul Kelsey 118
Paxton Madisen 843
Payton Lindsay 255
Pedro Alana 225
Perry Arlene 762
Peter Ana 134
Peyton Esmeralda 205
Philip Nayeli 263
Phillip Kyra 226
Phoenix Breana 616
Pierce Janae 520
Pierre Mina 948
Porter Melany 685
Pranav Dalia 894
Preston Jordyn 155
Prince Loren 983
Quentin Yasmin 352
Quincy Alivia 430
Quinn India 311
Quinten Micaela 750
Quintin Regina 628
Quinton Tania 411
Rafael Elena 232
Rahul Breonna 940
Ralph Aisha 629
Ramiro Kaley 505
Ramon Eleanor 319
Randall Tiara 514
Randy Mercedes 293
Raphael Tyra 680
Rashad Janiya 596
Raul Joanna 240
Raven Amiya 997
Ray Brynn 582
Raymond Mckenna 177
Raymundo Devyn 910
Reagan Mattie 772
Reece Jadyn 351
Reed Dulce 493
Reese Carla 386
Reginald Bella 427
Reid Viviana 447
Reilly Elsa 821
Remington Noelia 883
Rene Haleigh 421
Reuben Joslyn 797
Rey Rita 924
Reynaldo Mariam 671
Rhett Lana 668
Ricardo Mckenzie 143
Richard Gabriella 77
Rickey Galilea 932
Ricky Harley 344
Rigoberto Adeline 688
Riley Marissa 99
River Skyla 612
Robert Destiny 34
Roberto Peyton 188
Rocco Evelin 763
Roderick Antonia 637
Rodney Allie 371
Rodolfo Willow 504
Rodrigo Emely 393
Rogelio Kiersten 479
Roger Linda 387
Rohan Sylvia 518
Roland Aria 735
Rolando Shakira 536
Roman Tori 286
Romeo Daphne 569
Ronald Kendra 227
Ronaldo Hazel 767
Ronan Jalyn 823
Ronnie Kaila 552
Rory Bria 700
Ross Ryan 530
Rowan Ashly 818
Roy Rylie 440
Ruben Kaitlin 219
Rudy Maritza 565
Russell Brenna 328
Ryan Jessica 16
Ryder Damaris 724
Rylan Susan 475
Rylee Kaela 933
Ryley Chandler 989
Sabastian Darby 951
Sage Julianne 575
Salvador Cristina 343
Salvatore Clare 595
Sam Madyson 443
Samir Abigale 839
Sammy Emerson 832
Samson Lyndsey 891
Samuel Chloe 25
Santiago Denise 321
Santino Saige 905
Santos Quinn 725
Saul Layla 289
Savion Hailie 572
Sawyer Brandy 498
Scott Julianna 185
Seamus Shea 800
Sean Sara 59
Sebastian Melissa 80
Semaj Iyana 751
Sergio Kristen 186
Seth Erin 72
Shamar Kaelyn 649
Shane Mariah 130
Shannon Cecelia 742
Shaun Justice 402
Shawn Brooklyn 152
Shayne Mireya 861
Shea Kayli 783
Sheldon Monserrat 686
Shemar Jena 970
Sidney Mariela 676
Silas Jessie 431
Simon Jaden 242
Sincere Lexus 768
Skylar Marina 383
Skyler Kara 223
Solomon Karissa 460
Sonny Rayna 813
Spencer Angel 110
Stanley Mikaela 490
Stefan Stacy 662
Stephan Frida 757
Stephen Arianna 114
Stephon Kelsi 911
Sterling Judith 588
Steve Camila 454
Steven Vanessa 68
Stone Diane 827
Stuart Selina 870
Sullivan Jazmyne 990
Syed Luisa 952
Talon Toni 648
Tanner Isabelle 111
Tariq Candace 738
Tate Fernanda 456
Tavion Meadow 858
Taylor Nevaeh 190
Terrance Leilani 442
Terrell Macie 474
Terrence Nataly 558
Terry Alayna 380
Thaddeus Abigayle 746
Theodore Casey 300
Thomas Katherine 36
Timothy Trinity 70
Titus Helena 599
Tobias Abbie 532
Toby Ellen 476
Todd Shania 469
Tomas Brooklynn 462
Tommy Clarissa 342
Tony Kailey 283
Trace Madelynn 519
Travis Erica 144
Travon Stacey 769
Tre Kendal 798
Trent Holly 231
Trenton Monica 180
Trever Rebeca 877
Trevin Libby 977
Trevion Raina 825
Trevon Eliana 394
Trevor Jacqueline 81
Trey Brenda 213
Treyton Tracy 826
Tristan Katie 103
Tristen Annie 315
Tristian Aiyana 785
Tristin Carley 488
Triston Johanna 465
Troy Vivian 249
Trystan Odalys 953
Tucker Jayden 296
Turner Samara 925
Ty Desiree 214
Tyler Isabella 14
Tylor Denisse 835
Tyree Adrienne 573
Tyrell Jaelyn 537
Tyrese Ainsley 453
Tyrone Jaiden 507
Tyshawn Elyssa 887
Tyson Lauryn 307
Ulises Emilia 543
Ulysses Annabel 814
Uriel Meagan 451
Vance Bryana 844
Vaughn Melinda 934
Vernon Unique 926
Vicente Barbara 559
Victor Audrey 100
Vincent Lindsey 122
Wade Marlene 538
Walker Francesca 407
Walter Rose 331
Warren Brandi 527
Waylon Carrie 753
Wayne Cassie 539
Wesley Jasmin 183
Weston Gloria 381
Will Kaya 549
William Elizabeth 11
Willie Phoebe 437
Wilson Nora 468
Winston Elissa 789
Wyatt Kelly 119
Xander Lena 545
Xavier Ella 89
Xzavier Janice 747
Yahir Chelsey 604
Yosef Danna 836
Yousef Katerina 998
Zachariah Genevieve 397
Zachary Kayla 19
Zachery Kayleigh 324
Zack Nyasia 978
Zackary April 254
Zackery Monique 409
Zain Yessenia 919
Zaire Darlene 895
Zakary Jewel 683
Zander Maia 533
Zane Adrianna 222
Zavier Candice 927
Zayne Trista 967
Zechariah Aracely 655
Zion Lilly 333
