1992
Aaron Alyssa 30
Abdul Dora 980
Abel Taryn 370
Abraham Summer 254
Adam Sara 36
Adan Janae 498
Addison Katelin 634
Adolfo Chelsi 677
Adrian Leah 96
Agustin Sidney 618
Ahmad Eileen 579
Ahmed Elisha 724
Aidan Jami 633
Akeem Bridgette 562
Alan Destiny 129
Albert Lydia 205
Alberto Heidi 225
Aldo Kortney 836
Alec Mallory 172
Alejandro Kaitlin 113
Alex Katie 54
Alexander Kelsey 23
Alexandre Marcela 987
Alexandro Brittny 882
Alexis Regina 331
Alfonso Shaniqua 420
Alfred Esmeralda 403
Alfredo Ruby 274
Ali Desirae 477
Allan Celeste 385
Allen Kirsten 166
Alonso Felisha 829
Alonzo Charlene 506
Alphonso Sonja 983
Alton Micah 769
Alvaro Perla 576
Alvin Maya 369
Amir Sade 651
Amos Tiffanie 791
Anderson Alayna 852
Andre Alexa 140
Andreas Eliana 916
Andres Cristina 186
Andrew Sarah 5
Andy Aubrey 252
Angel Bethany 114
Angelo Bria 334
Anthony Amber 19
Antoine Suzanne 446
Anton Gladys 695
Antonio Whitney 85
Antony Kallie 844
Antwan Britany 610
Antwon Elissa 727
Ari Lourdes 845
Aric Karlie 720
Ariel Mariela 472
Armand Catrina 988
Armando Hilary 233
Arnold Tianna 577
Arnulfo Blake 996
Aron Riley 555
Arron Kori 667
Arthur Tori 218
Arturo Nina 268
Asa Macey 846
Asher Jessi 966
Ashley Shanika 806
Ashton Shayna 391
Aubrey Rebeca 711
August Leann 814
Augustus Daphne 891
Austen Alina 639
Austin Laura 38
Avery Latasha 461
Axel Jeannette 908
Baby Kirstie 559
Bailey Chastity 989
Barrett Leeann 885
Barry Kiera 459
Beau Johanna 392
Ben Shantel 536
Benito Keely 739
Benjamin Christina 33
Bennett Joanne 671
Benny Estefania 722
Bernard Shaina 418
Bernardo Eboni 824
Bill Graciela 898
Billy Stacey 230
Blaine Kyra 438
Blair Angie 652
Blake Gabrielle 84
Bo Gianna 622
Bobby Carrie 221
Brad Sandy 462
Braden Carol 412
Bradford Jaimie 628
Bradley Marissa 72
Bradly Delaney 707
Brady Karla 238
Brandan Judy 658
Branden Asia 251
Brandon Samantha 6
Brandyn Jennie 640
Brannon Coral 990
Brant Shaniece 937
Braxton Dulce 648
Brayden Hailee 792
Brendan Dana 144
Brenden Macy 433
Brendon Sylvia 363
Brennan Rachelle 367
Brennen Brianda 777
Brent Hailey 160
Brenton Chandler 541
Bret Kailey 466
Brett Bianca 97
Brian Heather 31
Brice Julianna 584
Britton Laken 943
Brock Shawna 306
Broderick Myranda 903
Brody Yasmin 612
Bronson Tiera 762
Brooks Jenifer 672
Bruce Mckenzie 291
Bryan Lindsey 57
Bryant Kellie 261
Bryce Audrey 175
Bryon Rhonda 770
Bryson Kenya 510
Byron Aimee 314
Cade Juana 827
Caden Princess 870
Cale Tatyana 863
Caleb Mariah 74
Calvin Britney 194
Camden Cassondra 878
Cameron Kristen 53
Camron China 818
Carey Kenia 961
Carl Anne 182
Carlo Joelle 914
Carlos Angela 69
Carlton Shelbi 480
Carson Christy 357
Carter Kaitlynn 451
Cary Chandra 967
Casey Caroline 105
Cassidy Corrine 991
Cecil Beatrice 742
Cedric Kayleigh 407
Cedrick Delia 968
Cesar Kylie 195
Chad Kathleen 108
Chadwick Nia 705
Chaim Ayana 922
Chance Mia 329
Chandler Carley 409
Channing Pauline 886
Charles Brianna 43
Charlie Noelle 452
Chase Dominique 116
Chaz Keri 511
Chester Baby 725
Chris Lily 471
Christian Kimberly 35
Christopher Jessica 2
Clarence Kira 429
Clark Jackie 623
Claude Trista 887
Clay Daniella 483
Clayton Joanna 167
Clifford Maribel 415
Clifton Mariana 538
Clint Arianna 396
Clinton Jasmin 211
Clyde Maira 732
Coby Chelsy 879
Codey Lizette 681
Codi Shanequa 856
Codie Audra 712
Cody Melissa 24
Colby Ashleigh 197
Cole Nancy 143
Coleman Ivette 649
Colin Grace 127
Collin Daisy 187
Colt Maura 691
Colten Aisha 571
Colter Malia 997
Colton Carly 134
Conner Sasha 296
Connor Erika 80
Conor Hanna 290
Conrad Justina 624
Cooper Jena 546
Corbin Chanel 393
Cordell Emerald 917
Corey Shannon 65
Cornelius Juanita 542
Cortez Maureen 592
Cory Molly 83
Coty Meaghan 406
Courtney Beatriz 489
Coy Bryana 998
Craig Ashlee 154
Cristian Alissa 272
Cristopher Fabiola 767
Cruz Latifah 801
Cullen Brandie 600
Curtis Savannah 142
Cyrus Dianna 729
Dakota April 103
Dakotah Doris 883
Dale Eva 340
Dallas Katelynn 299
Dalton Desiree 121
Dalvin Nakia 931
Damian Janelle 262
Damien Melody 308
Damion Kirstin 580
Damon Angelina 284
Dan Carlee 715
Dana Fatima 627
Dandre Maricela 682
Dane Ciera 410
Daniel Emily 7
Danny Claudia 190
Dante Lorena 360
Daquan Carlie 605
Darian Susana 547
Darien Alexus 616
Darin Darlene 601
Dario Lora 873
Darion Marcella 749
Darius Gina 164
Darnell Blanca 419
Daron Marjorie 841
Darrel Salina 944
Darrell Guadalupe 293
Darren Chelsie 227
Darrin Mikayla 566
Darrius Ashly 590
Darryl Leticia 321
Darwin Lizeth 956
Daryl Leanna 488
Dashawn Haleigh 586
Davante Stormy 802
Dave Maryann 976
David Megan 10
Davin Porsha 847
Davion Kimberley 853
Davis Alisa 513
Davon Bonnie 449
Davonta Stefani 918
Davonte Serena 491
Dayton Isamar 984
Dean Toni 315
Deandre Marina 277
Deangelo Tammy 534
Deante Katerina 900
Deion Alecia 751
Dejon Maxine 977
Dejuan Cecelia 938
Demarco Ashely 774
Demarcus Clara 469
Demario Alesha 782
Demetri Chantelle 778
Demetrius Tyler 281
Dennis Krista 150
Denver Kasie 992
Denzel Sonia 330
Denzell Lynette 832
Deon Shelbie 527
Deonta Isabelle 839
Deonte Araceli 523
Dequan Marquita 874
Dereck Kalie 919
Derek Caitlin 62
Derick Breanne 486
Derik Eunice 904
Deron Gillian 969
Derrick Natasha 120
Deshaun Carson 950
Deshawn Kourtney 444
Desmond Isabel 265
Devan Jill 397
Devante Meredith 199
Deven Ryan 604
Devin Jamie 75
Devon Rachael 123
Devonta Kiersten 569
Devontae Ingrid 708
Devonte Theresa 226
Dewayne Kacey 662
Dexter Carina 474
Diego Devon 301
Dillan Destinee 553
Dillion Joyce 539
Dillon Alexandria 73
Dimitri Alanna 502
Dion Sofia 528
Dionte Jodie 825
Domenic Luisa 999
Domingo Jamila 923
Dominic Ana 137
Dominick Shayla 317
Dominique Angel 180
Dominque Krysta 674
Domonique Marlee 901
Don Tabatha 602
Donald Brandi 110
Donavan Darian 704
Donavon Marla 1000
Dondre Anissa 854
Donnell Skye 723
Donnie Kristyn 641
Donovan Clarissa 243
Donta Kelcie 970
Dontae Jaqueline 815
Donte Sadie 421
Dorian Blair 524
Douglas Kendra 126
Drake Nadia 425
Drew Jade 181
Duane Rosemary 563
Duncan Lara 642
Dustin Olivia 58
Dusty Ivana 884
Dwayne Anastasia 352
Dwight Sally 495
Dylan Jasmine 28
Dyllan Alessandra 807
Dylon Maegan 643
Earl Savanna 458
Earnest Kassie 909
Eddie Camille 259
Eddy Deidra 819
Edgar Alejandra 149
Edgardo Brook 692
Edmund Laci 880
Eduardo Katrina 132
Edward Julia 70
Edwin Mercedes 177
Efrain Genevieve 521
Efren Lisette 826
Eli Kendall 350
Elias Elisabeth 341
Elijah Kasey 203
Eliseo Madalyn 910
Elisha Martina 902
Elliot Kali 404
Elliott Alyson 399
Ellis Shea 765
Elmer Cheyanne 687
Elvin Katheryn 924
Elvis Lorraine 750
Emanuel Kyla 365
Emerson Becky 993
Emilio Alana 386
Emmanuel Justine 224
Emmett Athena 803
Enrique Maggie 271
Eric Hannah 26
Erich Janessa 730
Erick Wendy 222
Erik Melanie 98
Erin Micaela 796
Ernest Elena 337
Ernesto Angelique 313
Ervin Belinda 735
Erwin Andria 978
Esteban Valeria 389
Estevan Janette 685
Ethan Jacqueline 76
Eugene Paula 338
Evan Katelyn 66
Everett Georgia 594
Ezekiel Demi 636
Ezequiel Heaven 787
Ezra Jaleesa 793
Fabian Stefanie 339
Felipe Diane 414
Felix Dakota 346
Fernando Autumn 170
Fidel Bernadette 840
Floyd Deja 740
Forest Iliana 820
Forrest Kristine 316
Francis Rose 318
Francisco Tara 118
Frank Mackenzie 125
Frankie Leigh 556
Franklin Nikki 311
Fred Connie 573
Freddie Arlene 619
Freddy Harley 525
Frederick Cecilia 275
Fredrick Lena 507
Gabriel Abigail 86
Gage Trisha 335
Galen Brittaney 866
Garett Breonna 932
Garret Precious 442
Garrett Lisa 88
Garrick Kandice 920
Garrison Ella 892
Garry Dominque 810
Garth Lacie 659
Gary Gabriela 139
Gavin Jazmine 266
Gene Celia 655
Geoffrey Tina 312
George Veronica 95
Gerald Jenny 244
Gerard Deidre 630
Gerardo Carmen 228
German Alysia 664
Giancarlo Annmarie 945
Gilbert Jordyn 378
Gilberto Shana 423
Gino Kala 637
Giovanni Deborah 300
Glen Stacie 526
Glenn Yvette 342
Gonzalo Janine 733
Gordon Latisha 503
Grady Cora 808
Graham Sheila 401
Grant Jocelyn 165
Grayson Josie 620
Greg Rikki 794
Gregorio Kaela 828
Gregory Kathryn 60
Griffin Allie 561
Guadalupe Eliza 661
Guillermo Katharine 361
Gunnar Infant 746
Gustavo Vivian 307
Guy Celina 615
Hakeem Christin 731
Hans Mikaela 799
Harley Simone 408
Harold Cassidy 355
Harrison Zoe 282
Harry Natalia 366
Harvey Dina 809
Hassan Aubree 857
Hayden Kelsie 248
Heath Viviana 544
Hector Caitlyn 156
Henry Adriana 141
Herbert Noemi 587
Heriberto Jada 717
Herman Kristian 699
Hernan Brielle 804
Holden Jesse 693
Houston Terra 747
Howard Judith 467
Hugh Olga 830
Hugo Kylee 379
Humberto Kelsea 520
Hunter Hayley 135
Ian Brittney 68
Ignacio Mara 613
Infant Skylar 565
Ira Danae 951
Irvin Avery 543
Irving Shelly 647
Isaac Sydney 124
Isaiah Sophia 212
Isaias Ayla 783
Isiah Shanna 512
Isidro Mariam 925
Ismael Yvonne 381
Israel Elise 297
Issac Antonia 653
Ivan Monique 151
Jabari Kaci 738
Jace Imani 550
Jack Deanna 155
Jackie Lakeisha 701
Jackson Tamara 223
Jacob Chelsea 15
Jacoby Melina 728
Jacques Catalina 895
Jade Lyndsay 779
Jaime Renee 215
Jairo Carli 713
Jake Brenda 119
Jakob Kristie 481
Jaleel Betty 721
Jalen Donna 377
Jamaal Gretchen 683
Jamal Raquel 242
Jamar Maranda 493
Jamarcus Tamika 789
Jamel Lucia 582
James Elizabeth 9
Jameson Chantal 719
Jamie Barbara 249
Jamil Lynn 743
Jamison Constance 654
Jaquan Eleanor 585
Jared Jenna 67
Jarod Thalia 755
Jaron Sophie 485
Jarred Cristal 439
Jarrell Kandace 946
Jarrett Tiffani 447
Jarrod Tania 384
Jarvis Paola 490
Jason Erin 46
Jasper Racheal 666
Javier Raven 152
Javon Mollie 499
Javonte Gwendolyn 684
Jay Tessa 236
Jayson Jalisa 492
Jean Cheryl 533
Jeff Eden 697
Jefferson Sherry 710
Jeffery Yesenia 176
Jeffrey Amy 51
Jerald Elsa 867
Jered Kaycee 981
Jerel Mai 957
Jeremiah Chloe 161
Jeremy Kelly 47
Jermaine Tierra 349
Jerod Rubi 926
Jerome Sharon 298
Jerrell Ali 771
Jerrod Jayme 688
Jerry Cindy 183
Jess Brea 875
Jesse Crystal 50
Jessie Devin 273
Jessy Julissa 756
Jesus Catherine 78
Jevon Marian 911
Jim Reyna 744
Jimmie Debra 635
Jimmy Mayra 200
Joaquin Luz 631
Jody Dara 896
Joe Marisa 220
Joel Angelica 100
Joey Kiana 402
John Nicole 14
Johnathan Karen 122
Johnathon Adrienne 279
Johnnie Lea 632
Johnny Sandra 153
Jon Marie 240
Jonah Cori 694
Jonas Janell 905
Jonathan Courtney 21
Jonathon Valerie 136
Jordan Tiffany 32
Jordon Chantel 405
Jorge Casey 109
Jose Mary 37
Josef Noel 821
Joseph Jennifer 11
Josh Melisa 775
Joshua Brittany 4
Josiah Kristy 324
Josue Daniela 285
Jovan Patrice 644
Juan Haley 56
Julian Leslie 133
Julien Shawnee 871
Julio Bridget 201
Julius Stephany 453
Junior Charmaine 780
Justen Alexander 927
Justice Adrianne 822
Justin Danielle 18
Justyn Darcy 933
Juwan Anika 962
Kadeem Corina 581
Kai Betsy 837
Kaleb Christian 280
Kalen Chynna 939
Kameron Kierra 398
Kareem Annette 548
Karl Tiana 336
Kasey Emilee 501
Keaton Alexia 522
Keegan Anita 454
Keenan Chasity 362
Kegan Corey 790
Keith Margaret 102
Kelby Ellie 855
Kellen Sarai 797
Kelly Elaine 417
Kelsey Jerrica 805
Kelvin Cortney 319
Kendall Jeanette 322
Kendrick Misty 351
Kenneth Brooke 59
Kenny Kelsi 437
Kent Rocio 529
Kenton Latrice 915
Keon Mariel 773
Kerry Karlee 608
Keven Demetria 888
Kevin Michelle 25
Kevon Ivonne 899
Khalil Traci 660
Kieran Leila 971
Kirby Ivy 741
Kirk Irene 430
Kody Naomi 253
Kolby Terri 706
Kolton Giselle 838
Korey Beverly 531
Kory Kaley 470
Kristian Iris 448
Kristofer Mindy 567
Kristopher Tabitha 189
Kurt Christa 344
Kurtis Shauna 460
Kwame Krystina 947
Kyle Victoria 22
Kyler Isabella 487
Ladarius Hollie 665
Lamar Rochelle 445
Lamont Paulina 551
Lance Kassandra 204
Landon Carla 276
Lane Octavia 597
Laquan Scarlett 949
Laron Chanelle 979
Larry Lacey 173
Laurence Kayley 972
Lawrence Linda 192
Lazaro Cody 963
Lee Jazmin 255
Leland Kasandra 696
Leo Paris 464
Leon Frances 388
Leonard Kari 327
Leonardo Marilyn 382
Leonel Leanne 570
Leroy Talia 494
Leslie Adrian 702
Lester Nathalie 668
Levi Brandy 168
Lewis Dawn 413
Liam Sonya 593
Lincoln Santana 848
Lionel Liana 748
Lloyd Brooklyn 552
Logan Miranda 89
Lonnie Kerry 540
Loren Mandy 645
Lorenzo Tasha 333
Louis Kiara 193
Lucas Julie 106
Luis Paige 64
Lukas Elisa 457
Luke Kristina 93
Luther Kailee 906
Lyle Roxana 757
Mackenzie Joy 411
Madison Lucero 781
Malachi Abbie 784
Malcolm Teresa 206
Malcom Elaina 766
Malik Jane 395
Manuel Hillary 131
Marc Ebony 213
Marcel Karly 558
Marcelo Lexus 985
Marco Candice 198
Marcos Robin 263
Marcus Christine 82
Mario Krystal 128
Marion Emilia 934
Mark Anna 49
Markus Janice 514
Marlon Bryanna 475
Marques Magdalena 921
Marquez Janay 811
Marquis Ann 295
Marquise Brittni 549
Marshall Kristi 304
Martez Shelley 776
Martin Chelsey 117
Marty Aja 958
Marvin Faith 245
Mason Jillian 148
Mathew Kaylee 174
Matthew Amanda 3
Maurice Martha 246
Mauricio Casandra 496
Max Jaclyn 171
Maximilian Brittanie 611
Maximillian Chaya 959
Maxwell Cheyenne 169
Melvin Kate 325
Micah Jacquelyn 241
Michael Ashley 1
Micheal Ariana 207
Mickey Ava 833
Miguel Kristin 90
Mike Abbey 545
Mikel Anais 850
Miles Arielle 283
Milton Lizbeth 560
Misael Marlena 812
Mitchel Laurel 609
Mitchell Meghan 91
Mohamed Anjelica 734
Mohammad Rita 588
Mohammed Kaylin 678
Moises Lacy 424
Montel Joselyn 893
Montrell Danika 940
Morgan Charlotte 287
Morris Kimberlee 868
Moses Karli 572
Moshe Kia 813
Muhammad Monika 907
Myles India 390
Myron Aurora 680
Najee Jean 928
Nathan Erica 44
Nathanael Kerri 497
Nathanial Alex 617
Nathaniel Briana 79
Neal Alexandrea 508
Neil Ruth 323
Nelson Brittani 320
Nestor Hallie 598
Nicholas Lauren 12
Nick Skyler 689
Nickolas Tanya 267
Nico Silvia 614
Nicolas Priscilla 179
Nigel Keisha 516
Nikko Janel 889
Niko Billie 890
Nikolas Lucy 478
Noah Diamond 219
Noe Staci 537
Noel Iesha 434
Nolan Cara 247
Norman Kacie 504
Octavio Janie 709
Oliver Randi 359
Omar Rebekah 145
Orlando Brenna 356
Oscar Sierra 130
Osvaldo Tricia 656
Otis Gabriel 851
Owen Antoinette 476
Pablo Brianne 332
Paris Selina 625
Parker Jessie 256
Patrick Andrea 39
Paul Vanessa 55
Payton Lesley 638
Pedro Denise 188
Perry Katy 519
Pete Georgina 952
Peter Lindsay 81
Peyton Allyssa 763
Philip Madeline 138
Phillip Madison 107
Pierce Hali 726
Pierre Makenzie 603
Preston Evelyn 202
Prince Nikole 948
Quentin Kelley 364
Quincy Ashlie 505
Quinn Julianne 450
Quinten Phoebe 982
Quintin Peyton 583
Quinton Annie 353
Rafael Ciara 208
Raheem Kathy 509
Rakeem Danica 772
Ralph Juliana 441
Ramiro Tonya 456
Ramon Gloria 250
Randal Chrystal 859
Randall Rosa 235
Randolph Michael 788
Randy Claire 158
Raphael Loren 578
Rashad Tayler 416
Rashawn Marisela 690
Rasheed Alysa 864
Raul Gabriella 209
Ray Corinne 394
Raymond Emma 104
Raymundo Joan 800
Reece Kiley 700
Reed Shirley 530
Reese Karley 798
Reginald Cassie 234
Reid Lyndsey 455
Remington Shanelle 953
Rene Michele 328
Reuben Christen 670
Rex Katlin 718
Reynaldo Kaylie 606
Rhett Kalyn 758
Ricardo Kara 115
Richard Alexis 40
Rick Madelyn 575
Rickey Makayla 564
Ricky Nichole 191
Rico Yasmine 675
Rigoberto Stevie 599
Riley Cierra 264
Robbie Lana 858
Robert Taylor 17
Roberto Karina 159
Robin Tracey 596
Rocco Flor 941
Rocky Dayna 752
Roderick Roxanne 431
Rodney Susan 210
Rodolfo Marisol 383
Rodrick Shante 881
Rodrigo Madeleine 468
Rogelio Kaleigh 435
Roger Amelia 214
Roland Jacklyn 535
Rolando Charity 500
Roman Larissa 374
Ron Susanna 912
Ronald Sabrina 112
Ronnie Karissa 309
Roosevelt Janna 960
Rory Yadira 626
Ross Janet 231
Roy Tia 286
Royce Breann 736
Ruben Bailey 178
Rudolph Kenisha 994
Rudy Tanisha 387
Russell Candace 185
Rusty Tyesha 816
Ryan Kayla 13
Ryne Rhiannon 676
Sage Shakira 745
Salvador Callie 292
Salvatore Haylee 557
Sam Lori 400
Samir Bree 973
Sammy Devan 629
Samuel Morgan 41
Santiago Norma 517
Santos Halie 753
Saul Genesis 375
Sawyer Kaylyn 595
Scott Natalie 61
Scotty Laurie 768
Sean Kaitlyn 42
Sebastian Allyson 229
Sergio Meagan 157
Seth Breanna 94
Shane Monica 77
Shannon Tess 465
Shaquille Josephine 426
Shaun Michaela 288
Shawn Alicia 71
Shayne Edith 554
Shea Kathrine 785
Shelby Nora 473
Sheldon Ericka 380
Shelton Essence 876
Sherman Aileen 795
Sidney Christie 518
Silas Ashlynn 817
Simon Robyn 348
Skylar Margarita 463
Skyler Melinda 258
Solomon Dallas 646
Sonny Lauryn 754
Spencer Holly 99
Spenser Bobbi 831
Stacey Liza 986
Stacy Leandra 869
Stanley Nicolette 343
Stefan Jaime 376
Stephan Alaina 436
Stephen Maria 45
Stephon Shanae 663
Sterling Logan 440
Stetson Kaylynn 942
Steve Esther 302
Steven Alexandra 29
Stevie Ashli 865
Stewart Clare 679
Storm Regan 894
Stuart Maritza 427
Talon Asha 842
Tanner Diana 101
Tariq Nataly 929
Tate Alycia 686
Tavon Ayanna 930
Tayler Amie 860
Taylor Cassandra 52
Ted Nadine 759
Teddy Kati 954
Terence Alysha 482
Terrance Stacy 232
Terrell Hope 310
Terrence Miriam 270
Terry Carolyn 196
Tevin Alisha 162
Thaddeus Jana 657
Theodore Abby 260
Theron Selene 995
Thomas Katherine 27
Timmy Britni 877
Timothy Shelby 34
Titus Griselda 834
Tobias Irma 835
Toby Selena 607
Todd Kelli 216
Tom Kristal 861
Tomas Dorothy 484
Tommy Pamela 303
Tony Shanice 163
Tory Domonique 716
Trace Kinsey 955
Tracy Emilie 591
Trae Berenice 823
Travis Allison 48
Travon Elyse 669
Tre Kaila 428
Trent Virginia 257
Trenton Carissa 239
Trever Cameron 698
Trevon Beth 515
Trevor Jordan 63
Trey Tatiana 269
Tristan Ashlyn 371
Troy Felicia 146
Tucker Breana 443
Ty Liliana 345
Tyler Stephanie 8
Tylor Yolanda 422
Tyquan Destini 964
Tyree Moriah 479
Tyrel Geneva 935
Tyrell Ashton 354
Tyron Whitley 849
Tyrone Adrianna 289
Tyshawn Jerica 936
Tyson Jodi 532
Ulises Devyn 760
Ulysses Symone 862
Unknown Fallon 843
Uriel Mckenna 589
Van Damaris 974
Vance Jessika 673
Vaughn Myra 761
Vernon Cayla 568
Vicente Katarina 574
Victor Ariel 87
Vince Giovanna 975
Vincent Cynthia 92
Wade Lillian 347
Walker Christiana 737
Wallace Danyelle 897
Walter Ellen 217
Warren Marlene 358
Waylon Valencia 913
Wayne Katlyn 294
Wendell Bobbie 764
Wesley Patricia 111
Westley Joann 872
Weston Alice 372
Wilfredo Krystle 786
Will Nikita 650
William Rebecca 20
Willie Tiara 237
Willis Jessenia 965
Wilson Latoya 432
Winston Sheena 621
Wyatt Alma 368
Xavier Alison 147
Zachariah Carolina 305
Zachary Rachel 16
Zachery Colleen 184
Zackary Tracy 278
Zackery Helen 326
Zakary Yessenia 714
Zane Francesca 373
Zechariah Payton 703
