2008
Aaden Hazel 343
Aarav Raina 921
Aaron Alexa 50
Abdiel Kianna 984
Abdullah Nathalia 953
Abel Anastasia 360
Abraham Aniyah 187
Abram Joy 548
Ace Destiney 714
Adam Maya 72
Adan Lexi 299
Addison Charlee 820
Aden Esmeralda 254
Aditya Annalise 702
Adolfo Milagros 731
Adonis Gina 854
Adrian Madeline 56
Adriel Carla 584
Adrien Carissa 727
Aedan Nylah 821
Agustin Elsie 740
Ahmad Sylvia 559
Ahmed Rubi 576
Aidan Jessica 59
Aiden Alyssa 16
Aidyn Zion 699
Alan Valerie 135
Albert Janelle 372
Alberto Brielle 338
Alden Sanai 916
Aldo Marilyn 569
Alec Jane 390
Alejandro Stephanie 105
Alessandro Noemi 624
Alex Melanie 85
Alexander Olivia 6
Alexis Ana 169
Alexzander Monserrat 674
Alfonso Yareli 585
Alfred Brisa 787
Alfredo Madyson 388
Ali Jimena 398
Alijah Rowan 469
Allan Krystal 552
Allen Josie 294
Alonso Amiya 660
Alonzo Justice 542
Alvaro Lea 639
Alvin Anahi 437
Amare Yaritza 677
Amari Rose 344
Amir Harper 297
Anderson Alice 326
Andre Mckenna 220
Andreas Selina 969
Andres Shelby 158
Andrew Addison 12
Andy Elena 211
Angel Sofia 36
Angelo Cassandra 284
Anthony Sophia 7
Antoine Julianne 693
Anton Gillian 832
Antonio Mya 102
Antony Brynlee 895
Antwan Thalia 879
Ari Dylan 532
Ariel Whitney 570
Arjun Armani 755
Armando Erica 293
Armani Amani 583
Arnav Kaylah 974
Aron Karlee 600
Arthur Sasha 363
Arturo Selena 352
Aryan Taliyah 669
Asa Giana 633
Asher Clara 206
Ashton Daniela 121
Atticus Britney 689
August Shannon 482
Augustus Janae 795
Austin Layla 55
Avery Nora 216
Axel Aniya 272
Ayaan Cassie 908
Aydan Kirsten 567
Ayden Faith 91
Aydin Aleah 627
Bailey Isabell 790
Baron Jamiya 991
Barrett Jordin 609
Beau Celeste 397
Beckett Alyson 480
Beckham Deja 893
Ben Azul 611
Benjamin Hailey 25
Bennett Adeline 361
Bentley Tiara 937
Bernard Sydnee 940
Billy Jolie 564
Blaine Jaqueline 614
Blake Payton 90
Blaze Ali 866
Bo Maleah 840
Bobby Elisabeth 525
Boston Braelyn 563
Braden London 156
Bradley Alondra 201
Brady Caroline 94
Bradyn Helena 612
Braeden Shayla 346
Braedon Abbey 822
Braiden Elle 494
Branden Gwendolyn 586
Brandon Savannah 33
Branson Makena 873
Braxton Tessa 202
Brayan April 333
Brayden Kylie 51
Braydon Genevieve 325
Braylen Raquel 572
Braylon Crystal 252
Brendan Vivian 207
Brenden Audrina 353
Brendon Amara 578
Brennan Jamie 263
Brennen Tiana 651
Brent Dayanara 558
Brenton Ashtyn 975
Brett Rihanna 311
Brian Charlotte 87
Brice Anabelle 710
Bridger Shayna 978
Brock Lindsey 277
Broderick Yamilet 899
Brodie Brittany 421
Brody Trinity 70
Brogan Beatrice 833
Bronson Amaris 987
Brooks Jenny 601
Bruce Norah 476
Bruno Annabel 801
Bryan Bailey 82
Bryant Sarai 404
Bryce Rylee 116
Brycen Aileen 483
Bryson Alicia 178
Byron Juliet 451
Cade Cynthia 310
Caden Genesis 95
Cael Ireland 834
Caiden Tiffany 250
Cale Isla 623
Caleb Nevaeh 34
Callum Karsyn 976
Calvin Cassidy 228
Camden Bianca 204
Cameron Kaitlyn 53
Camren Jakayla 675
Camron Meredith 445
Camryn Adison 900
Cannon Haven 631
Carl Tori 490
Carlo Kathy 992
Carlos Valeria 73
Carmelo Kamora 941
Carsen Laylah 993
Carson Autumn 89
Carter Mackenzie 65
Case Chasity 956
Casey Danica 336
Cash Mallory 253
Cason Janessa 571
Cassius Gretchen 945
Cayden Adrianna 173
Cedric Shiloh 650
Cesar Amber 165
Chace Eve 655
Chad Paisley 454
Chaim Natalya 858
Chance Alejandra 255
Chandler Rosa 457
Charles Madelyn 63
Charlie Kiley 307
Chase Jocelyn 67
Chaz Denisse 959
Chris Phoebe 348
Christian Brianna 23
Christopher Elizabeth 9
Clarence Alannah 938
Clark Felicity 698
Clay Karma 849
Clayton Callie 233
Clinton Kaila 856
Coby Karly 835
Cody Bella 122
Cohen Janiyah 356
Colby Alison 273
Cole Jennifer 84
Coleman Jazmyn 741
Colin Eva 114
Collin Kylee 143
Colt Isabela 533
Colten Willow 408
Colton Zoey 98
Conner Miranda 163
Connor Kimberly 57
Conor Jaelynn 517
Conrad Barbara 758
Cooper Sara 92
Corbin Carmen 262
Cordell Angeline 784
Corey Heidi 289
Cornelius Hadassah 988
Cortez Hailie 990
Cory Emilee 459
Craig Nathalie 588
Cristian Liliana 150
Cristofer Matilda 829
Cristopher Kristen 492
Cruz Hanna 367
Cullen Amelie 781
Curtis Lindsay 380
Cyrus Bryanna 512
Dakota Leila 226
Dale Kenna 839
Dallas Marely 334
Dalton Elise 218
Damari Iyana 997
Damarion Stacy 725
Damian Angela 133
Damien Alexandria 189
Damion Yaretzi 597
Damon Jaden 472
Dane Paola 350
Dangelo Alyvia 970
Daniel Ava 5
Danny Jaelyn 330
Dante Kimora 291
Darian Myla 602
Darien Tanya 843
Dario Shyann 850
Darion Lailah 890
Darius Bethany 318
Darnell Jazlynn 730
Darrell Camilla 634
Darren Madelynn 385
Darryl Rosemary 754
Darwin Cierra 788
Dashawn Jaylyn 810
Davian Emilie 690
David Mia 14
Davin Journey 594
Davion Lena 440
Davis Dayana 410
Davon Susan 712
Dawson Courtney 269
Dax Ally 766
Dayton Miracle 484
Deacon Alisha 642
Dean Malia 345
Deandre Sage 460
Deangelo Cherish 739
Declan Fiona 347
Deegan Leticia 980
Demarcus Phoenix 708
Demarion Charlize 905
Demetrius Jaiden 520
Dennis Nataly 370
Denzel Paityn 942
Deon Ann 830
Derek Cheyenne 159
Dereon Zaniyah 882
Derick Leanna 733
Derrick Kaydence 286
Deshawn Aiyana 595
Desmond Natasha 413
Devan Jamya 746
Deven Gracelyn 683
Devin Sadie 109
Devon Karla 243
Devyn Salma 847
Dexter Hillary 715
Diego Amelia 68
Dillan Giuliana 875
Dillon Ryleigh 264
Dominic Isabelle 93
Dominick Addyson 240
Dominik Adelyn 577
Dominique Amina 763
Donald Erika 331
Donavan Dixie 964
Donovan Maggie 214
Donte Kelsie 782
Dorian Sandra 442
Douglas Danna 424
Drake Allie 230
Draven Pamela 670
Drew Camryn 244
Duncan Katrina 717
Dustin Daniella 303
Dwayne Angelique 687
Dylan Kaylee 31
Ean Belen 869
Easton Dulce 302
Eddie Alissa 438
Eden Jewel 896
Edgar Delilah 193
Eduardo Reagan 141
Edward Kendall 148
Edwin Sierra 175
Efrain Aryana 753
Eli Megan 100
Elian Kayley 817
Elias Juliana 157
Eliezer Neveah 986
Elijah Taylor 22
Elisha Irene 636
Elliot Ximena 332
Elliott Asia 386
Ellis Janiah 798
Elvis Judith 713
Emanuel Kara 260
Emerson Kiana 474
Emery Luciana 744
Emiliano Kiera 315
Emilio Macy 281
Emmanuel Marley 146
Emmett Natalee 547
Enrique Nina 279
Enzo Tania 606
Eric Gianna 86
Erick Lila 179
Erik Alexia 213
Ernest Paloma 789
Ernesto Lilliana 412
Esteban Madisyn 366
Ethan Emily 3
Ethen Mina 909
Eugene Mariam 691
Evan Avery 38
Everett Itzel 383
Ezekiel Kiara 241
Ezequiel Caylee 519
Ezra Madalyn 292
Fabian Aurora 288
Felipe Ashlee 535
Felix Rebekah 354
Fernando Erin 164
Finley Tamara 818
Finn Tatum 368
Finnegan Siena 647
Fisher Mattie 885
Fletcher Riya 994
Francis Shyanne 656
Francisco Piper 172
Franco Giada 826
Frank Leilani 278
Frankie Campbell 762
Franklin Dana 467
Freddy Catalina 707
Frederick Sidney 523
Gabriel Lily 24
Gael Guadalupe 296
Gage Danielle 144
Gaige Precious 791
Garrett Angel 160
Gary Cali 426
Gauge Charlie 736
Gaven Nola 918
Gavin Lauren 30
Gavyn Jessie 626
George Ashlyn 153
Geovanni Leia 934
Gerald Cristina 603
Gerardo Emerson 290
German Meadow 859
Giancarlo Maliyah 635
Gianni Saniyah 543
Gideon Ryan 534
Gilbert Haleigh 728
Gilberto Shania 663
Giovani Aryanna 613
Giovanni Laila 140
Giovanny Reyna 676
Glenn Lilianna 864
Gordon Heidy 946
Grady Joanna 283
Graham Brynn 323
Grant Jordyn 142
Grayson Annabelle 188
Gregory Kendra 236
Greyson Desiree 381
Griffin Jazmine 242
Guillermo Aubrie 470
Gunnar Mikaela 540
Gunner Kaitlin 471
Gustavo Brenda 342
Haiden Selah 773
Hamza Eileen 760
Harley Deanna 592
Harold Abbie 737
Harper Rayne 860
Harrison Nadia 219
Harry Jaylene 644
Hassan Alma 792
Hayden Vanessa 76
Heath Janet 716
Hector Alivia 181
Henry Mariah 78
Hezekiah Alia 929
Holden Penelope 358
Houston Tia 880
Howard Magdalena 903
Hudson Jayden 176
Hugh Kenley 998
Hugo Talia 389
Humberto Xiomara 805
Hunter Evelyn 54
Ian Katelyn 80
Ibrahim Annabella 589
Ignacio Ayana 814
Immanuel Stephany 904
Irvin Kaylyn 720
Isaac Makayla 37
Isai Renee 734
Isaiah Aubrey 42
Isaias Cheyanne 496
Ishaan Kaley 851
Isiah Kailyn 446
Ismael Nayeli 349
Israel Scarlett 210
Issac Kaylin 377
Ivan Amy 132
Izaiah Macie 428
Izayah Diya 995
Jabari Patience 771
Jace Margaret 180
Jack Riley 39
Jackson Allison 32
Jacob Emma 1
Jacoby Fernanda 423
Jaden Paige 88
Jadiel Abagail 874
Jadon Kenzie 473
Jadyn Moriah 823
Jaeden Arely 610
Jagger Azaria 954
Jaiden Breanna 168
Jaidyn Jacey 802
Jaime Teagan 321
Jair Theresa 852
Jairo Addisyn 556
Jake Lucy 112
Jakob Miriam 309
Jakobe Ashanti 930
Jalen Monica 317
Jamal Laney 568
Jamar Mareli 718
Jamarcus Charity 793
Jamari Kayden 391
Jamarion Lillie 485
James Hannah 17
Jameson Hayley 382
Jamie Yoselin 671
Jamir Araceli 767
Jamison Adalyn 526
Jan Mireya 961
Jaquan Edith 806
Jared Carly 197
Jaron Briley 819
Jarrett Frida 894
Jase Marisa 643
Jasiah Yadira 752
Jason Peyton 60
Jasper Kathleen 452
Javier Alana 166
Javion Anika 573
Javon Lesly 447
Jax Jaylee 692
Jaxon Reese 154
Jaxson Kamryn 268
Jay Raegan 395
Jayce Imani 384
Jaydan Taniya 886
Jayden Samantha 11
Jaydin Dahlia 745
Jaydon Cindy 434
Jaylan Miya 981
Jaylen Violet 184
Jaylin Melina 521
Jaylon Ada 598
Jayson Iris 341
Jayvion Makaila 977
Jayvon Shaylee 950
Jean Taniyah 914
Jefferson Liana 599
Jeffery Hallie 510
Jeffrey Amaya 198
Jensen Sloane 999
Jeramiah Joyce 876
Jeremiah Angelina 69
Jeremy Jade 129
Jerimiah Laurel 985
Jermaine Skye 501
Jerome Destinee 616
Jerry Cameron 320
Jesse Jada 110
Jessie Kaitlynn 541
Jesus Gabrielle 79
Jett Yesenia 529
Jimmy Carolina 355
Joaquin Heaven 275
Joe Lilah 411
Joel Ruby 113
Joey Kamila 574
Johan Evangeline 450
John Sarah 20
Johnathan Christina 200
Johnathon Arabella 657
Johnny Lola 246
Jon Kaylynn 527
Jonah Diana 137
Jonas Esther 274
Jonathan Anna 26
Jonathon Meghan 453
Jordan Destiny 48
Jorden Aspen 700
Jordon Corinne 841
Jordyn Belinda 747
Jorge Amanda 138
Jose Leah 41
Joseph Natalie 13
Josh Marianna 807
Joshua Madison 4
Josiah Isabel 96
Josue Brooklynn 182
Jovan Mckinley 891
Jovani Alisson 783
Jovanni Aliana 907
Jovanny Roselyn 855
Jovany Anabella 919
Juan Arianna 66
Judah Bridget 394
Jude Jasmin 224
Julian Alexandra 61
Julien Juliette 549
Julio Alayna 285
Julius Joselyn 306
Junior Carley 637
Justice Lana 432
Justin Katherine 45
Justus Karissa 803
Kade Hadley 414
Kaden Gracie 99
Kadin Gia 722
Kadyn Mariela 922
Kaeden Kiersten 661
Kael Evie 853
Kai Makenna 229
Kaiden Kathryn 190
Kale Samara 500
Kaleb Kennedy 115
Kamari Christine 539
Kamden Madilynn 662
Kameron Cecilia 270
Kamren Ashleigh 927
Kamron Cristal 759
Kane Anaya 439
Kareem Cailyn 738
Karson Heather 487
Karter Finley 665
Kasen Dominique 785
Kasey Damaris 808
Kash Aimee 779
Kason Skyla 596
Kayden Jacqueline 152
Keagan Taryn 489
Keaton Helen 371
Keegan Lyla 222
Keenan Lorena 729
Keith Harmony 314
Kellen Marisol 444
Kelton Kamari 925
Kelvin Hailee 456
Kendall Kaya 645
Kendrick Abril 522
Kenneth Giselle 136
Kenny Daphne 536
Kenyon Areli 848
Keon Kaiya 776
Keshawn Alisa 867
Kevin Julia 40
Keyon Maren 965
Khalil Francesca 491
Kian Isis 607
Kieran Elliana 530
Killian Jacquelyn 794
King Mollie 711
Kingston Kayleigh 239
Kobe Estrella 403
Kody Teresa 580
Koen Libby 877
Kolby Liberty 620
Kole Aliya 668
Kolten Carleigh 996
Kolton Perla 478
Konner Saige 824
Konnor Lillianna 878
Korbin Akira 705
Krish Jazlene 831
Kristian Lexie 504
Kristopher Melany 425
Kyan Averi 966
Kylan Averie 768
Kyle Mary 97
Kyler Madeleine 271
Kymani Mylie 836
Kyson Emmy 957
Lamar Emmalee 743
Lamont Izabelle 958
Lance Jadyn 396
Landen Mariana 199
Landin Chana 971
Landon Audrey 44
Landyn Luna 399
Lane Kaylie 319
Larry Anya 375
Lawrence Lia 427
Lawson Iliana 703
Layne Arielle 619
Layton Keyla 777
Leandro Karley 910
Lee Carlie 673
Leland Alessandra 407
Lennon Rory 982
Leo Caitlyn 227
Leon Kali 502
Leonard Marlene 621
Leonardo Mikayla 170
Leonel Danika 486
Leonidas Kristin 883
Leroy Lina 917
Levi Jayla 117
Lewis Macey 640
Liam Rachel 75
Lincoln Cadence 212
Logan Ella 19
London Simone 550
Lorenzo Julie 335
Louis Kaelyn 351
Luca Lucia 304
Lucas Morgan 46
Lucian Evelin 811
Luciano Kinley 666
Luis Maria 64
Luka Zara 774
Lukas Alina 245
Luke Jasmine 43
Lyric Princess 939
Madden Lucille 615
Maddox Josephine 208
Makai Krista 897
Makhi Emelia 960
Malachi Makenzie 162
Malakai Kaliyah 629
Malaki Carina 901
Malcolm Marie 546
Malik Ashlynn 282
Manuel Stella 186
Marc Athena 455
Marcel Yasmine 837
Marcelo Chanel 775
Marco Alaina 223
Marcos Angelica 257
Marcus Lilly 125
Mario Sabrina 185
Mark Kate 139
Markus Zaria 682
Marley Aisha 764
Marlon Jaidyn 565
Marques Shea 962
Marquis Zariah 581
Marquise Cloe 915
Marshall Annie 392
Martin Chelsea 221
Marvin Lizbeth 373
Mason Gabriella 35
Mateo Kira 251
Mathew Serena 374
Mathias Mariyah 748
Matias Mara 812
Matteo Mila 554
Matthew Chloe 10
Matthias Leyla 772
Maurice Lacey 405
Mauricio Marlee 369
Maverick Saniya 511
Max Hayden 126
Maxim Carlee 701
Maximilian Camille 300
Maximillian Payten 943
Maximo Sanaa 770
Maximus Jayda 258
Maxwell Melissa 134
Mekhi Gloria 431
Melvin Amiyah 479
Memphis Regina 688
Messiah Larissa 704
Micah Keira 123
Michael Isabella 2
Micheal Viviana 475
Miguel Haley 101
Mike Cecelia 756
Miles Ellie 167
Milo Diamond 449
Milton Ariella 923
Misael Ellen 672
Mitchell Presley 337
Mohamed Parker 505
Mohammad Kasey 684
Mohammed Adyson 648
Moises Jaslene 376
Morgan Priscilla 416
Moses Kristina 495
Moshe Regan 685
Muhammad Martha 617
Myles Allyson 266
Nash Paula 681
Nasir Johanna 448
Nathan Grace 21
Nathanael Jaylynn 514
Nathanial Lara 931
Nathaniel Aaliyah 77
Nathen Aliza 861
Nehemiah Denise 364
Neil Joslyn 709
Nelson Amya 493
Nicholas Lillian 29
Nick Gemma 888
Nickolas Annika 402
Nico Kaia 667
Nicolas Mckenzie 151
Nigel India 815
Nikhil Tess 870
Niko Hana 827
Nikolai Karli 902
Nikolas Logan 430
Noah Alexis 15
Noe Jaida 518
Noel Emery 468
Nolan Gabriela 131
Octavio Nathaly 865
Odin Desirae 983
Oliver Naomi 118
Omar Briana 145
Omari Jaliyah 544
Orion Marina 538
Orlando Baylee 419
Oscar Rebecca 119
Osvaldo Jaylin 590
Oswaldo Amiah 963
Owen Zoe 58
Pablo Eliza 328
Parker Michelle 103
Patrick Miley 127
Paul Marissa 155
Paxton Skyler 422
Payton Aubree 276
Pedro Kelly 248
Peter Karen 183
Peyton Jordan 130
Philip Jazlyn 378
Phillip Emely 305
Phoenix Emilia 401
Pierce Londyn 507
Pierre Dania 989
Porter Rachael 481
Pranav Maribel 935
Preston Adriana 124
Prince Chaya 749
Quentin Nancy 379
Quincy Bailee 513
Quinn Melody 280
Quinten Jaslyn 887
Quintin Alena 686
Quinton Nia 464
Rafael Kyra 238
Raiden Giovanna 780
Ralph Aracely 868
Ramiro Maia 649
Ramon Claudia 417
Randall Elyse 695
Randy Savanna 301
Raphael Lilyana 630
Rashad Scarlet 646
Raul Madilyn 287
Ray Aleena 664
Rayan Jocelynn 871
Raymond Laura 215
Reagan Avah 972
Reece Harley 415
Reed Nyla 409
Reese Elaina 462
Reginald Aylin 557
Reid Janiya 359
Reilly Maryjane 951
Remington Alexus 721
Rene Maritza 561
Reuben Nyasia 947
Rex Kierra 799
Rey Jaylen 857
Reynaldo Naima 944
Rhett Carolyn 678
Rhys Clare 679
Ricardo Catherine 149
Richard Jenna 107
Ricky Holly 365
Rigoberto Yuliana 862
Riley Nicole 106
Rishi Lilia 932
River Alanna 461
Robert Sydney 49
Roberto Haylee 234
Rocco Allisson 418
Roderick Abigayle 936
Rodney America 503
Rodolfo Lorelei 680
Rodrigo Maddison 327
Rogelio Aria 575
Roger Cara 463
Rohan Mercedes 528
Roland Celia 757
Rolando Myah 604
Roman Jazmin 205
Romeo Casey 466
Ronald Kailey 308
Ronan Halle 506
Ronin Jaylah 804
Ronnie Zoie 618
Rory Adrienne 786
Ross Adalynn 845
Rowan Angie 340
Roy Haylie 497
Royce Shirley 911
Ruben Abby 259
Rudy Tara 632
Russell Ayla 406
Ryan Ashley 18
Ryder Eliana 203
Ryker Brenna 420
Rylan Ariel 217
Ryland Jayleen 608
Rylee Shaniya 735
Sage Dayami 750
Salvador Lilian 435
Salvatore Micah 892
Sam Wendy 458
Samir Keely 842
Sammy Essence 979
Samson Livia 948
Samuel Kayla 28
Santiago Summer 171
Santino Jaycee 652
Santos Rayna 761
Saul Tatiana 329
Savion Lizeth 828
Sawyer Hope 225
Scott Cora 322
Seamus Rhianna 751
Sean Camila 83
Sebastian Sophie 74
Semaj Lainey 696
Sergio Delaney 209
Seth Katie 128
Shamar Justine 933
Shane Jillian 174
Shaun Amira 436
Shawn Kelsey 195
Sheldon Laci 952
Sidney Olive 813
Silas Rylie 313
Simeon Esperanza 967
Simon Veronica 261
Sincere Ansley 719
Skylar Mckayla 515
Skyler Valentina 265
Slade Reina 928
Solomon Lyric 429
Sonny June 863
Soren Maci 723
Spencer Skylar 191
Stanley Gisselle 653
Stephen Aliyah 192
Sterling Litzy 872
Steve Madalynn 593
Steven Molly 104
Sullivan Sonia 706
Talan Kaylen 726
Talon Paris 465
Tanner Daisy 161
Tate Mylee 433
Taylor Eleanor 256
Teagan Sherlyn 658
Terrance Kassandra 524
Terrell Kennedi 553
Terrence Lisa 605
Terry Lauryn 477
Thaddeus Anabel 955
Theodore Katelynn 295
Thomas Brooke 52
Timothy Natalia 108
Titus Noelle 443
Tobias Brylee 531
Toby Ayanna 579
Todd Mayra 769
Tomas Adelaide 551
Tommy Quinn 516
Tony Michaela 357
Trace Abbigail 508
Travis Sienna 177
Trent Georgia 312
Trenton Khloe 196
Trevin Frances 796
Trevon Kinsley 566
Trevor Leslie 147
Trey Kyleigh 316
Tripp Monique 926
Tristan Ariana 81
Tristen Julissa 339
Tristian Luz 732
Tristin Tamia 555
Triston Patricia 498
Troy Izabella 231
Trystan Micaela 968
Tucker Karina 237
Turner Donna 973
Ty Kyla 247
Tyler Victoria 27
Tyree Elsa 724
Tyrell Miah 778
Tyrese Sarahi 881
Tyrone Yazmin 654
Tyshawn Dalia 920
Tyson Fatima 249
Ulises Kaleigh 582
Uriah Kallie 697
Uriel Kadence 387
Urijah Valery 889
Valentin Sharon 641
Valentino Raelynn 906
Van Kendal 816
Vance Amirah 765
Vaughn Ryann 846
Vicente Elisa 622
Victor Serenity 111
Vincent Lydia 120
Wade Tabitha 591
Walker Anne 499
Walter Amari 393
Warren Linda 509
Waylon Ingrid 545
Wayne Greta 694
Wesley Julianna 194
Weston Ciara 324
Will Paulina 587
William Abigail 8
Willie Virginia 562
Wilson Kenya 537
Winston Deborah 809
Wyatt Claire 62
Xander Dakota 267
Xavier Andrea 71
Xzavier Kailee 628
Yadiel Marin 949
Yael Marlie 912
Yahir Yasmin 400
Yair Ashly 838
Yandel Clarissa 560
Yosef Alani 913
Yurem Elianna 1000
Yusuf Karlie 800
Zachariah Ainsley 441
Zachary Brooklyn 47
Zachery Raven 625
Zack Lorelai 884
Zackary Ruth 362
Zackery Maeve 638
Zaid Bria 924
Zaiden Mira 898
Zain Shyla 797
Zaire Tianna 844
Zander Ivy 298
Zane Caitlin 235
Zavier Elaine 742
Zayden Kassidy 488
Zayne Savanah 825
Zechariah Sariah 659
Zion Eden 232
