2004
Aaron Lily 53
Abdullah Lacy 897
Abel Marina 356
Abraham Veronica 193
Abram Norah 589
Adam Riley 58
Adan Clara 285
Addison Krista 542
Aden Nora 306
Aditya Tina 749
Adolfo Kali 543
Adonis Cayla 781
Adrian Alexa 72
Adriel Jacey 801
Adrien Jaylene 769
Agustin Jazmyn 651
Ahmad Athena 486
Ahmed Litzy 525
Aidan Allison 40
Aiden Angelina 60
Alan Ashlyn 131
Albert Yesenia 338
Alberto Kayleigh 283
Alden Amiya 733
Aldo Alma 608
Alec Jazmine 246
Alejandro Melissa 99
Alessandro Celia 675
Alex Madeline 63
Alexander Sophia 15
Alexandro Frida 729
Alexis Catherine 103
Alexzander Tess 642
Alfonso Lena 522
Alfred Aracely 716
Alfredo Fiona 327
Ali Angie 379
Alijah Kenya 632
Allan Jenny 444
Allen Shannon 256
Alonso Juliette 676
Alonzo Aspen 548
Alvaro Daphne 590
Alvin Maddison 514
Amari Nyla 408
Amarion Elle 490
Amir Eden 340
Anderson Deja 594
Andon Blanca 863
Andre Julianna 200
Andreas Delia 966
Andres Delaney 169
Andrew Abigail 6
Andy Alejandra 205
Angel Haley 44
Angelo Heaven 269
Anthony Alexis 11
Antoine Tiara 630
Anton Esperanza 751
Antonio Leslie 93
Antony Devin 762
Antwan Sally 919
Ari Sydnee 678
Ariel Willow 551
Arjun Nya 741
Armando Lindsay 241
Armani Chasity 728
Arnav Aleena 889
Arnold Emerson 900
Aron Kelsie 640
Arthur Nia 357
Arturo Kaylie 308
Aryan Emmalee 644
Asa Jaclyn 672
Asher Talia 334
Ashton Gabriella 76
Atticus Nathaly 933
August Justine 673
Augustus Jasmyn 841
Austin Katherine 35
Avery Elise 225
Axel Daniella 325
Aydan Jaylin 665
Ayden Jasmin 182
Aydin Gretchen 885
Baby Lainey 793
Bailey Tiana 434
Barrett Nichole 773
Barry Jazmyne 961
Beau Kassidy 402
Ben Kailee 528
Benjamin Ava 25
Bennett Genevieve 403
Benny Jaime 941
Bernard Maribel 764
Bernardo Yuliana 877
Billy Jane 459
Blaine Abbey 565
Blaise Elyssa 890
Blake Erin 95
Blaze Jalyn 816
Bo Karley 864
Bobby Kaitlynn 453
Boston Keyla 908
Brad Stacey 832
Braden Cheyenne 153
Bradley Angelica 176
Brady Kathryn 122
Bradyn Jaliyah 790
Braeden Josie 324
Braedon Tianna 712
Braiden Ashton 669
Branden Taryn 420
Brandon Taylor 22
Branson Tracy 949
Braulio Giana 850
Braxton Ariel 220
Brayan Alissa 336
Brayden Isabelle 107
Braydon Maritza 415
Braylon Yazmin 703
Brendan Kelsey 148
Brenden Cecilia 277
Brendon Dulce 460
Brennan Annabelle 300
Brennen Stacy 629
Brent Alice 404
Brenton Katelin 875
Brett Camryn 222
Brian Katelyn 59
Brice Kenzie 646
Brock Hayley 245
Broderick Christa 982
Brodie Lia 616
Brody Esmeralda 210
Bronson Alexandrea 1000
Brooks Kaila 633
Bruce India 478
Bruno Myah 786
Bryan Lillian 65
Bryant Rylie 317
Bryce Jacqueline 108
Brycen Brandy 659
Bryson Brenda 201
Byron Tia 509
Cade Cameron 251
Caden Nevaeh 104
Cael Janiah 955
Caiden Skye 400
Cale Shaylee 774
Caleb Kaitlyn 33
Calvin Kyra 219
Camden Macy 233
Cameron Kaylee 50
Camren Rubi 613
Camron Mercedes 339
Cannon Alia 830
Carl Rachael 370
Carlo Bria 950
Carlos Rebecca 71
Carmelo Rhea 910
Carson Brooklyn 101
Carter Amber 88
Casey Selena 261
Cash Sandy 798
Cason Iliana 804
Cayden Kristen 264
Cedric Sherlyn 579
Cesar Paris 157
Chad Kassandra 344
Chaim Xiomara 833
Chance Jaden 250
Chandler Ashlee 282
Charles Jenna 56
Charlie Ruth 351
Chase Jada 81
Chaz Karis 914
Chris Marisol 396
Christian Hailey 24
Christopher Elizabeth 10
Clarence Princess 745
Clark Adrienne 724
Clay Mariela 583
Clayton Eva 198
Clifford Amaris 823
Clinton Carina 731
Coby Savanah 702
Cody Jocelyn 85
Cohen Jazlyn 650
Colby Genesis 185
Cole Vanessa 75
Coleman Kennedi 634
Colin Maya 84
Collin Alicia 130
Colten Lillie 575
Colton Sophie 135
Conner Peyton 134
Connor Jennifer 38
Conor Deanna 451
Conrad Laurel 740
Cooper Margaret 133
Corbin Claudia 270
Cordell Katy 991
Corey Adrianna 212
Cornelius Taya 967
Cortez Natalee 915
Cory Cierra 349
Craig Simone 479
Cristian Ana 139
Cristofer Selina 992
Cristopher Arely 582
Cruz Yadira 561
Cullen Kya 707
Curtis Tara 322
Cyrus Marley 515
Dakota Kendall 137
Dale Noemi 603
Dallas Itzel 359
Dallin Bryn 911
Dalton Layla 167
Damarion Hadley 690
Damian Payton 159
Damien Sadie 196
Damion Tania 466
Damon Eliana 314
Dandre Micaela 810
Dane Anya 468
Dangelo Gia 753
Daniel Isabella 7
Danny Natasha 304
Dante Fatima 271
Daquan Madalynn 826
Darian Araceli 547
Darien Hunter 742
Darin Dianna 978
Dario Mandy 845
Darion Rocio 860
Darius Ashlynn 286
Darnell Maeve 708
Darrell Helena 557
Darren Yasmin 337
Darrin Drew 986
Darrius Lyndsey 927
Darryl Taniya 698
Darwin Christian 819
Dashawn Amira 652
Davian Carrie 811
David Alyssa 14
Davin Ally 592
Davion Cora 437
Davis Iris 376
Davon Jacquelyn 620
Dawson Maggie 206
Dayton Cara 508
Deacon Amina 898
Dean Christine 373
Deandre Rosa 416
Deangelo Kaylah 878
Declan Lisa 431
Demarcus Kayli 775
Demarion Candace 820
Demetrius Hallie 438
Dennis Skyler 310
Denzel Chaya 752
Deon Essence 817
Derek Mikayla 156
Derick Alisa 704
Derrick Kara 249
Deshaun Abagail 934
Deshawn Madelynn 546
Desmond Ayanna 467
Destin Darlene 996
Devan Alessandra 504
Deven Aileen 511
Devin Autumn 82
Devon Tiffany 175
Devonte Antonia 782
Devyn Ansley 661
Dexter Kenna 799
Diego Gabrielle 73
Dillan Kayley 666
Dillon Karina 197
Dimitri Zariah 968
Dion Joana 844
Domenic Felicia 880
Dominic Danielle 91
Dominick Meghan 217
Dominik Frances 639
Dominique Kaylynn 654
Donald Raven 263
Donavan Lara 734
Donovan Jordyn 187
Donte Juliet 648
Dorian Elisabeth 435
Douglas Leila 353
Drake Aniya 262
Draven Aria 683
Drew Lilly 211
Duncan Cheyanne 566
Dustin Cynthia 223
Dwayne Giovanna 684
Dwight Mina 886
Dylan Natalie 19
Dylon Galilea 831
Ean Jenifer 812
Earl Jayleen 951
Easton Carolyn 418
Eddie Harley 362
Eddy Aylin 916
Edgar Charlotte 170
Eduardo Lydia 126
Edward Laura 129
Edwin Cassandra 173
Efrain Melany 584
Efren Lexus 969
Eli Addison 160
Elian Shreya 855
Elias Amaya 207
Eliezer Makaila 993
Elijah Morgan 31
Elisha Lorena 599
Elliot Ainsley 398
Elliott Emilie 458
Ellis Reina 837
Elmer Ali 865
Elvin Robin 956
Elvis Karli 693
Emanuel Tessa 278
Emerson Rosemary 717
Emiliano Helen 364
Emilio Kirsten 297
Emmanuel Valeria 174
Emmett Jolie 621
Enrique Katelynn 255
Enzo Yvette 795
Eric Kimberly 61
Erick Valerie 180
Erik Bianca 172
Ernest Shaniya 597
Ernesto Shayla 347
Esteban Logan 352
Estevan Joyce 760
Ethan Hannah 5
Ethen Abigale 881
Eugene Karlee 585
Evan Destiny 39
Everett Mckayla 535
Ezekiel Emely 315
Ezequiel Maia 563
Ezra Kyleigh 381
Fabian Alaina 267
Felipe Amari 440
Felix Bryanna 393
Fernando Karen 155
Finn Janiyah 568
Fisher Montana 994
Fletcher Jaylen 959
Francis Janessa 524
Francisco Sabrina 149
Franco Sarahi 891
Frank Lizbeth 230
Frankie Annalise 746
Franklin Lila 489
Freddy Arielle 641
Frederick Malia 449
Fredrick Raina 802
Gabriel Julia 32
Gael Tori 371
Gage Naomi 145
Gannon Fabiola 866
Garret Zaria 671
Garrett Gracie 114
Garrison Saige 736
Gary Annika 326
Gaven Ryann 718
Gavin Faith 52
Gavyn Corinne 747
Geoffrey Paloma 851
George Lindsey 146
Gerald Kaleigh 463
Gerardo Jayden 235
German Libby 827
Giancarlo Sanaa 677
Gianni Dayana 626
Gideon Marianna 692
Gilbert Sylvia 560
Gilberto Irene 536
Gino Savana 902
Giovanni Ellie 189
Giovanny Destiney 834
Glenn Taliyah 682
Gonzalo Areli 856
Gordon Brisa 750
Grady Janelle 544
Graham Linda 421
Grant Kylee 141
Grayson Kendra 272
Gregory Chelsea 194
Greyson Aisha 655
Griffin Brittany 240
Guadalupe Aryana 882
Guillermo Lesly 407
Gunnar Gina 574
Gunner Meagan 595
Gustavo Tatiana 290
Guy Shirley 987
Haden Saniyah 894
Haiden Jana 960
Hamza Ayana 730
Harley Monique 462
Harold Eve 610
Harrison Zoey 209
Harry Trista 530
Hassan Sheila 803
Hayden Isabel 87
Heath Kaylyn 689
Hector Erika 192
Henry Jade 109
Heriberto Harper 887
Holden Kiley 372
Houston Dalia 824
Howard Mollie 776
Hudson Jayda 329
Hugh Gracelyn 921
Hugo Clarissa 367
Humberto Hazel 680
Hunter Kylie 49
Ian Sofia 69
Ibrahim Skyla 587
Ignacio Theresa 668
Immanuel Kaci 979
Irvin Cassie 662
Irving Chanel 922
Isaac Brooke 46
Isaak Anissa 903
Isai Cecelia 699
Isaiah Mackenzie 45
Isaias Madilyn 502
Isiah Annie 385
Ismael Madeleine 332
Israel Nadia 215
Issac Ximena 397
Ivan Breanna 117
Izaiah Judith 538
Jabari Lea 617
Jace Kailey 228
Jack Maria 42
Jackson Trinity 48
Jacob Emily 1
Jacoby Marlee 821
Jaden Evelyn 83
Jadon Viviana 430
Jadyn Shayna 800
Jaeden Quinn 685
Jagger Estefania 997
Jaheim Kayden 743
Jaiden Bella 260
Jaidyn Amiyah 814
Jaime Savanna 273
Jair Macey 605
Jairo Sienna 609
Jake Claire 98
Jakob Rebekah 236
Jakobe Susana 846
Jaleel Maren 944
Jalen Aubrey 190
Jamal Noelle 445
Jamar Tanya 635
Jamarcus Heidy 998
Jamari Dayanara 426
Jamarion Kaya 539
Jamel Journey 942
James Brianna 17
Jameson Jaqueline 516
Jamie Ashanti 533
Jamir Maleah 917
Jamison Tyler 577
Jan Jewel 770
Jaquan Ellen 495
Jared Miranda 127
Jaren Calista 874
Jarod Yessenia 988
Jaron Lilliana 656
Jarrett Kristin 517
Jarvis Kalyn 980
Jase Ingrid 618
Jason Makayla 47
Jasper Janae 578
Javen Lilia 937
Javier Ruby 158
Javion Tyra 705
Javon Phoebe 406
Jaxon Piper 266
Jaxson Jimena 464
Jay Britney 350
Jayce Destinee 521
Jayden Mary 62
Jaydin Addyson 895
Jaydon Marie 493
Jaylan Annette 695
Jaylen Celeste 204
Jaylin Joselyn 413
Jaylon Francesca 425
Jayson Eliza 319
Jayvon Robyn 970
Jean Mariam 681
Jefferson Parker 657
Jeffery Regan 419
Jeffrey Alondra 150
Jeramiah Ericka 975
Jeremiah Avery 77
Jeremy Madelyn 111
Jermaine Nataly 461
Jerome Zoie 552
Jerry Holly 293
Jesse Aaliyah 94
Jessie Kiersten 455
Jesus Jordan 70
Jett Amara 606
Jimmy Sandra 280
Joaquin Shania 384
Joe Priscilla 348
Joel Gianna 124
Joey Brittney 491
Johan Thalia 573
John Kayla 18
Johnathan Erica 183
Johnathon Carley 510
Johnny Camille 252
Jon Ryleigh 410
Jonah Carly 177
Jonas Alyson 456
Jonathan Jessica 21
Jonathon Kristina 328
Jordan Nicole 43
Jorden Mattie 794
Jordon Estrella 607
Jordy Iyanna 867
Jordyn Maliyah 928
Jorge Daniela 118
Jose Victoria 28
Josef Christiana 923
Joseph Samantha 9
Josh Elaine 660
Joshua Madison 3
Josiah Reagan 144
Josue Bethany 208
Jovan Stephany 748
Jovani Toni 755
Jovanni Treasure 892
Jovanny Camilla 912
Jovany Kaiya 868
Juan Zoe 54
Judah Mikaela 558
Jude Janiya 369
Julian Caroline 74
Julien Melina 627
Julio Diamond 268
Julius Tatum 383
Junior Penelope 647
Justice Madisyn 405
Justin Mia 30
Justus Kaliyah 732
Kade Kadence 388
Kaden Angela 105
Kadin Baylee 498
Kaeden Amelie 838
Kai Asia 247
Kaiden Julissa 311
Kale Campbell 796
Kaleb Adriana 119
Kamari Magdalena 807
Kamden Kenia 918
Kameron Dakota 276
Kamren Maryam 945
Kamron London 667
Kane Aleah 696
Kanye Brielle 487
Kareem Bailee 619
Karl Kaia 697
Karson Luz 602
Kasey Rowan 710
Kason Averie 981
Kayden Kathleen 318
Keagan Hana 691
Keanu Kathy 872
Keaton Denise 354
Keegan Keira 257
Keenan Adeline 586
Keith Joanna 253
Kellen Anaya 512
Kelton Alysa 822
Kelvin Liberty 412
Kendall Yasmine 507
Kendrick Abbigail 518
Kennedy Margarita 929
Kenneth Courtney 121
Kenny Joy 482
Kenyon Aubrie 857
Keon Tatyana 709
Kerry Sydni 971
Keshawn Julianne 636
Keven Joelle 935
Kevin Rachel 34
Kevon Miah 946
Keyon Yoselin 805
Keyshawn Cali 756
Khalil Gloria 422
Kian Luna 723
Kieran Karissa 545
Kobe Ashleigh 417
Koby Belen 883
Koda Kallie 943
Kody Teresa 409
Kolby Elisa 494
Kole Reyna 628
Kolton Mara 637
Konner Leticia 744
Konnor Ashly 839
Korbin Greta 706
Korey Melisa 952
Kristian Miracle 485
Kristopher Sidney 375
Kurt Donna 783
Kyan Violet 588
Kylan Tayler 791
Kyle Stephanie 55
Kyler Miriam 274
Lamar Aubree 727
Lamont Beatriz 930
Lance Kira 275
Landen Katrina 281
Landon Arianna 86
Landyn Patience 842
Lane Esther 298
Larry Meredith 333
Lawrence Kiana 363
Lawson Elyse 725
Layne Jamya 645
Layton Livia 947
Lee Sharon 556
Leo Guadalupe 265
Leon Kaley 519
Leonard Kasey 580
Leonardo Karla 195
Leonel Alanna 471
Leroy Ebony 818
Levi Skylar 154
Lewis Carlee 631
Liam Shelby 112
Lincoln Sonia 553
Logan Sydney 27
London Lucille 869
Lorenzo Kaitlin 295
Louis Alayna 302
Luca Hailee 394
Lucas Amanda 67
Luciano Micah 757
Luis Andrea 57
Luka Carol 847
Lukas Allie 294
Luke Savannah 41
Maddox Kiera 378
Madison Dorothy 858
Malachi Hope 179
Malakai Keely 771
Malaki Destini 926
Malcolm Lexie 534
Malik Nina 243
Manuel Cassidy 168
Marc Marisa 335
Marcel Desirae 840
Marcelo Brianne 924
Marco Serenity 191
Marcos Heather 244
Marcus Kennedy 116
Mario Alana 178
Mark Mariah 113
Markus Danna 638
Marlon Teagan 523
Marques Shyann 789
Marquez Sydnie 953
Marquis Tabitha 447
Marquise Annabella 726
Marshall Kaydence 377
Martin Lucy 203
Marvin Rose 355
Mason Paige 51
Mateo Aurora 321
Mathew Stella 291
Mathias Maura 738
Matias Lina 888
Matteo Colleen 700
Matthew Olivia 4
Matthias Elsa 815
Maurice Halle 386
Mauricio Sasha 368
Maverick Meadow 765
Max Caitlyn 164
Maxim Iyana 893
Maximilian Leilani 341
Maximillian Salma 813
Maximo Devyn 899
Maximus Alexus 427
Maxwell Rylee 136
Mekhi Callie 346
Melvin Ryan 433
Micah Juliana 163
Michael Emma 2
Micheal Alina 392
Miguel Molly 97
Mike Charlize 623
Mikel Nikki 870
Miles Aliyah 221
Milo Aliya 766
Milton Yareli 754
Misael Clare 649
Mitchell Makenzie 213
Mohamed Martha 505
Mohammad Nathalie 622
Mohammed Lesley 611
Moises Perla 360
Morgan Bridget 309
Moses Jaelyn 506
Moshe Saniya 614
Muhammad Alena 679
Myles Aniyah 296
Nash Carli 989
Nasir Valentina 481
Nathan Anna 20
Nathanael Raquel 443
Nathanial Ann 686
Nathaniel Sara 68
Nathen Aliza 777
Nehemiah Hayden 581
Neil Rhiannon 624
Nelson Elaina 457
Nestor Phoenix 879
Nicholas Grace 13
Nick Ada 852
Nickolas Kamryn 299
Nico Shyanne 694
Nicolas Kelly 138
Nigel Evelin 772
Nikhil Isabell 861
Niko Citlali 957
Nikolas Eleanor 301
Noah Ella 29
Noe Cristina 441
Noel Madyson 454
Nolan Caitlin 161
Norman Moriah 848
Octavio Regina 653
Oliver Alison 229
Omar Kate 147
Omari Tamara 569
Omarion Alisha 448
Orion Susan 550
Orlando Sage 361
Oscar Christina 123
Osvaldo Lucia 411
Oswaldo Ayla 713
Owen Michelle 66
Pablo Serena 303
Parker Alexia 132
Patrick Bailey 100
Paul Angel 128
Paxton Elissa 884
Payton Allyson 238
Pedro Monica 226
Perry Taniyah 808
Peter Natalia 142
Peyton Kyla 162
Philip Wendy 307
Phillip Laila 248
Phoenix Gillian 554
Pierce Kendal 513
Porter Lizeth 625
Pranav Leanna 767
Preston Jillian 152
Prince Celine 797
Quentin Brenna 330
Quincy Emilia 470
Quinn Cindy 305
Quinten Ciera 828
Quintin Kaelyn 567
Quinton Renee 476
Rafael Liliana 224
Rahul Samira 995
Ralph Felicity 711
Ramiro Kierra 532
Ramon Brooklynn 345
Randall Charity 571
Randy Patricia 316
Raphael Haven 670
Rashad Breana 719
Raul Josephine 242
Ray Harmony 576
Raymond Kiara 188
Raymundo Angeles 972
Reagan Delilah 596
Reece Nayeli 391
Reed Jessie 484
Reese Imani 390
Reginald Haleigh 492
Reid Isabela 442
Reilly Arlene 985
Remington Hillary 809
Rene Whitney 450
Reuben Katarina 853
Rex Chana 931
Rey Yaritza 983
Reynaldo Monserrat 701
Rhett Lyric 715
Rhys Nyasia 938
Ricardo Daisy 143
Richard Sierra 92
Ricky Brynn 358
Rigoberto Aiyana 688
Riley Amy 106
Rishi Roxana 976
River Katlyn 549
Robert Megan 36
Roberto Mckenna 202
Rocco Isis 537
Roderick Hailie 720
Rodney Krystal 432
Rodolfo Laci 499
Rodrigo Lauryn 389
Rogelio Macie 474
Roger Paulina 414
Rohan America 480
Roland Aryanna 778
Rolando Lilian 526
Roman Carmen 239
Romeo Amani 600
Ronald Vivian 232
Ronaldo Jaylynn 758
Ronan Deborah 643
Ronnie Haylie 541
Rory Jaidyn 721
Ross Roselyn 612
Rowan Dylan 475
Roy Carla 469
Ruben Cadence 218
Rudy Precious 559
Russell Georgia 366
Ryan Sarah 12
Ryder Heidi 342
Ryker Kianna 784
Rylan Tamia 374
Ryland Diane 904
Rylee Lizette 779
Sage Aimee 658
Salvador Paola 343
Salvatore Paula 663
Sam Virginia 439
Samir Kimora 806
Sammy Halie 825
Samson Ashtyn 954
Samuel Chloe 23
Santiago Jadyn 292
Santino Catalina 761
Santos Abigayle 768
Saul Nancy 289
Savion Noelia 901
Sawyer Kaylin 436
Scott Elena 214
Seamus Rayna 780
Sean Leah 64
Sebastian Amelia 96
Semaj Eileen 737
Sergio Jamie 199
Seth Audrey 80
Shamar Lacie 876
Shane Crystal 165
Shannon Madisen 873
Shaun Anne 399
Shawn Mariana 171
Shayne Astrid 939
Shea Jaycee 896
Sheldon Jakayla 759
Sidney Liana 722
Silas Jaiden 429
Simeon Nicolette 854
Simon Carolina 254
Sincere Rebeca 735
Skylar Sarai 472
Skyler Desiree 234
Solomon Anika 477
Sonny Marin 835
Soren Annabel 849
Spencer Mckenzie 151
Stanley Maci 555
Stefan Joslyn 792
Stephan Janice 862
Stephen Summer 140
Stephon Mira 909
Sterling Barbara 674
Steve Carlie 503
Steven Marissa 78
Stone Jaylee 925
Sullivan Mireya 948
Talon Karly 763
Tanner Alexandria 125
Tariq Diya 871
Tate Ivy 387
Taylor Jayla 216
Tayshaun Tamya 962
Teagan Reilly 905
Terrance Carissa 473
Terrell Raegan 488
Terrence Angelique 604
Terry Madalyn 401
Thaddeus Anita 906
Theodore Emilee 313
Thomas Alexandra 37
Timothy Ariana 79
Titus Marilyn 572
Tobias Dominique 500
Toby Dana 428
Todd Laney 540
Tomas Marlene 483
Tommy Izabella 395
Tony Lexi 320
Trace Kailyn 531
Travis Abby 166
Travon Jaylyn 913
Tre Dania 977
Trent Reese 258
Trenten Kourtney 973
Trenton Mallory 186
Trever Dasia 974
Trevin Jalynn 990
Trevion Alex 984
Trevon Janet 452
Trevor Gabriela 110
Trey Haylee 237
Tristan Mya 115
Tristen Alivia 331
Tristian Katharine 787
Tristin Abbie 570
Triston Justice 497
Troy Makenna 227
Truman Gwyneth 958
Tucker Anastasia 288
Turner Kasandra 907
Ty Giselle 181
Tyler Lauren 16
Tylor Miya 999
Tyree Karlie 615
Tyrell Mayra 601
Tyrese Gisselle 593
Tyrone Cristal 562
Tyshawn Kelli 932
Tyson Michaela 284
Ulises Gwendolyn 591
Uriel Larissa 446
Vance Laisha 788
Vaughn Shea 785
Vicente Presley 564
Victor Katie 102
Vincent Briana 120
Vincenzo Jailyn 936
Wade Lola 520
Walker Casey 382
Walter Samara 365
Warren Scarlett 527
Waylon Edith 687
Wayne Jaida 598
Wesley Jazmin 184
Weston Anahi 380
Will Pamela 529
William Ashley 8
Willie Fernanda 496
Wilson Lana 465
Winston Abril 836
Wyatt Diana 90
Xander Julie 259
Xavier Melanie 89
Xzavier Damaris 714
Yahir Ciara 323
Yair Chelsey 739
Yosef Graciela 859
Yusuf Lorelei 963
Zachariah Lacey 424
Zachary Jasmine 26
Zachery Amya 423
Zack Alize 920
Zackary Camila 287
Zackery Johanna 501
Zaid Riya 964
Zain Makena 829
Zaire Anabel 965
Zakary Devon 843
Zander April 279
Zane Hanna 231
Zavier Jackeline 940
Zechariah Brandi 664
Zion Melody 312
