1990
Aaron Sara 34
Abdul Loretta 934
Abel Lyndsey 384
Abraham Tasha 246
Abram Shanell 920
Adam Kelsey 32
Adan Rocio 548
Addison Sofia 645
Adolfo Laurie 649
Adrian Ariel 94
Agustin Katlin 627
Ahmad Jena 562
Ahmed Chantelle 721
Aidan Karly 889
Akeem Anita 405
Alan Desiree 125
Albert Priscilla 167
Alberto Cortney 225
Alden Candy 949
Aldo Joelle 792
Alec Summer 271
Alejandro Meagan 126
Alex Jordan 59
Alexander Jasmine 28
Alexandre Edna 950
Alexandro Nikole 837
Alexis Annie 334
Alfonso Mindy 423
Alfred Shauna 364
Alfredo Aimee 272
Ali Alanna 474
Allan Anastasia 382
Allen Sierra 141
Alonso Marla 805
Alonzo Ashlie 476
Alphonso Kaylie 806
Alton Celina 704
Alvaro Maegan 576
Alvin Ashton 331
Amir Jerrica 608
Amos Betsy 739
Anderson Sarai 881
Andre Brandy 137
Andreas Lissette 897
Andres Madison 203
Andrew Stephanie 7
Andy Toni 275
Angel Alison 133
Angelo Taryn 335
Anthony Amber 15
Antione Blake 937
Antoine Yvette 361
Anton Adrian 603
Antonio Kristina 77
Antony Martina 832
Antwan Leanne 534
Antwon Janie 668
Ari Becky 862
Aric Leann 693
Ariel Abbey 482
Armando Martha 229
Arnold Ashlyn 559
Aron Jessika 600
Arron Audra 673
Arsenio Chandra 742
Arthur Theresa 196
Arturo Mariah 259
Asa Liana 799
Ashley Lorraine 656
Ashton Tonya 365
Aubrey Mikayla 711
August Kaycee 846
Austen Cori 705
Austin Katie 55
Avery Tracey 492
Axel Richelle 898
Baby Logan 610
Barrett Chrystal 696
Barry Elisabeth 348
Beau Shayla 337
Ben Katy 514
Benito Jolene 795
Benjamin Victoria 33
Bennett Janessa 674
Bennie Phoebe 872
Benny Kanisha 714
Bernard Shanna 430
Bernardo Daphne 764
Bill Cherish 992
Billy Jenny 214
Blaine Marisol 400
Blair Lynn 580
Blake Meghan 91
Bo Kailey 602
Bobby Cindy 185
Brad Chantel 362
Braden Genevieve 485
Bradford Allie 579
Bradley Kristin 65
Bradly Yadira 635
Brady Sonia 315
Brandan Anabel 746
Branden Naomi 300
Brandon Heather 19
Brandyn Kaela 807
Brant Breann 775
Braxton Lyndsay 715
Brendan Anne 155
Brenden Cristal 518
Brendon Lucy 451
Brennan Lorena 383
Brennen Roxanna 899
Brent Katrina 127
Brenton Leigh 469
Bret Brenna 418
Brett Bianca 84
Brian Alyssa 27
Brice Juanita 529
Brittany Annemarie 996
Britton Bree 938
Brock Carissa 257
Broderick Liza 890
Brody Mai 796
Bronson Ali 687
Brooks Valeria 681
Bruce Tina 240
Bruno Linsey 993
Bryan Kathryn 57
Bryant Savannah 204
Bryce Carolyn 169
Bryon Tayler 708
Bryson Cayla 550
Byron Elise 265
Cade Demetria 885
Cale Sherri 921
Caleb Cynthia 88
Calvin Stacy 173
Camden Lee 955
Cameron Christine 62
Camron Chelsi 762
Carey Cody 858
Carl Krista 145
Carlo Teri 838
Carlos Katelyn 75
Carlton Esmeralda 425
Carson Tiffani 456
Carter Brandie 551
Cary Elsa 817
Casey Holly 89
Cassidy Sidney 922
Cecil Alina 664
Cedric Rochelle 377
Cedrick Sonja 828
Cesar Claudia 199
Chad Tara 85
Chadwick Dianna 594
Chaim Lashonda 893
Chance Devin 316
Chandler Maritza 486
Channing Kanesha 951
Charles Amy 38
Charlie Kylee 422
Chase Kara 110
Chauncey Lia 952
Chaz Vivian 448
Chester Kortney 676
Chris Sally 449
Christian Whitney 60
Christopher Ashley 2
Clarence Chasity 373
Clark Tyler 537
Claude Melina 833
Clay Julianne 444
Clayton Dominique 153
Clifford Simone 346
Clifton Jodi 473
Clint Joy 375
Clinton Robin 201
Clyde Bobbie 638
Coby Jody 986
Codey Maira 800
Codie Jesica 930
Cody Kimberly 31
Colby Michele 244
Cole Kristy 248
Coleman Phylicia 787
Colin Jillian 122
Collin Raquel 239
Colt Lora 768
Colten Josie 619
Colton Gina 139
Conner Kristian 628
Connor Jacquelyn 221
Conor Margarita 459
Conrad Kaci 621
Cooper Giselle 706
Corbin Dorothy 426
Cordell Latrice 749
Corey Vanessa 56
Cornelius Blair 487
Cornell Jesenia 962
Cortez Isamar 533
Cortney Kalie 931
Cory Jacqueline 67
Coty Kerry 447
Courtney Ericka 356
Craig Caroline 116
Cristian Iris 417
Cristobal Anjelica 923
Cristopher Elissa 743
Cruz Georgia 717
Cullen Kim 788
Curtis Karen 120
Cyrus Alessandra 829
Dakota Amelia 194
Dale Miriam 285
Dallas Yolanda 391
Dalton Daisy 193
Damian Clarissa 322
Damien Rachelle 332
Damion Cameron 675
Damon Kelsie 321
Dan Nikita 660
Dana Laurel 532
Dandre Deja 747
Dane Roxanne 336
Dangelo Bridgett 839
Daniel Samantha 5
Danny Mallory 162
Dante Lillian 366
Daquan Allyssa 709
Daren Danika 886
Darian Angelique 631
Darien Krysten 841
Darin Gladys 530
Dario Adrianne 783
Darion Ivette 859
Darius Denise 152
Darnell Elena 353
Daron Ivana 849
Darrel Jeannette 772
Darrell Tiara 245
Darren Heidi 200
Darrick Ayla 818
Darrin Rosemary 509
Darrius Sade 569
Darryl Marisa 255
Darwin Lourdes 910
Daryl Bridgette 440
Dashawn Athena 731
Dave Carlie 924
David Sarah 6
Davin Marlena 969
Davis Dakota 597
Davon Joyce 479
Dayton Mandi 876
Dean Esther 286
Deandre Alissa 276
Deangelo Judith 454
Dejuan Noel 790
Demarco Moriah 801
Demarcus Stephany 442
Demario Viviana 667
Demetrius Tessa 290
Dennis Valerie 129
Denzel Kali 445
Deon Whitley 549
Deontae Tosha 979
Deonte Christin 615
Dereck Hallie 778
Derek Jamie 54
Derick Shayna 412
Derik Iesha 732
Deron Gianna 863
Derrek Catalina 956
Derrell Alysa 900
Derrick Casey 106
Deshawn Desirae 481
Desmond Charlotte 287
Devan Latisha 493
Deven Griselda 730
Devin Gabrielle 98
Devon Nichole 151
Dewayne Elisha 647
Dexter Kristie 376
Diego Kelley 308
Dillon Renee 184
Dion Elyse 526
Dionte Cory 970
Domingo Kyle 823
Dominic Karina 189
Dominick Maribel 393
Dominique Melinda 207
Dominque Britny 723
Don Brittanie 553
Donald Marissa 87
Donavan Leandra 803
Donnell Stevie 652
Donnie Jana 545
Donny Marianne 980
Donovan Asia 299
Donta Dulce 903
Dontae Bernadette 735
Donte Tiana 424
Dorian Kristyn 520
Douglas Brandi 103
Drake Lara 538
Drew Colleen 160
Duane Beverly 521
Duncan Ingrid 737
Dustin Caitlin 50
Dusty Alysia 643
Dwayne Rose 307
Dwight Jalisa 446
Dylan Julia 83
Earl Larissa 403
Earnest Kalyn 850
Eddie Hilary 232
Eddy Chanelle 925
Edgar Jaclyn 143
Edgardo Kelsea 779
Edmund Charmaine 819
Eduardo Rebekah 149
Edward Shannon 68
Edwardo Lynsey 987
Edwin Carrie 170
Efrain Lesley 539
Efren Mikaela 773
Eli Diane 363
Elias Latasha 360
Eliezer Asha 997
Elijah Camille 243
Eliseo Mariel 963
Elisha Kacy 957
Elliot Liliana 369
Elliott Alyson 358
Ellis Kiana 758
Elmer Amie 698
Elton Marsha 964
Elvin Marian 935
Elvis Kaylin 718
Emanuel Christa 372
Emerson Katheryn 906
Emilio Kerri 438
Emmanuel Jade 218
Emmett Janel 965
Enrique Carla 263
Eric Chelsea 24
Erich Janay 719
Erick Janet 223
Erik Veronica 96
Erin Kaitlynn 654
Ernest Tatiana 283
Ernesto Jaime 310
Ervin Deidra 840
Esteban Kayleigh 414
Estevan Beatrice 720
Ethan Morgan 58
Eugene Kassandra 312
Evan Catherine 71
Everett Araceli 556
Ezekiel Lizette 625
Ezequiel Selina 765
Ezra Joan 763
Fabian Adrianna 325
Federico Vicky 945
Felipe Juliana 427
Felix Alana 368
Fernando Kylie 179
Fidel Makayla 804
Floyd Macy 641
Forrest Stacie 420
Francesco Tyesha 834
Francis Christy 284
Francisco Leslie 115
Frank Briana 109
Frankie Norma 494
Franklin Aubrey 298
Fred Breanne 498
Freddie Cecily 574
Freddy Paris 542
Frederick Tanya 252
Fredrick Cassidy 468
Gabriel Shelby 100
Gage Dawn 359
Galen Bobbi 766
Garett Dominque 912
Garret Constance 506
Garrett Diana 99
Garrick Perla 636
Garrison Kristan 958
Garry Tiera 769
Gary Dana 114
Gavin Ciara 294
Genaro Hali 994
Gene Octavia 618
Geoffrey Shawna 249
George Paige 79
Gerald Alejandra 211
Gerard Kira 527
Gerardo Jessie 254
German Emilie 616
Giancarlo Brooklyn 911
Gilbert Mia 341
Gilberto Nora 431
Gino Marquita 789
Giovanni Jill 329
Glen Eileen 464
Glenn Paula 296
Gonzalo Ivy 770
Gordon Patrice 471
Grady Felisha 774
Graham Blanca 397
Grant Caitlyn 183
Grayson Devan 669
Greg Tianna 712
Gregg Cathy 914
Greggory Nia 864
Gregorio Lana 808
Gregory Lindsey 51
Griffin Kaley 601
Guadalupe Britni 611
Guillermo Keisha 396
Gustavo Katlyn 343
Guy Shelly 565
Hakeem Shante 612
Hans Trista 745
Harley Genesis 590
Harold Marina 324
Harrison Karla 279
Harry Suzanne 370
Harvey Krysta 707
Hassan Madelyn 733
Hayden Katelynn 378
Heath Krystle 461
Hector Yesenia 156
Henry Joanna 138
Herbert Kaleigh 531
Heriberto Arlene 682
Herman Racheal 637
Hernan Roberta 939
Holden Pauline 756
Houston Shanika 728
Howard Kendall 404
Hugh Porsha 736
Hugo Cheryl 415
Humberto Sonya 512
Hunter Jocelyn 219
Ian Brooke 70
Ibrahim Corrine 877
Ignacio Savanna 599
Infant Leanna 389
Ira Jamila 835
Irvin Silvia 613
Irving Abbie 685
Isaac Monique 132
Isaiah Lydia 206
Isaias Micaela 811
Isiah Kierra 433
Isidro Nataly 913
Ismael Sheila 413
Israel Donna 317
Issac Sophie 606
Ivan Ashleigh 178
Jabari Micah 907
Jace Chantal 552
Jack Raven 166
Jackie Lizbeth 629
Jackson Christian 319
Jacob Melissa 20
Jacoby Catrina 908
Jacques Avery 797
Jade Billie 830
Jaime Virginia 215
Jairo Kaylyn 677
Jake Grace 140
Jakob Madeleine 578
Jamaal Kasandra 670
Jamal Mackenzie 247
Jamar Elisa 421
Jamarcus Juana 812
Jamel Jami 519
James Jennifer 8
Jameson Antonia 661
Jamie Ariana 227
Jamil Debbie 744
Jamison Nathalie 662
Jan Chastity 915
Jaquan Dina 755
Jared Natalie 63
Jarod Janette 634
Jaron Tricia 496
Jarred Arianna 411
Jarrell Wanda 981
Jarret Dara 882
Jarrett Bonnie 380
Jarrod Brianne 318
Jarvis Kaila 435
Jason Maria 47
Jasper Kenya 614
Javier Kirsten 157
Javon Ashly 535
Jay Carmen 217
Jayson Shantel 499
Jean Clara 522
Jedidiah Deidre 971
Jeff Maura 644
Jefferson Kimberlee 710
Jeffery Britney 136
Jeffrey Erin 43
Jeffry Danyelle 946
Jerad Aileen 851
Jerald Tanesha 809
Jered Karli 926
Jerel Kia 860
Jeremey Christopher 982
Jeremiah Ashlee 154
Jeremy Andrea 40
Jermaine Ruth 306
Jerod Selena 780
Jerome Kellie 264
Jeromy Elyssa 983
Jerrell Tiffanie 691
Jerrod Aisha 568
Jerry Candice 147
Jess Nadine 694
Jesse Allison 48
Jessica Cherie 865
Jessie Jasmin 231
Jessy Princess 760
Jesus Abigail 90
Jim Brittaney 688
Jimmie Terri 554
Jimmy Kiara 171
Joaquin Eleanor 598
Jody Domonique 699
Joe Chloe 212
Joel Alexandria 95
Joey Tierra 352
John Emily 12
Johnathan Haley 108
Johnathon Ann 251
Johnnie Joanne 561
Johnny Emma 130
Jon Kasey 216
Jonah Alexandrea 653
Jonas Julissa 776
Jonathan Courtney 17
Jonathon Ana 124
Jordan Laura 29
Jorden Janell 866
Jordon Shana 349
Jorge Kendra 117
Jory Jada 998
Jose Kelly 41
Josef Olga 786
Joseph Lauren 10
Josh Lauryn 700
Joshua Amanda 4
Josiah Antoinette 354
Josue Gabriella 292
Jovan Fatima 622
Juan Brianna 61
Julian Brenda 123
Julien Ava 953
Julio Mayra 195
Julius Kourtney 402
Junior Christiana 831
Justen Reyna 726
Justin Elizabeth 9
Justine Eryn 972
Kadeem Mara 540
Kai Eunice 928
Kaleb Trisha 305
Kalvin Aja 940
Kameron Mollie 462
Kareem Judy 575
Karl Faith 295
Kasey Kirstie 457
Keaton Noemi 592
Keegan Daniella 500
Keenan Beth 392
Keenen Renae 988
Kegan Jessi 916
Keith Molly 80
Kelby Krystin 932
Kellen Julianna 658
Kelly Frances 351
Kelsey Jerica 729
Kelvin Maggie 288
Ken Susanna 857
Kendal Marjorie 887
Kendall Stefanie 289
Kendell Jessenia 909
Kendrick Isabel 339
Kenneth Angela 52
Kenny Marilyn 432
Kent India 488
Kenton Lucero 867
Keon Lynette 820
Kerry Connie 483
Keven Emilia 984
Kevin Tiffany 23
Kevon Kati 878
Khalil Cora 852
Khiry Jesse 648
Kiefer Fabiola 854
Kirby Laci 784
Kirk Alice 347
Kody Jazmin 304
Kolby Mariela 821
Korey Christie 436
Kory Alma 386
Kraig Annmarie 973
Kristian Kyra 570
Kristofer Kala 543
Kristoffer Shameka 989
Kristopher Cristina 165
Kurt Sharon 274
Kurtis Alysha 410
Kwame Lucia 582
Kyle Danielle 18
Kyler Jenifer 623
Ladarius Michael 750
Lamar Carol 350
Lamont Paulina 571
Lance Kelli 181
Landon Cecilia 326
Lane Eliza 558
Laquan Rikki 824
Laron Brook 868
Larry Adriana 144
Laurence Alannah 936
Lawrence Angel 174
Lazaro Deirdre 990
Lee Marie 213
Leland Hollie 609
Leo Janice 477
Leon Marlene 390
Leonard Ruby 291
Leonardo Tabatha 416
Leonel Marisela 617
Leroy Ciera 443
Leslie Lily 585
Lester Ashely 632
Levi Gabriela 182
Lewis Maya 399
Liam Rhonda 605
Lincoln Heaven 855
Lionel Paola 665
Lloyd Mckenzie 490
Logan Krystal 104
Lonnie Mariana 508
Loren Terra 630
Lorenzo Robyn 309
Louie Portia 844
Louis Stacey 168
Lucas Miranda 112
Luis Alexis 66
Lukas Lena 528
Luke Sabrina 118
Luther Keely 767
Lyle Bryanna 633
Mackenzie Alycia 524
Madison Cecelia 847
Malachi Cari 959
Malcolm Gloria 241
Malcom Alexander 873
Male Myra 701
Malik Alexia 557
Manuel Sandra 134
Marc Carly 163
Marcel Edith 560
Marcelo Danae 974
Marco Bailey 226
Marcos Chelsie 273
Marcus Olivia 72
Mario Angelica 119
Marion Shelbi 883
Mark Taylor 46
Markus Angelia 501
Marlin Dena 966
Marlon Charity 458
Marques Leeann 813
Marquez Jaimee 874
Marquis Janelle 258
Marquise Susana 555
Marshall Jeanette 280
Martell Dora 975
Martez Monika 785
Martin Breanna 113
Marty Kathrine 781
Marvin Pamela 237
Mason Ellen 208
Mathew Lacey 148
Matthew Brittany 3
Maurice Wendy 205
Mauricio Rita 547
Max Susan 172
Maximilian Joann 684
Maxwell Justine 188
Melvin Misty 278
Micah Kristine 238
Michael Jessica 1
Micheal Linda 175
Michel Chaya 894
Mickey Janna 836
Miguel Kaitlin 101
Mike Jaimie 507
Mikel Martika 757
Mikhail Lizeth 967
Miles Kristi 269
Milton Kiera 566
Misael Leila 999
Mitchel Tamika 572
Mitchell Julie 93
Mohamed Iliana 740
Mohammad Luz 604
Mohammed Alecia 678
Moises Mandy 467
Monte Marcia 901
Morgan Devon 277
Morris Carley 761
Moses Emilee 588
Moshe Latifah 702
Mychal Gillian 825
Mykel Ella 869
Myles Kyla 428
Myron Gwendolyn 679
Najee Fiona 941
Nathan Brittney 44
Nathanael Jackie 523
Nathanial Christen 650
Nathaniel Melanie 86
Neal Alisa 460
Neil Angelina 261
Nelson Regina 281
Nestor Gretchen 626
Nicholas Kayla 14
Nick Corey 671
Nickolas Cierra 268
Nico Kiersten 620
Nicolas Ebony 187
Nigel Tess 573
Nikko Gabriel 904
Niko Melisa 777
Nikolas Beatriz 472
Noah Cassie 228
Noe Jacklyn 541
Noel Charlene 394
Nolan Carolina 302
Norman Sheena 470
Octavio Alesha 695
Oliver Yvonne 371
Omar Claire 159
Orlando Melody 314
Oscar Alisha 135
Osvaldo Danica 639
Otis Eden 697
Owen Debra 453
Pablo Brittni 357
Paris Janine 659
Parker Hanna 342
Patrick Erica 36
Paul Cassandra 49
Payton Holli 895
Pedro Madeline 197
Perry Sadie 455
Pete Darcy 782
Peter Erika 74
Peyton Geraldine 947
Philip Rachael 111
Phillip Jenna 81
Pierce Tera 891
Pierre Kelsi 495
Preston Sasha 198
Prince Trina 917
Quentin Randi 338
Quincy Janae 502
Quinn Kacie 517
Quinten Baby 861
Quintin Zoe 504
Quinton Callie 297
Rafael Destiny 202
Raheem Jean 771
Rakeem Kallie 942
Ralph Tanisha 385
Ramiro Natalia 478
Ramon Sophia 250
Randal Ashli 722
Randall Hillary 192
Randolph Rhiannon 672
Randy Nancy 131
Raphael Francesca 465
Rashaad Fallon 918
Rashad Lacy 355
Rashawn Cassondra 724
Rasheed Mari 933
Raul Barbara 210
Ray Guadalupe 328
Raymond Kathleen 92
Raymundo Laquita 826
Reece Jaqueline 791
Reed Jaleesa 655
Reese Lakeshia 896
Reggie Shari 943
Reginald Brittani 230
Reid Carina 544
Remington Tracie 927
Rene Tia 303
Reuben Maricela 583
Rex Yessenia 663
Reynaldo Justina 536
Rhett Tameka 842
Ricardo Felicia 121
Richard Mary 35
Rick Shirley 510
Rickey Kathy 503
Ricky Mercedes 176
Rico Jennie 584
Rigoberto Dayna 640
Riley Michaela 311
Robbie Kandace 751
Robert Nicole 13
Roberto Sydney 150
Robin Jayme 595
Rocco Andria 870
Rocky Clare 657
Roderick Irene 387
Rodney Teresa 180
Rodolfo Katharine 401
Rodrick Riley 827
Rodrigo Nicolette 511
Rogelio Staci 439
Roger Tamara 209
Roland Serena 505
Rolando Maureen 497
Roman Johanna 374
Ron Skyler 738
Ronald Patricia 97
Ronnie Deborah 262
Ronny Georgina 976
Roosevelt Shea 856
Rory Annette 513
Ross Meredith 190
Roy Allyson 236
Royce Shelley 703
Ruben Autumn 177
Rudolph Geneva 848
Rudy Keri 388
Russell Candace 142
Rusty Talia 607
Ryan Megan 11
Ryne Belinda 624
Salvador Hailey 293
Salvatore Katelin 567
Sam Nadia 395
Samir Helena 948
Sammy Angie 586
Samson Magdalena 919
Samuel Anna 45
Santiago Skylar 563
Santos Kassie 748
Saul Elaine 409
Scott Alicia 53
Scotty Shanice 727
Sean Alexandra 37
Sebastian Helen 320
Sergio Audrey 161
Seth Margaret 102
Shane April 73
Shannon Diamond 429
Shaun Tracy 224
Shawn Lindsay 69
Shay Haleigh 960
Shayne Darlene 484
Shea Irma 683
Shelby Ryan 525
Sheldon Alaina 441
Shelton Elaina 814
Sherman Kori 793
Sidney Loren 515
Silas Luisa 968
Simon Sandy 379
Skylar Tori 466
Skyler Jazmine 301
Solomon Skye 689
Sonny Kacey 651
Spencer Natasha 105
Spenser Roxana 686
Stacey Magen 875
Stacy Symone 822
Stanley Karissa 313
Stefan Meaghan 367
Stephan Corinne 406
Stephen Crystal 39
Stephon Brittny 591
Sterling Noelle 463
Steve Hayley 267
Steven Christina 25
Stevie Alex 802
Stewart Keshia 593
Stuart Eva 344
Sylvester Brittnee 713
Talon Imani 929
Tanner Evelyn 220
Tate Peggy 1000
Tavon Kimber 985
Taylor Lisa 64
Ted Lacie 642
Teddy Eboni 794
Terence Precious 452
Terrance Cara 235
Terrell Nikki 282
Terrence Kari 256
Terry Tabitha 164
Tevin Daniela 381
Thaddeus Sherry 581
Theodore Adrienne 233
Thomas Katherine 26
Timmy Jodie 871
Timothy Hannah 30
Titus Kenisha 879
Tobias Rebeca 725
Toby Betty 577
Todd Deanna 158
Tom Kristal 692
Tomas Britany 491
Tommie Isabella 892
Tommy Kate 270
Tony Alexa 146
Torey Shantell 991
Torrey Graciela 977
Tory Kimberley 666
Trace Shamika 978
Tracy Lea 516
Travis Kristen 42
Travon Doris 853
Tremaine Laken 954
Trent Latoya 253
Trenton Hope 266
Trever Kandice 752
Trevon Brittnie 843
Trevor Monica 76
Trey Jane 345
Tristan Cheyenne 330
Troy Chelsey 128
Tucker Traci 475
Ty Josephine 437
Tyler Rebecca 21
Tylor Breana 546
Tyree Kirstin 564
Tyrel Jeanne 961
Tyrell Tammy 450
Tyron Aurora 716
Tyrone Nina 260
Tyson Casandra 407
Ulises Latonya 798
Ulysses Kiley 753
Unknown Stefani 741
Uriel Shanae 690
Valentin Maryann 902
Van Samatha 880
Vance Corina 646
Vaughn Krystina 754
Vernon Tania 489
Vicente Lakeisha 587
Victor Leah 82
Vince Shakira 888
Vincent Kaitlyn 78
Virgil Delia 810
Wade Lori 323
Walker Destinee 845
Wallace Joana 905
Walter Bridget 191
Warren Leticia 340
Waylon Tarah 995
Wayne Rosa 242
Wendell Yasmin 680
Wesley Bethany 107
Westley Rubi 734
Weston Celeste 398
Wilbert Lisette 944
Wilfredo Marcella 759
Will Celia 589
William Rachel 16
Willie Abby 222
Willis Valencia 815
Wilson Jordyn 480
Winston Maranda 596
Wyatt Shaina 408
Xavier Arielle 186
Zachariah Shaniqua 327
Zachary Michelle 22
Zachery Kaylee 234
Zackary Sylvia 333
Zackery Chanel 419
Zakary Deana 884
Zane Infant 434
Zechariah Alyse 816
