1998
Aaron Amber 37
Abdul Chaya 970
Abdullah Marcella 897
Abel Tamia 378
Abraham Kristin 211
Abram Kortney 942
Adam Mary 45
Adan Paulina 533
Addison Katharine 548
Adolfo Aisha 604
Adonis Trisha 790
Adrian Makayla 71
Agustin Jazmyn 634
Ahmad Kali 401
Ahmed Destini 594
Aidan Isabelle 196
Aiden Moriah 545
Alan Lindsay 161
Albert Julianna 259
Alberto Dakota 247
Alden Sonya 783
Aldo Malia 653
Alec Jamie 112
Alejandro Jacqueline 95
Alessandro Shauna 871
Alex Kelsey 56
Alexander Emma 22
Alexandre Alycia 921
Alexandro Charlene 855
Alexis Valerie 148
Alfonso Rhiannon 465
Alfred Maia 538
Alfredo Skyler 296
Ali Talia 393
Allan Kelli 452
Allen Joanna 239
Alonso Leila 736
Alonzo Zaria 525
Alton Savana 887
Alvaro Alayna 568
Alvin Lorena 445
Amari Jayda 680
Amir Joy 442
Amos Tayla 987
Anderson Jacey 872
Andre Whitney 193
Andreas Shelbi 898
Andres Alejandra 157
Andrew Madison 9
Andy Guadalupe 223
Angel Alexandria 81
Angelo Clarissa 302
Anthony Amanda 19
Antoine Kamryn 553
Anton Shaina 672
Antonio Briana 79
Antony Darlene 832
Antwan Norma 720
Ari Rochelle 873
Aric Joelle 837
Ariel Aimee 475
Armando Mercedes 224
Armani Carol 658
Arnold Alize 713
Aron Tanya 602
Arron Delia 863
Arthur Valeria 290
Arturo Tiana 291
Asa Melina 793
Asher Darby 686
Ashton Rosa 278
Aubrey Gabriel 827
August Chyna 598
Augustus Martina 924
Austen Sienna 532
Austin Elizabeth 10
Auston Jena 879
Austyn Rylie 656
Avery Avery 246
Axel Princess 794
Baby Anika 731
Babyboy Kenia 977
Bailey Lydia 153
Barrett Jaycee 993
Barry Reyna 610
Beau Simone 450
Ben Kaylyn 562
Benito Jaida 874
Benjamin Rebecca 30
Bennett Aileen 485
Benny Willow 852
Bernard Sarai 616
Bernardo Alysha 791
Billy Julissa 332
Bishop Melisa 961
Blaine India 498
Blaise Abigayle 899
Blake Cassandra 85
Bo Kinsey 833
Bobby Annie 324
Brad Blanca 581
Braden Alissa 250
Bradford Scarlett 834
Bradley Kristen 101
Bradly Shelbie 777
Brady Holly 163
Braeden Kristine 635
Brandan Antoinette 757
Branden Cassie 309
Brandon Taylor 7
Brandyn Jesse 792
Brannon Ayla 909
Branson Alia 931
Brant Kendal 880
Braxton Esther 323
Brayan Jazlyn 688
Brayden Camille 283
Braydon Karly 629
Brendan Heather 99
Brenden Deanna 245
Brendon Ashton 318
Brennan Anne 274
Brennen Kenya 534
Brennon Ingrid 896
Brent Maggie 249
Brenton Brielle 676
Bret Juliet 605
Brett Adriana 133
Brian Danielle 41
Brice Lena 527
Brock Kailey 279
Broderick Janie 971
Brody Ava 350
Bronson Lillie 875
Brooks Christiana 729
Bruce Ivy 383
Bryan Caroline 74
Bryant Allie 312
Bryce Chelsea 94
Brycen Abril 957
Bryson Lacey 321
Byron Makenna 422
Cade Aliyah 335
Caden Kaila 464
Cale Emilia 856
Caleb Jordan 42
Calvin Alondra 203
Camden Cristal 522
Cameron Haley 35
Camron Devin 461
Carl Genesis 260
Carlo Judy 994
Carlos Christina 69
Carlton Susana 687
Carson Peyton 218
Carter Tara 189
Casey Rachael 170
Cedric Lizbeth 419
Cesar Julie 168
Chad Kendall 187
Chaim Katlynn 801
Chance Nancy 208
Chandler Kiara 173
Charles Sara 48
Charlie Chasity 454
Chase Tiffany 67
Chauncey Brionna 947
Chaz Kenzie 705
Chris Carla 406
Christian Jasmine 26
Christion Jensen 988
Christopher Sarah 5
Clarence Mireya 563
Clark Amani 733
Clay Lesley 394
Clayton Casey 150
Clifford Randi 655
Clifton Calista 696
Clint Drew 778
Clinton Mara 589
Clyde Shae 925
Coby Leanna 575
Cody Maria 43
Colby Delaney 220
Cole Autumn 77
Coleman Ryan 528
Colin Zoe 122
Collin Mia 130
Colt Giovanna 758
Colten Irene 493
Colton Monica 105
Conner Kristina 192
Connor Gabrielle 47
Conor Reagan 333
Conrad Carlee 613
Cooper Alana 254
Corbin Marina 322
Cordell Bria 531
Corey Caitlyn 115
Cornelius Gwendolyn 702
Cortez Daphne 760
Cory Diamond 164
Courtney Stefanie 709
Craig Cristina 315
Cristian Karina 144
Cristopher Jeanette 715
Cruz Alivia 659
Cullen Genevieve 535
Curtis Kiana 226
Cyrus Eileen 554
Dakota Cheyenne 72
Dakotah Demi 841
Dale Ann 467
Dallas Cecilia 285
Dallin Nataly 745
Dalton Katie 88
Damian Jazmin 207
Damien Callie 300
Damion Justice 435
Damon Kate 272
Dan Kameron 951
Dandre Micah 582
Dane Nikki 482
Dangelo Reilly 623
Daniel Kayla 12
Danny Natalia 270
Dante Kirsten 201
Daquan Stacy 517
Darian Jayla 387
Darien Tess 572
Darin Leanne 780
Dario Jodi 910
Darion Christy 614
Darius Madelyn 162
Darnell Kayley 555
Darrell Ebony 432
Darren Meredith 280
Darrian Mattie 934
Darrien Ryann 980
Darrin Leilani 739
Darrion Serenity 842
Darrius Miracle 633
Darryl Laurel 509
Daryl Sally 693
Dashawn Marlene 573
David Megan 13
Davin Valentina 835
Davion Tina 569
Davis Clara 375
Davon Janae 481
Davonte Rachelle 689
Dawson Kara 175
Dayton Cayla 558
Dean Ruth 346
Deandre Brenna 287
Deangelo Lea 636
Declan Dorothy 710
Deion Emerald 810
Dejuan Kaylan 967
Demarco Myah 787
Demarcus Alisa 579
Demetrius Felicia 377
Dennis Mya 238
Denver Dejah 784
Denzel Gracie 620
Deon Desirae 615
Deondre Michele 734
Deontae Kia 972
Deonte Antonia 539
Dequan Fabiola 772
Derek Crystal 110
Derick Donna 567
Derrick Abby 194
Deshaun Dawn 807
Deshawn Karissa 428
Desmond Harley 352
Destin Tasia 802
Devan Alyson 409
Devante Salma 571
Deven Marilyn 491
Devin Mariah 62
Devon Jada 119
Devonta Armani 926
Devonte Adrienne 440
Devyn Rosemary 617
Dewayne Ashly 866
Dexter Kathy 618
Diego Allyson 186
Dillan Karli 596
Dillion Skyla 843
Dillon Esmeralda 134
Dimitri Rocio 673
Dion Halie 665
Domenic Beatrice 935
Dominic Kaitlin 120
Dominick Kyla 264
Dominik Connie 867
Dominique Candace 479
Don Dasia 765
Donald Patricia 180
Donavan Yvonne 690
Donnie Kaycee 812
Donovan Karla 209
Dontae Starr 823
Donte Sylvia 470
Dorian Brianne 506
Douglas Payton 227
Drake Makenzie 269
Draven Ashlie 894
Drew Alison 188
Duane Annette 769
Duncan Eleanor 386
Dustin Molly 108
Dwayne Montana 510
Dwight Anissa 669
Dylan Brittany 25
Dylon Janice 711
Earl Karlie 601
Easton Bridgette 670
Eddie Wendy 339
Edgar Arianna 167
Eduardo Audrey 145
Edward Faith 106
Edwin Jordyn 197
Efrain Kellie 541
Efren Katerina 824
Eli Ashleigh 288
Elias Yesenia 261
Elijah Marissa 66
Elisha Tiffani 674
Elliot Carlie 468
Elliott Luz 501
Ellis Tatianna 817
Elmer Jaden 763
Elvis Shea 703
Emanuel Marie 364
Emerson Hillary 868
Emilio Mariana 340
Emmanuel Marisa 213
Emmett Dianna 847
Enrique Bridget 237
Eric Courtney 39
Erick Asia 206
Erik Carly 140
Ernest Alma 486
Ernesto Tamara 336
Esteban Virginia 362
Estevan Lizette 684
Ethan Allison 38
Eugene Micaela 462
Evan Paige 63
Everett Meaghan 583
Ezekiel Iris 453
Ezequiel Aspen 590
Ezra Skye 492
Fabian Krista 317
Felipe Paris 455
Felix Pamela 388
Fernando Riley 166
Fidel Joanne 892
Floyd Bobbi 981
Forrest Celia 619
Francesco Presley 989
Francis Julianne 410
Francisco Angel 138
Frank Evelyn 178
Frankie Selina 681
Franklin Carley 389
Fred Gretchen 746
Freddie Kristi 830
Freddy Lyric 639
Frederick Mayra 361
Fredrick Yvette 621
Gabriel Kimberly 54
Gage Lily 169
Garett Octavia 876
Garret Tianna 477
Garrett Miranda 80
Garrison Chelsie 650
Gary Kylee 234
Gavin Gabriella 116
Genaro Leeann 982
Geoffrey Paula 546
George Cynthia 126
Gerald Justine 376
Gerard Roxanne 838
Gerardo Amelia 217
German Raegan 759
Giancarlo Lacy 913
Gianni Stacey 560
Gilbert Alanna 507
Gilberto Britney 451
Gino Ali 795
Giovanni Tessa 225
Giovanny Beverly 936
Glen Mikala 740
Glenn Savanah 496
Gonzalo Baby 900
Gordon Sandy 640
Grady Lara 825
Graham Lexi 407
Grant Veronica 127
Grayson Heaven 359
Gregorio Vanesa 927
Gregory Angelica 109
Greyson Nayeli 796
Griffin Tatiana 215
Guadalupe Eliana 708
Guillermo Mckayla 369
Gunnar Kailee 511
Gunner Kyleigh 666
Gustavo Tatyana 311
Guy Quinn 764
Hakeem Breanne 788
Hamza Marlee 943
Hans Constance 937
Harley Regan 431
Harold Shyanne 514
Harrison Lillian 174
Harry Angelique 469
Hassan Aleah 677
Hayden Hope 160
Heath Elaina 651
Hector Raven 185
Henry Daisy 136
Herbert Liana 797
Heriberto Patience 848
Herman Harmony 938
Hernan Eryn 922
Holden Ally 416
Houston Arlene 725
Howard Emely 586
Hudson Tracy 667
Hugh Jenifer 773
Hugo Jane 415
Humberto Kourtney 576
Hunter Kaitlyn 36
Ian Sophia 73
Ibrahim Hayden 836
Ignacio Taya 638
Infant Corina 945
Irvin Maranda 642
Isaac Jenna 65
Isai Shanice 962
Isaiah Melissa 59
Isaias Nicolette 580
Ishmael Alyssia 952
Isiah Chelsey 348
Isidro Deasia 958
Ismael Kelsie 351
Israel Aubrey 243
Issac Nora 476
Ivan Kendra 154
Izaiah Asha 853
Jabari Jazmyne 916
Jace Jessie 379
Jack Andrea 61
Jackie Erykah 779
Jackson Angela 100
Jacob Hannah 2
Jacoby Berenice 761
Jacques Maci 914
Jacquez Unique 864
Jaden Tiara 328
Jadon Alessandra 753
Jaime Priscilla 240
Jairo Aylin 737
Jake Catherine 102
Jakob Adrianna 190
Jaleel Felicity 818
Jalen Mallory 204
Jalon Maricela 918
Jamal Francesca 372
Jamar Anita 657
Jamarcus Aubree 854
Jamari Blair 826
Jamel Tea 749
James Abigail 18
Jameson Madisen 698
Jamie Addison 403
Jamil Breann 953
Jamison Casandra 599
Jaquan Tierra 425
Jared Sierra 51
Jaren Tanisha 858
Jaret Shawna 556
Jarett Kaelyn 742
Jarod Kira 275
Jaron Edith 591
Jarred Ellen 426
Jarrett Krystal 282
Jarrod Larissa 396
Jarvis Yadira 691
Jason Natalie 40
Jasper Sage 611
Javier Brenda 149
Javon Carrie 420
Javonte Shaylee 813
Jaxon Dulce 692
Jay Vivian 326
Jayce Maeve 881
Jayden Daniella 395
Jaylan Jaelyn 901
Jaylen Helen 349
Jaylin Chandler 588
Jaylon Hailee 489
Jayson Josie 360
Jean Cecelia 806
Jefferson Kallie 722
Jeffery Bryanna 293
Jeffrey Claire 91
Jelani Eve 932
Jensen Lia 968
Jeremiah Margaret 114
Jeremy Sabrina 68
Jermaine Haleigh 430
Jerod Catalina 939
Jerome Bailee 414
Jerrod Sade 911
Jerry Sandra 228
Jesse Hailey 70
Jessie Marisol 385
Jesus Breanna 76
Jimmie Marianna 882
Jimmy Anastasia 265
Joaquin Mollie 557
Joe Shania 286
Joel Isabel 118
Joey Lexus 519
Johan Hazel 940
John Rachel 15
Johnathan Brittney 143
Johnathon Liliana 343
Johnnie Odalys 902
Johnny Madeleine 216
Jon Cheyanne 329
Jonah Jazmine 219
Jonas Kelsi 521
Jonathan Olivia 21
Jonathon Daniela 195
Jordan Alexandra 27
Jorden Kasandra 697
Jordi Stevie 903
Jordon Georgia 429
Jordy Elyssa 803
Jorge Leah 107
Jose Katherine 33
Josef Dallas 756
Joseph Alyssa 11
Josh Daisha 877
Joshua Ashley 4
Josiah Mckenna 212
Josue Brandi 256
Jovan Cortney 646
Jovani Fernanda 963
Jovany Hadley 964
Juan Vanessa 52
Judah Kennedi 995
Julian Erika 124
Julien Kelley 782
Julio Ciara 251
Julius Perla 487
Junior Devyn 751
Justice Heidi 342
Justin Jennifer 20
Justus Misty 719
Justyn Loren 706
Juwan Elaine 523
Kade Charity 529
Kaden Sasha 433
Kai Athena 549
Kale Jayde 996
Kaleb Bianca 156
Kalen Jasmyn 859
Kameron Ashlee 267
Kamron Shirley 743
Kane Mariela 564
Kareem Araceli 595
Karl Christian 483
Kasey Madyson 628
Keagan Lexis 948
Keanu Star 973
Keaton Kayleigh 363
Keegan Charlotte 305
Keenan Kiersten 458
Keith Naomi 191
Kellen Nadine 798
Kelly Janessa 699
Kelton Sydnie 849
Kelvin Kassidy 367
Kendall Jenny 368
Kendrick Toni 417
Kennedy Zoie 928
Kenneth Kaylee 86
Kenny Viviana 478
Kent Kayli 723
Kenton Audra 974
Kenyon Cori 983
Keon Kacey 647
Kerry Katia 941
Keshawn Kari 660
Keven Camila 814
Kevin Julia 32
Kevon Ireland 819
Keyon Debra 984
Keyshawn Silvia 799
Khalid Jill 808
Khalil Alaina 399
Kieran Isis 625
Killian Raina 997
Kirk Lori 718
Kobe Meagan 263
Koby Karlee 592
Kody Gloria 334
Kolby Judith 550
Kole Mariam 748
Kolton Phoebe 607
Konnor Elsa 998
Kordell Suzanne 844
Korey Damaris 704
Kory Leann 622
Kristian Noelle 404
Kristofer Kaylah 815
Kristopher Gianna 266
Kurt Darian 543
Kurtis Katarina 606
Kylan Hollie 999
Kyle Nicole 24
Kyler Tia 314
Kyree Iliana 888
Ladarius Kori 754
Lamar Chantel 682
Lamont Carson 732
Lance Baylee 316
Landen Shana 839
Landon Ashlyn 202
Lane Elise 294
Larry Kassandra 248
Lawrence Carmen 277
Layne Caitlynn 735
Lee Madalyn 402
Leland Samara 990
Leo Arielle 434
Leon Hallie 480
Leonard Elisa 473
Leonardo Ruby 257
Leonel Noemi 561
Leroy Diane 644
Levi Desiree 159
Lewis Destiney 559
Liam Rebekah 155
Lincoln Sydni 883
Lionel Amira 915
Lloyd Kirstin 893
Logan Savannah 44
Lonnie Reanna 789
Loren Ivana 975
Lorenzo Mikaela 295
Louis Celeste 252
Lucas Erica 93
Luciano Serina 959
Luis Grace 53
Lukas Lucy 392
Luke Laura 75
Mackenzie Sydnee 626
Madison Marley 752
Malachi Ella 413
Malcolm Camryn 366
Malik Selena 139
Manuel Ariel 147
Marc Giselle 242
Marcel Sheila 661
Marcelo Anya 845
Marco Cierra 181
Marcos Cindy 236
Marcus Amy 96
Mariano Keisha 1000
Mario Hayley 151
Mark Mackenzie 64
Markel Rhianna 904
Markell Stella 906
Markus Madelynn 631
Marlon Alina 494
Marques Ashanti 831
Marquez Celina 663
Marquis Cara 357
Marquise Kiera 443
Marshall Emilee 353
Martin Hanna 165
Marvin Raquel 325
Mason Diana 83
Mateo Amari 513
Mathew Aaliyah 222
Matteo Breonna 933
Matthew Samantha 3
Maurice Carolyn 327
Mauricio Annika 472
Maverick Lilian 804
Max Jillian 158
Maximilian Kaylin 441
Maximillian Katlin 716
Maxwell Melanie 135
Mekhi Haven 923
Melvin Sonia 418
Micah Kyra 199
Michael Emily 1
Micheal Sidney 271
Miguel Kathryn 90
Miguelangel Janette 965
Mike Lucia 630
Mikel Layla 860
Miles Imani 253
Milton Itzel 747
Misael Daria 741
Mitchel Annabelle 641
Mitchell Michaela 103
Mohamed Johanna 502
Mohammad Shayna 488
Mohammed Lexie 524
Moises Janet 371
Montana Tamera 821
Morgan Rose 297
Moses Ciera 508
Moshe Kianna 654
Muhammad Kaela 726
Myles Hunter 304
Myron Bryana 809
Najee Elisha 946
Nash Kaylynn 770
Nasir Alysia 884
Nathan Destiny 34
Nathanael Abbey 408
Nathanial Jailene 544
Nathaniel Bailey 60
Nathen Nautica 949
Neal Kaci 766
Nehemiah Haylie 828
Neil Barbara 463
Nelson Carissa 400
Nestor Kristy 727
Nicholas Alexis 6
Nick Katy 829
Nicklaus Lizeth 969
Nickolas Monique 258
Nico Lourdes 889
Nicolas Bethany 132
Nigel Kiley 537
Nikhil Caleigh 954
Niko Destany 950
Nikolas Brandy 284
Noah Stephanie 29
Noe Leticia 474
Noel Celine 456
Nolan Tori 233
Norman Kailyn 652
Octavio Kalie 800
Oliver Tyler 356
Omar Dominique 146
Omari Keri 850
Orion Keely 540
Orlando Jaclyn 391
Oscar Gabriela 129
Osvaldo Anahi 515
Owen Claudia 179
Pablo Miriam 310
Paris Alysa 774
Parker Ana 141
Patrick Erin 57
Paul Kelly 89
Paxton Justina 917
Payton Teresa 308
Pedro Brooklyn 200
Perry Thalia 624
Peter Leslie 111
Peyton Serena 221
Philip Dana 214
Phillip Jasmin 177
Phoenix Violet 907
Pierce Angie 597
Pierre Madilyn 805
Preston Christine 176
Prince Tristan 851
Quentin Elena 273
Quincy Graciela 574
Quinn Gillian 330
Quinten Brook 675
Quintin Brooklynn 542
Quinton Macy 337
Raekwon Maura 683
Rafael Alexia 229
Raheem Hana 738
Rahul Jayme 976
Ralph Lilly 584
Ramiro Kacie 495
Ramon Tabitha 281
Randall Susan 382
Randy Deja 244
Raphael Alexandrea 668
Rashad Halle 570
Rashawn Karley 712
Rasheed Yajaira 966
Raul Sofia 232
Raven Shakira 861
Ray Lesly 490
Raymond Mckenzie 142
Raymundo Magdalena 816
Reagan Lila 929
Reece Deborah 466
Reed Alice 439
Reese Ericka 547
Reginald Kaitlynn 355
Reid Kaleigh 423
Reilly Kelsea 908
Remington Brittani 728
Rene Tatum 397
Reuben Shyann 744
Rex Marlena 944
Reynaldo Brynn 721
Rhett Christa 637
Ricardo Jade 125
Richard Michelle 55
Rick Jocelyne 885
Rickey Shianne 905
Ricky Logan 292
Rico Chase 955
Rigoberto Maegan 648
Riley Jocelyn 128
River Clare 499
Robert Morgan 23
Roberto Skylar 172
Robin America 912
Rocky Kaylen 985
Roderick Lyndsey 627
Rodney Nadia 319
Rodolfo Janelle 411
Rodrigo Tania 446
Rogelio Robyn 484
Roger Josephine 347
Rohan Yessenia 785
Roland Helena 678
Rolando Fatima 497
Roman Renee 338
Romeo Abbie 603
Ronald April 182
Ronaldo Carina 552
Ronnie Taryn 436
Rory Macey 608
Ross Alisha 341
Roy Rylee 384
Royce Myra 919
Ruben Natasha 205
Rudy Trinity 526
Russell Carolina 299
Ryan Brianna 17
Ryder Cydney 920
Rylan Allyssa 662
Sage Maritza 551
Salvador Nia 331
Salvatore Margarita 609
Sam Maddison 460
Samir Lucero 869
Sammy Joyce 685
Samuel Sydney 28
Santiago Ayanna 447
Santos Ayana 724
Saul Destinee 307
Savion Juanita 730
Sawyer Regina 503
Scott Maya 123
Seamus Odalis 890
Sean Madeline 50
Sebastian Cameron 198
Sergio Kathleen 171
Seth Chloe 87
Shamar Esperanza 700
Shane Kylie 117
Shannon Carli 649
Shaun Jacquelyn 370
Shawn Cassidy 113
Shayne Elissa 714
Shelby Jayden 886
Sheldon Emilie 518
Shemar Monika 930
Sidney Cora 536
Silas Stephany 679
Simeon Tammy 840
Simon Kasey 301
Skylar Haylee 358
Skyler Lisa 230
Solomon Kaley 500
Sonny Delilah 878
Spencer Isabella 84
Stanley Frances 471
Stefan Zoey 530
Stephan Corinne 600
Stephen Caitlin 78
Stephon Katelin 587
Sterling Devon 505
Steve Melody 390
Steven Brooke 46
Stewart Alexys 991
Stone Gisselle 632
Stuart Estrella 664
Syed Shantel 986
Tahj Alex 771
Taj Yazmin 956
Talon Rebeca 707
Tanner Mikayla 82
Tarik Kerri 978
Tariq Nathalie 444
Tate Robin 512
Tavian Adrian 862
Taylor Shannon 104
Terence Jacklyn 775
Terrance Martha 374
Terrell Tyra 320
Terrence Breana 459
Terry Denise 303
Tevin Melinda 585
Thaddeus Kalyn 811
Theodore Juliana 289
Thomas Anna 31
Timothy Shelby 49
Titus Dalia 786
Tobias Candice 593
Toby Maribel 577
Todd Theresa 365
Tomas Essence 457
Tommy Gina 298
Tony Sophie 255
Trace Ellie 437
Tracy Makala 781
Travis Alicia 98
Travon Beatriz 643
Tre Nikita 645
Trent Nina 231
Trenton Kennedy 183
Trever Bonnie 717
Trevin Eboni 992
Trevon Colleen 344
Trevor Katelyn 58
Trey Katelynn 210
Tristan Alexa 92
Tristen Sadie 276
Tristian Juliette 671
Tristin Lauryn 421
Triston Precious 380
Troy Alexus 184
Trystan Jana 857
Tucker Shayla 306
Turner Sarina 820
Ty Katlyn 262
Tyler Jessica 8
Tylor Aurora 504
Tyquan Daija 846
Tyree Kaylie 405
Tyreek Myranda 822
Tyrek Chanel 694
Tyrell Eliza 449
Tyrese Abbigail 612
Tyrik Cali 895
Tyriq Joselyn 776
Tyrique Yolanda 755
Tyron Rita 865
Tyrone Sharon 398
Tyshawn Reina 891
Tyson Elisabeth 381
Ulises Eden 565
Ulysses Ansley 750
Uriel Jewel 516
Valentin Paloma 979
Vaughn Noel 870
Vernon Yasmeen 767
Vicente Jaime 566
Victor Lindsey 97
Vincent Meghan 121
Vincenzo Jessika 960
Wade Ashlynn 448
Walker Nichole 427
Walter Linda 313
Warren Tayler 424
Wayne Yasmin 438
Wesley Karen 152
Weston Yasmine 412
Will Madisyn 578
William Lauren 14
Willie Paola 354
Wilson Fiona 520
Winston Elyse 762
Wyatt Ariana 137
Xavier Summer 131
Zachariah Kierra 373
Zachary Victoria 16
Zachery Savanna 241
Zackary Katrina 235
Zackery Eva 345
Zakary Alena 768
Zane Angelina 268
Zechariah Macie 701
Zion Jaqueline 695
