2006
Aaron Maya 57
Abdullah Naima 888
Abel Ashlee 338
Abraham Jasmin 183
Abram Jaidyn 586
Ace Selah 838
Adam Faith 64
Adan Paola 302
Addison Janet 562
Aden Bethany 244
Aditya Shayna 810
Adolfo Juliet 581
Adonis Journey 822
Adrian Trinity 63
Adriel Celia 707
Adrien Cherish 754
Aedan Hailie 760
Agustin Cheyanne 657
Ahmad Sylvia 524
Ahmed Cara 559
Aidan Brooke 44
Aiden Savannah 30
Aidyn Finley 910
Alan Catherine 122
Albert Wendy 354
Alberto Skyler 315
Alden Rayna 811
Aldo Arielle 587
Alec Ryleigh 328
Alejandro Rebecca 96
Alessandro Tia 608
Alex Brooklyn 67
Alexander Ashley 12
Alexandro Jewel 861
Alexis Erin 130
Alexzander Rubi 615
Alfonso Zoie 552
Alfred Kaliyah 755
Alfredo Ivy 334
Ali Kyleigh 360
Alijah Alisha 584
Allan Joy 507
Allen Tatiana 283
Alonso Gia 643
Alonzo Jessie 558
Alvaro Araceli 570
Alvin Norah 513
Amare Emery 778
Amari Kassandra 421
Amir Yasmin 324
Anders Selene 987
Anderson Kaylin 399
Andre Caitlin 207
Andreas Iyana 880
Andres Margaret 161
Andrew Hannah 8
Andy Kyla 204
Angel Julia 31
Angelo Aniya 262
Anthony Sophia 9
Antoine Gwendolyn 631
Anton Lainey 725
Antonio Jada 93
Antony Lilianna 815
Antwan Natalya 828
Ari Noemi 634
Ariel Alyson 471
Arjun Valery 720
Armando Ayla 264
Armani Keely 698
Arnav Tina 932
Aron Kaya 640
Arthur Alissa 377
Arturo Lizbeth 323
Aryan Elyse 684
Asa Sharon 623
Asher Tessa 252
Ashton Briana 121
Atticus Adison 767
August Karissa 618
Augustus Joyce 831
Austen Kenna 924
Austin Kaitlyn 41
Austyn Sanai 974
Avery Kelly 212
Axel Heidi 295
Aydan Arely 576
Ayden Zoey 119
Aydin Ann 731
Bailey Amiyah 635
Barrett Jaliyah 762
Beau Valentina 438
Beckett Gillian 758
Ben Precious 555
Benjamin Lauren 24
Bennett Iris 369
Benny Tatianna 962
Bernard Nichole 945
Bernardo Shyann 975
Billy Alanna 473
Blaine Aspen 572
Blaise Dania 985
Blake Jordan 97
Blaze Montana 868
Bo Gretchen 771
Bobby Elle 480
Bode Annabel 848
Boston Brittney 626
Brad Yaritza 897
Braden Sierra 141
Bradley Nadia 188
Brady Molly 105
Bradyn Esperanza 675
Braeden Michaela 331
Braedon Chasity 744
Braiden Cali 602
Branden Jimena 472
Brandon Addison 27
Branson Sheyla 862
Braulio Beatrice 966
Braxton Esmeralda 224
Brayan Jayda 294
Brayden Vanessa 79
Braydon Serena 396
Braylen Mollie 756
Braylon Kiana 401
Brendan Kiara 185
Brenden Rylie 317
Brendon Carla 501
Brennan Melody 299
Brennen Cassie 732
Brent Penelope 481
Brenton Karis 942
Brett Jaden 304
Brian Sara 72
Brice Abbey 695
Brock Violet 261
Broderick Julianne 884
Brodie Jaelyn 442
Brody Alexandria 147
Brogan Joana 999
Brooks Carlie 592
Bruce Miracle 482
Bruno Jaelynn 793
Bryan Kylie 66
Bryant Angie 389
Bryce Keira 109
Brycen Yasmine 588
Bryson Mariana 176
Byron Kenya 523
Cade Anastasia 288
Caden Aaliyah 91
Cael Chanel 917
Caiden Aurora 312
Cale Dylan 733
Caleb Sydney 34
Calvin Aniyah 220
Camden Josephine 221
Cameron Avery 52
Camren Mckayla 579
Camron Lexi 345
Camryn Destini 929
Cannon Jaylyn 796
Carl Kiley 429
Carlo Halie 937
Carlos Stephanie 70
Carmelo Bria 870
Carmine Chaya 785
Carson Isabel 87
Carter Haley 75
Case Kaylah 951
Casey Camille 308
Cash Itzel 378
Cason Deja 753
Cayden Ciara 213
Cedric Reyna 595
Cesar Giselle 168
Chad Emilee 375
Chaim Sheila 946
Chance Georgia 273
Chandler Brynn 402
Charles Megan 60
Charlie Madeleine 337
Chase Melanie 83
Chaz Estefani 905
Chris Madalyn 358
Christian Ella 21
Christopher Olivia 7
Clarence Jaylee 818
Clark Catalina 696
Clay Giana 708
Clayton Jazmine 226
Clinton Breana 844
Coby Donna 832
Cody Adriana 106
Coen Khloe 963
Cohen Marley 415
Colby Alison 271
Cole Mary 84
Coleman Aria 661
Colin Jade 111
Collin Bella 181
Colt Katharine 906
Colten Harper 510
Colton Shelby 133
Conner Kathryn 144
Connor Mackenzie 53
Conor Maritza 496
Conrad Shaylee 788
Cooper Madelyn 113
Corbin Cameron 289
Corey Mallory 234
Cornelius Malaya 939
Cortez Reina 938
Cory Fernanda 431
Craig Delilah 548
Cristian Daniela 132
Cristobal Iyanna 991
Cristofer Meadow 804
Cristopher Paulina 499
Cruz Raquel 500
Cullen Chelsey 790
Curtis Claudia 339
Cyrus Marlene 515
Dakota Laura 172
Dale Meagan 745
Dallas Danica 352
Dalton Caitlyn 199
Damarion Shaniya 646
Damian Amber 136
Damien Makenzie 196
Damion Natalee 497
Damon Janiya 386
Dandre Rayne 992
Dane Ximena 393
Dangelo Angeline 863
Daniel Abigail 6
Danny Daniella 307
Dante Josie 291
Darian Eve 590
Darien Aleena 830
Dario Susana 875
Darion Anais 869
Darius Lola 280
Darnell Akeelah 711
Darrell Evangeline 597
Darren Alessandra 361
Darrius Lilia 930
Darryl Kianna 773
Darwin Kaila 772
Dashawn Tianna 690
Davian Laci 682
David Mia 13
Davin Kierra 601
Davion Jane 478
Davis Anya 405
Davon Regina 603
Dawson Clara 233
Dayton Quinn 540
Deacon Amani 687
Dean Nyla 385
Deandre Tori 452
Deangelo Madalynn 794
Declan Sandra 364
Demarcus Taliyah 735
Demarion Mila 749
Demetrius Christine 437
Dennis Leilani 313
Denzel Rocio 940
Deon Dalia 849
Derek Reese 159
Derick Adrienne 736
Derrick Joanna 256
Deshaun Paloma 853
Deshawn Danna 518
Desmond Jaiden 464
Destin Briley 960
Devan Renee 582
Deven Daphne 606
Devin Layla 100
Devon Sabrina 197
Devonte Keyla 841
Devyn Leanna 748
Dexter Yvette 913
Diego Sofia 56
Dillan Thalia 774
Dillon Vivian 223
Dion Dahlia 988
Domenic Mckinley 964
Dominic Isabelle 85
Dominick Camryn 216
Dominik Addisyn 612
Dominique Aimee 763
Donald Callie 303
Donavan Trista 812
Donovan Cassidy 198
Donte Aracely 722
Dorian Baylee 469
Douglas Cindy 365
Drake Brenda 239
Draven Emmalee 685
Drew Abby 205
Duncan Carlee 654
Dustin Allyson 259
Dwayne Haven 610
Dylan Kayla 26
Ean Marlee 775
Earl Ericka 993
Easton Shannon 359
Eddie Dana 395
Eddy Braelyn 855
Edgar Cheyenne 171
Edison Yuliana 947
Eduardo Breanna 126
Edward Ana 143
Edwin Christina 158
Efrain Clare 663
Efren Carol 968
Eli Miranda 139
Elias Lindsey 186
Elijah Jasmine 29
Elisha Siena 629
Elliot Priscilla 372
Elliott Harley 388
Ellis Nathalia 783
Elmer Kathy 907
Elvis Charlie 761
Emanuel Lindsay 263
Emerson Liberty 539
Emiliano Asia 332
Emilio Esther 298
Emmanuel Alana 166
Emmett Danika 569
Enrique Carolina 281
Enzo Jamya 737
Eric Arianna 77
Erick Jillian 174
Erik Maggie 189
Ernest Giovanna 723
Ernesto Denise 379
Esteban Fiona 333
Estevan Laurel 846
Ethan Isabella 4
Ethen Lacie 952
Eugene Myah 647
Evan Kaylee 42
Everett Noelle 451
Ezekiel Hanna 269
Ezequiel Yadira 541
Ezra Lucia 340
Fabian Nina 272
Felipe Kassidy 457
Felix Nataly 397
Fernando Lilly 151
Finley Cayla 886
Finn Ainsley 456
Finnegan Frances 779
Francis Barbara 561
Francisco Sadie 157
Franco Myla 918
Frank Nora 245
Frankie Dominique 648
Franklin Lilian 439
Freddy Mikaela 641
Frederick Laney 483
Fredrick Jaylah 903
Gabriel Victoria 28
Gael Joselyn 314
Gage Jazmin 156
Gaige Shyla 919
Gannon Abigale 889
Garret Lesley 750
Garrett Peyton 138
Garrison Abagail 895
Gary Rose 350
Gauge Annette 881
Gaven Citlali 948
Gavin Lillian 38
Gavyn Saniyah 710
George Mikayla 153
Gerald Ellen 544
Gerardo Alayna 268
German Essence 839
Giancarlo Hana 716
Gianni Susan 611
Gideon Luz 591
Gilbert Juliette 658
Gilberto Destinee 554
Giovani Shakira 791
Giovanni Kylee 146
Giovanny Monserrat 702
Glenn Johana 850
Gonzalo Raina 925
Gordon Moriah 900
Grady Jenny 475
Graham Lauryn 430
Grant Reagan 155
Grayson Elise 218
Gregory Angelica 208
Greyson Lisa 503
Griffin Alivia 254
Guadalupe Adelaide 921
Guillermo Mercedes 440
Gunnar Elisabeth 502
Gunner Marie 578
Gustavo Emerson 305
Guy Lorelai 989
Haden Zara 858
Haiden Cailyn 872
Hamza Rhiannon 738
Harley Saniya 522
Harold Aryanna 652
Harper Marin 953
Harrison Alejandra 232
Harry Irene 593
Hassan Jaycee 765
Hayden Jocelyn 73
Heath Rhianna 786
Hector Ellie 175
Henry Autumn 95
Hezekiah Brylee 885
Holden Cora 384
Houston Yaretzi 837
Howard Frida 836
Hudson Kira 249
Hugh Janice 994
Hugo Kathleen 371
Humberto Ryann 697
Hunter Zoe 54
Ian Mariah 81
Ibrahim Janessa 594
Ignacio Rosemary 703
Imanol Jorja 969
Irvin Kaley 670
Isaac Angelina 48
Isai Roselyn 706
Isaiah Alexandra 40
Isaias Whitney 531
Isiah Marina 406
Ismael Celeste 327
Israel Jayden 203
Issac Imani 409
Ivan Valerie 127
Izaiah Janiyah 461
Izayah Stacey 976
Jabari Damaris 609
Jace Elena 187
Jack Morgan 35
Jackson Katherine 36
Jacob Emily 1
Jacoby Amaris 909
Jaden Jenna 88
Jadon Annie 398
Jadyn Anabelle 757
Jaeden Maci 666
Jaheim Nya 977
Jaiden Cadence 214
Jaime Kara 279
Jair Shyanne 726
Jairo Simone 564
Jake Katie 107
Jakob Ashlynn 293
Jalen Fatima 228
Jamal Athena 504
Jamar Karlee 649
Jamarcus Belen 914
Jamari Taryn 444
Jamarion Brielle 459
Jamel Miya 970
James Natalie 16
Jameson Bryanna 424
Jamie Kailee 583
Jamir Miah 768
Jamison Tabitha 534
Jan Charlize 751
Jaquan Mayra 656
Jared Ruby 137
Jaron Toni 819
Jarrett Campbell 659
Jarvis Flor 1000
Jase Kasey 565
Jasiah Alani 933
Jason Riley 55
Jasper India 568
Javen Maryam 954
Javier Juliana 162
Javion Lyric 644
Javon Malia 410
Jax Mina 995
Jaxon Veronica 211
Jaxson Kadence 391
Jay Samara 351
Jayce Haylie 427
Jayden Gabriella 50
Jaydin Amirah 971
Jaydon Hayden 416
Jaylan Mariam 692
Jaylen Dakota 191
Jaylin Raven 441
Jaylon Macie 479
Jayson London 353
Jean Liana 721
Jefferson Rowan 642
Jeffery Logan 432
Jeffrey Camila 180
Jeramiah Jasmyn 926
Jeremiah Madeline 71
Jeremy Charlotte 123
Jerimiah Savana 931
Jermaine Britney 474
Jerome Judith 577
Jerry Brittany 318
Jesse Amanda 102
Jessie Anika 485
Jesus Nicole 74
Jett Teresa 535
Jimmy Eliza 325
Joan Amina 978
Joaquin Jadyn 286
Joe Addyson 370
Joel Eva 124
Joey Aileen 537
Johan Rihanna 528
John Brianna 20
Johnathan Sienna 177
Johnathon Kali 542
Johnny Brooklynn 237
Johnpaul Areli 979
Jon Ryan 455
Jonah Alondra 170
Jonas Natasha 357
Jonathan Taylor 22
Jonathon Johanna 376
Jordan Allison 46
Jorden Gracelyn 759
Jordon Aiyana 739
Jordy Gisselle 677
Jordyn Ashly 780
Jorge Diana 120
Jose Jessica 32
Josef Destiney 972
Joseph Elizabeth 11
Josh Micah 714
Joshua Madison 3
Josiah Melissa 117
Josue Delaney 193
Jovan Galilea 840
Jovani Kaia 694
Jovanni Aylin 776
Jovanny Saige 805
Jovany Jayleen 833
Juan Katelyn 61
Judah Halle 493
Jude Shayla 330
Julian Evelyn 65
Julien Haleigh 596
Julio Cynthia 240
Julius April 319
Junior Yareli 627
Justice Casey 411
Justin Makayla 45
Justus Betsy 743
Kade Dayanara 435
Kaden Aubrey 92
Kadin Macey 636
Kadyn Adamaris 920
Kaeden Tanya 746
Kael Kaiya 851
Kai Erika 238
Kaiden Jamie 242
Kale Kelsie 766
Kaleb Kennedy 115
Kamari Taniya 664
Kamden Noelia 795
Kameron Leila 284
Kamren Fabiola 980
Kamron Jacquelyn 668
Kane Krista 701
Kareem Joslyn 713
Karl Sydnee 769
Karson Annabella 556
Karter Maleah 847
Kasen Kinsey 898
Kasey Paula 671
Kason Salma 752
Kayden Savanna 230
Keagan Alma 616
Keaton Katrina 382
Keegan Julissa 225
Keenan Sanaa 607
Keith Eleanor 277
Kellen Martha 526
Kelvin Raegan 434
Kendall Amara 573
Kendrick Ayanna 527
Kenneth Amy 128
Kenny Marisa 498
Kenyon Aliya 699
Keon Eileen 770
Keshawn Aryana 823
Keven Magdalena 908
Kevin Destiny 37
Keyon Ashanti 882
Keyshawn Jalynn 949
Khalil Hailee 454
Kian Lorena 705
Kieran Isis 566
King Mariyah 896
Kingston Cloe 941
Kobe Elisa 543
Kody Hadley 494
Koen Carrie 859
Kolby Alena 665
Kole Abbie 650
Kolton Jaylynn 632
Konner Kinsley 876
Konnor Litzy 829
Korbin Stephany 799
Korey Lina 981
Krish Savanah 625
Kristian Melany 466
Kristopher Rachael 392
Kyan Averie 899
Kylan Lorelei 740
Kyle Michelle 80
Kyler Cecilia 265
Lamar Stacy 672
Lamont Hillary 982
Lance Marisol 321
Landan Bree 955
Landen Crystal 201
Landin Taniyah 891
Landon Rachel 49
Landyn Patience 580
Lane Meghan 322
Larry Brenna 381
Lawrence Kirsten 407
Lawson Charity 673
Layne Lizeth 691
Layton Theresa 717
Leandro Carina 864
Lee Lea 613
Leland Harmony 342
Leo Aliyah 236
Leon Krystal 505
Leonard Jolie 614
Leonardo Kelsey 184
Leonel Clarissa 468
Leroy Jalyn 956
Levi Serenity 135
Lewis Tamara 678
Liam Gianna 98
Lincoln Desiree 300
Logan Alyssa 19
London Edith 638
Lorenzo Kiera 301
Louis Nancy 326
Luca Tatum 349
Lucas Andrea 59
Lucian Janiah 824
Luciano Ansley 704
Luis Gabrielle 62
Luka Nyasia 807
Lukas Stella 241
Luke Nevaeh 43
Maddox Laila 235
Makai Aliza 856
Malachi Liliana 150
Malakai Iliana 727
Malaki Maribel 803
Malcolm Alexus 545
Malik Izabella 290
Manuel Alexia 164
Marc Madyson 408
Marcel Leia 957
Marcelo Alisa 890
Marco Annabelle 206
Marcos Alaina 248
Marcus Bailey 112
Mario Jordyn 178
Mark Naomi 129
Markus Ally 630
Marlon Helena 508
Marques Makena 802
Marquis Dayana 553
Marquise Kaylen 866
Marshall Sage 417
Martin Hope 200
Marvin Holly 346
Mason Alexa 39
Mateo Dulce 274
Mathew Diamond 316
Mathias Tyler 741
Matias Phoenix 816
Matteo Ingrid 619
Matthew Ava 5
Matthias Sariah 813
Maurice Rosa 400
Mauricio Genevieve 368
Maverick Brisa 605
Max Angel 160
Maxim Karma 852
Maximilian Presley 348
Maximo Maura 922
Maximus Kristen 374
Maxwell Daisy 149
Mekhi Sarai 443
Melvin Teagan 425
Memphis Tayla 923
Messiah Libby 798
Micah Kendall 148
Michael Emma 2
Micheal Lesly 419
Miguel Caroline 89
Mike Greta 680
Mikel Chana 990
Miles Ariel 202
Milo Janae 679
Milton Abril 845
Misael Jazmyn 620
Mitchell Kamryn 275
Mohamed Adeline 467
Mohammad Annalise 589
Mohammed Larissa 633
Moises Kaitlin 344
Morgan Phoebe 366
Moses Lilliana 445
Moshe Tyra 662
Muhammad Lyla 639
Myles Estrella 311
Nash Amiya 742
Nasir Yesenia 418
Nathan Anna 23
Nathanael Linda 462
Nathanial Isabell 724
Nathaniel Leah 69
Nathen Xiomara 806
Nehemiah Sherlyn 362
Neil Aubrie 604
Nelson Tania 447
Nestor Luciana 927
Nicholas Grace 17
Nick Tatyana 820
Nickolas Sasha 336
Nico Aleah 667
Nicolas Ashlyn 140
Nigel Princess 709
Nikhil Kenia 874
Niko Mireya 983
Nikolas Alice 383
Noah Sarah 15
Noe Hallie 450
Noel Elaina 448
Nolan Skylar 145
Octavio Cecelia 669
Oliver Karen 173
Omar Lydia 131
Omari Ada 715
Omarion Lucille 728
Orion Willow 529
Orlando Kaydence 356
Oscar Jacqueline 118
Osvaldo Emilie 491
Oswaldo Melina 546
Owen Kimberly 58
Pablo Miriam 292
Parker Danielle 116
Patrick Gabriela 110
Paul Rylee 134
Paxton Abigayle 777
Payton Macy 267
Pedro Cassandra 219
Perry Riya 958
Peter Alicia 167
Peyton Summer 154
Philip Helen 343
Phillip Selena 285
Phoenix Sidney 423
Pierce Madelynn 549
Porter Amya 476
Pranav Joselin 892
Preston Angela 114
Prince Camilla 825
Quentin Bridget 347
Quincy Lena 489
Quinn Eliana 282
Quinten Jaclyn 860
Quintin Bailee 651
Quinton Tiana 477
Rafael Mckenna 217
Ralph Karlie 764
Ramiro Regan 567
Ramon Kaelyn 367
Randall Kennedi 622
Randy Meredith 310
Raphael Mara 681
Rashad Cristal 660
Raul Guadalupe 255
Ray Jaida 560
Rayan Neveah 996
Raymond Julianna 194
Reagan Elsa 792
Reece Patricia 413
Reed Isabela 470
Reese Skye 433
Reginald Luna 516
Reid Kimora 422
Remington Lilyana 781
Rene Kailyn 492
Reuben Kamila 873
Rex Kendal 814
Rey Rebeca 854
Reynaldo Lara 834
Rhett Aisha 683
Rhys Charlee 915
Ricardo Lucy 152
Richard Jayla 99
Ricky Nayeli 394
Rigoberto Zariah 789
Riley Mya 101
River Virginia 511
Robert Maria 47
Roberto Amaya 215
Rocco Abbigail 490
Rocky Lucero 973
Roderick Jakayla 730
Rodney Viviana 449
Rodolfo Amari 519
Rodrigo Talia 363
Rogelio Carolyn 517
Roger Gloria 453
Rohan Lia 521
Roland Katlyn 787
Rolando Amira 571
Roman Karla 209
Romeo Kristin 574
Ronald Carly 251
Ronaldo Nathaly 782
Ronan Skyla 598
Ronin Nicolette 997
Ronnie Cierra 563
Rory Corinne 826
Ross Jacey 747
Rowan Aubree 426
Roy America 458
Royce Selina 901
Ruben Karina 227
Rudy Jaylin 628
Russell Kristina 404
Ryan Alexis 14
Ryder Kailey 257
Ryker Kayden 624
Rylan Carmen 258
Ryland Kaylyn 686
Rylee Leticia 797
Sage Marianna 689
Salvador Janelle 390
Salvatore Zion 817
Sam Tara 463
Samir Paisley 835
Sammy Makaila 934
Samson Kayli 887
Samuel Hailey 25
Santana Adyson 877
Santiago Makenna 231
Santino Ashleigh 688
Santos Zaria 718
Saul Scarlett 297
Savion Lilah 867
Sawyer Haylee 247
Scott Heaven 253
Seamus Sarahi 842
Sean Audrey 68
Sebastian Paige 76
Semaj Angelique 693
Sergio Kyra 195
Seth Gracie 103
Shamar Blanca 800
Shane Adrianna 179
Shannon Leyla 986
Shaun Heather 341
Shawn Genesis 169
Sheldon Scarlet 843
Sidney Brandy 801
Silas Ruth 373
Simeon Justine 950
Simon Piper 246
Sincere Parker 637
Skylar Madilyn 436
Skyler Katelynn 270
Solomon Anaya 486
Sonny Desirae 883
Soren Mariela 808
Spencer Bianca 182
Stanley Yoselin 600
Stefan Bethzy 878
Stephan Akira 965
Stephen Mckenzie 165
Sterling Amelie 784
Steve Deanna 532
Steven Valeria 90
Stone Christiana 984
Sullivan Karley 916
Talan Emely 309
Talen Shea 893
Talon Francesca 428
Tanner Kate 142
Tate Lana 412
Taylor Erica 222
Teagan Mattie 827
Terrance Hazel 465
Terrell Lexie 520
Terrence Nathalie 538
Terry Lacey 446
Thaddeus Izabelle 998
Theodore Julie 296
Thomas Jennifer 51
Timothy Natalia 94
Titus Carley 550
Tobias Lillie 484
Toby Kiersten 509
Todd Arabella 653
Tomas Kaleigh 488
Tommy Anne 460
Tony Lila 329
Trace Yazmin 536
Travis Payton 163
Travon Mira 935
Trent Anahi 287
Trenton Chelsea 192
Trevon Pamela 530
Trevor Sophie 125
Trey Monica 250
Treyvon Alia 928
Tristan Claire 86
Tristen Annika 335
Tristian Kayley 729
Tristin Kenzie 557
Triston Shania 487
Troy Allie 229
Truman Kya 943
Trystan Micaela 961
Tucker Paris 260
Ty Tiffany 210
Tyler Chloe 18
Tyree Ayana 700
Tyrell Monique 655
Tyrese Kaylynn 621
Tyrone Tamia 575
Tyshawn Colleen 902
Tyson Rebekah 276
Ulises Kaitlynn 525
Uriel Maddison 403
Valentin Tayler 911
Valentino Brandi 967
Van Kinley 904
Vance Elaine 719
Vaughn Tess 734
Vicente Sonia 599
Victor Marissa 104
Vincent Leslie 108
Vincenzo Elliana 857
Wade Tiara 551
Walker Madisyn 414
Walter Alina 355
Warren Maia 506
Waylon Justice 547
Wayne Maeve 645
Wesley Courtney 190
Weston Nia 380
Will Jazlyn 533
William Samantha 10
Willie Marilyn 514
Wilson Jaqueline 512
Winston Elsie 879
Wyatt Amelia 82
Xander Kaylie 278
Xavier Ariana 78
Xzavier Felicity 617
Yahir Perla 387
Yair Gina 712
Yandel Evelin 674
Yosef Margarita 944
Yusuf Jaylene 912
Zachariah Emilia 420
Zachary Lily 33
Zachery Cristina 495
Zack Armani 936
Zackary Eden 320
Zackery Carissa 585
Zain Karli 865
Zaire Kallie 821
Zakary Yuridia 894
Zander Hayley 306
Zane Kendra 243
Zavier Belinda 809
Zayden Maliyah 871
Zayne Alize 959
Zechariah Deborah 676
Zion Kayleigh 266
