1994
Aaron Alexandra 28
Abdul Marjorie 994
Abel Precious 399
Abraham Tatiana 242
Abram Kaycee 848
Adam Chelsea 38
Adan Mollie 539
Addison Beatriz 554
Adolfo Rhiannon 586
Adonis Terri 796
Adrian Diana 98
Agustin Tonya 602
Ahmad Yasmin 535
Ahmed Rebeca 642
Aidan Tanisha 440
Akeem Celia 696
Alan Ariel 144
Albert Lacey 209
Alberto Linda 221
Aldo Makenna 904
Alec Michaela 109
Alejandro Margaret 106
Alek Kristal 937
Alex Olivia 50
Alexander Courtney 22
Alexandre Nohely 896
Alexandro Alesha 790
Alexis Jessie 227
Alfonso Daniella 432
Alfred Blanca 476
Alfredo Heidi 274
Ali Cristal 461
Allan Kristy 428
Allen Kendall 179
Alonso Alysa 862
Alonzo Yvette 465
Alton Martina 841
Alvaro Alina 561
Alvin Abbey 419
Amir Hillary 566
Amos Kayley 849
Anderson Belinda 814
Andre Marisa 148
Andreas Tiffanie 905
Andres Katrina 163
Andrew Megan 10
Andy Kelsie 258
Angel Christine 104
Angelo Eva 347
Anthony Alexis 18
Antoine Anita 550
Anton Ashlie 579
Antonio Monica 88
Antony Noel 874
Antwan Cori 692
Ari Stormy 807
Aric Jessika 791
Ariel Chantel 480
Armando Amelia 226
Armani Jodie 980
Arnold Kori 638
Aron Shantel 622
Arron Aspen 708
Arthur Kasey 248
Arturo Susan 273
Asa Sage 798
Asher Latoya 883
Ashley Drew 957
Ashton Deborah 355
Aubrey Cheryl 683
August Ava 750
Augustus Elsa 866
Austen Tianna 505
Austin Jennifer 17
Auston Kayli 891
Austyn Elisha 820
Avery Alissa 260
Axel Lissette 953
Baby Lizbeth 525
Bailey Kendal 768
Barrett Marlee 884
Barry Desirae 497
Beau Christy 395
Ben Karlee 615
Benito Betty 757
Benjamin Melissa 31
Bennett Silvia 662
Benny Kaylynn 867
Bernard Lyndsey 495
Bernardo Antonia 671
Billy Teresa 255
Blaine Gianna 502
Blair Britany 842
Blaise Meranda 1000
Blake Angela 81
Bo Dianna 758
Bobby Candace 254
Brad Delaney 515
Braden Ann 341
Bradford Brittni 663
Bradley Alicia 83
Bradly Maddison 764
Brady Jasmin 173
Brandan Christiana 715
Branden Genesis 270
Brandon Taylor 6
Brandyn Christen 680
Brannon Eliana 995
Brant Mariam 916
Braxton Mariana 442
Brayden Noemi 588
Brendan Julie 129
Brenden Shawna 337
Brendon Shanice 342
Brennan Stacey 329
Brennen Darby 666
Brent Lydia 188
Brenton Sally 577
Bret Edith 494
Brett Lindsay 107
Brian Mary 37
Brice Cayla 574
Brock Nicolette 328
Broderick Nikita 917
Brody Lucy 472
Bronson Graciela 802
Brooks Yasmine 645
Bruce Shayla 330
Bryan Cassandra 66
Bryant Imani 303
Bryce Caitlyn 150
Bryon Lorraine 900
Bryson Micaela 468
Bryton Jean 987
Byron Jane 368
Cade Lexus 592
Caden Janie 731
Cain Mai 901
Cale Jerrica 958
Caleb Shannon 60
Calvin Jazmine 195
Camden Terra 803
Cameron Madison 52
Camron Mindy 759
Carl Anne 204
Carlo Maxine 918
Carlos Alexandria 72
Carlton Araceli 547
Carson Sharon 315
Carter Shayna 421
Casey Bethany 116
Cecil Constance 836
Cedric Arielle 417
Cesar Chelsey 178
Chad Kathleen 130
Chadwick Alena 919
Chaim Joana 922
Chance Zoe 216
Chandler Melinda 348
Charles Sara 43
Charlie Elisa 477
Chase Gabriela 114
Chaz Sheila 563
Chester Viridiana 928
Chris Avery 484
Christian Tiffany 35
Christopher Ashley 2
Clarence Marlene 456
Clark Kerri 634
Clay Paola 354
Clayton Claire 149
Clifford Judith 507
Clifton Darlene 636
Clint Jada 488
Clinton Kari 397
Clyde Alecia 875
Coby Sydnee 892
Codey Lauryn 699
Codi Katheryn 932
Codie Kirstin 772
Cody Morgan 25
Colby Alisha 200
Cole Veronica 111
Coleman Eliza 593
Colin Rachael 124
Collin Rebekah 152
Colt Tammy 655
Colten Lacy 558
Colton Brenda 121
Conner Karla 225
Connor Vanessa 59
Conor Carissa 304
Conrad Kasandra 610
Cooper Johanna 438
Corbin Makenzie 400
Cordell Devan 709
Corey Julia 73
Cornelius Shanna 629
Cortez Reyna 624
Cory Mackenzie 102
Coty Savanah 605
Courtney Kelsea 567
Craig Makayla 198
Cristian Carly 138
Cristobal Jamila 909
Cristopher Tricia 808
Cruz Micah 725
Cullen Roxanne 600
Curtis Diamond 170
Cyrus Shelbie 765
Dakoda China 950
Dakota Lindsey 69
Dakotah Shea 728
Dale Francesca 365
Dallas Isabella 222
Dallin Scarlett 850
Dalton Catherine 85
Dalvin Macie 912
Damian Guadalupe 215
Damien Brenna 278
Damion Maribel 496
Damon Madeleine 293
Dan Staci 799
Dana Destini 745
Dandre Aisha 625
Dane Cheyanne 436
Daniel Amanda 8
Danny Carolyn 231
Dante Nikki 322
Daquan Sasha 374
Darian Adrienne 357
Darien Donna 383
Darin Lucero 647
Dario Macey 805
Darion Alexandrea 526
Darius Chloe 155
Darnell Katharine 467
Daron Pauline 868
Darrell Elise 332
Darren Evelyn 201
Darrian Brielle 766
Darrick Janell 972
Darrien Tyesha 923
Darrin Skyler 591
Darrion Baby 700
Darrius Jacklyn 580
Darryl Alyson 372
Darwin Aleah 943
Daryl Rocio 549
Dashawn Yolanda 528
Daulton Kaela 792
David Rachel 13
Davin Asha 863
Davion Lara 722
Davis Cortney 424
Davon Skylar 403
Davonte Corina 582
Dawson Breann 854
Dayton Ayana 751
Dean Mikaela 314
Deandre Alexus 250
Deangelo Montana 650
Deion Alex 581
Dejuan Malia 974
Demarco Denisse 951
Demarcus Carina 453
Demario Kathrine 981
Demetri Melisa 888
Demetrius Marie 301
Demonte Paloma 959
Dennis Daisy 177
Denver Cecelia 855
Denzel Carla 335
Deon Talia 473
Deondre Danica 776
Deonte Kaleigh 482
Dequan Tess 522
Derek Amy 77
Derick Kelley 499
Derrick Hayley 136
Desean Tatum 982
Deshaun Julissa 821
Deshawn Rachelle 408
Desmond Aliyah 359
Destin Lourdes 938
Devan Marisol 367
Devante Logan 309
Deven Lea 596
Devin Miranda 61
Devon Autumn 117
Devonta Mckayla 611
Devontae Anjelica 889
Devonte Janet 279
Devyn Gabriel 784
Dewayne Devyn 797
Dexter Isabelle 548
Diego Hanna 237
Dillan Sade 601
Dillion Jaqueline 694
Dillon Leah 101
Dimitri Shirley 594
Dion Nia 543
Dionte Marley 902
Domenic Aubree 924
Dominic Karen 128
Dominick Angelina 302
Dominique Carmen 239
Dominque Lidia 998
Don Janessa 679
Donald Dominique 132
Donavan Joselyn 733
Dondre Kailee 822
Donnell Brittanie 746
Donnie Krysta 747
Donovan Theresa 261
Dontae Jessenia 988
Donte Lori 475
Dorian Chanel 531
Douglas Raven 156
Drake Rose 339
Drew Sandra 171
Duane Blair 648
Duncan Emilie 512
Dustin Natalie 56
Dusty Luz 646
Dwayne Selina 409
Dwight Diane 540
Dylan Kimberly 32
Dylon Karley 703
Earl Kelsi 518
Eddie Charlotte 290
Eddy Tiera 983
Edgar Alejandra 147
Edgardo Kaci 851
Edmund Marcella 913
Eduardo Kristina 113
Edward Breanna 84
Edwin Monique 175
Efrain Charity 516
Efren Nataly 831
Eli Cassie 305
Elias Barbara 318
Eliezer Leann 963
Elijah Natasha 133
Eliseo Monika 933
Elisha Liana 793
Elliot Clara 434
Elliott Marilyn 459
Ellis Lexi 845
Elmer Salina 788
Elvis Essence 777
Emanuel Macy 380
Emilio Kira 379
Emmanuel Mayra 229
Emmett Sherry 826
Enrique Nina 265
Eric Katherine 30
Erich Emerald 767
Erick Sophia 185
Erik Cheyenne 99
Erin Lacie 811
Ernest Lily 390
Ernesto Mia 317
Ervin Blake 965
Esteban Breana 378
Estevan Skye 681
Ethan Brittney 89
Eugene Tania 373
Evan Kelly 62
Everett Heaven 619
Ezekiel Elaina 616
Ezequiel Stacie 672
Ezra Octavia 695
Fabian Kellie 326
Felipe Irene 420
Felix Bryanna 391
Fernando Bridget 174
Fidel Lynn 787
Floyd Magdalena 782
Forest Leanne 656
Forrest Ellen 217
Francesco Fallon 996
Francis Valeria 340
Francisco Melanie 120
Frank Summer 141
Frankie Joyce 603
Franklin Lorena 349
Fred Mariela 652
Freddie Reagan 704
Freddy Zhane 585
Frederick Vivian 299
Fredrick Dawn 583
Gabriel Briana 68
Gage Rosa 228
Galen Janay 882
Garett Adilene 984
Garret Carol 493
Garrett Savannah 82
Garrison Juana 773
Garry Lana 973
Gary Dana 167
Gavin Ashlyn 256
Genaro Reina 975
Gene Leigh 723
Geoffrey Alaina 382
George Bianca 110
Gerald Toni 284
Gerard Latisha 649
Gerardo Meredith 230
German Jena 658
Giancarlo Princess 910
Gilbert Payton 446
Gilberto Kourtney 425
Gino Iesha 667
Giovanni Camille 287
Glen Katelin 575
Glenn Taryn 410
Gonzalo Mikala 729
Gordon Leanna 552
Grady Kacey 742
Graham Randi 393
Grant Adriana 151
Grayson Sandy 514
Greg Rhonda 954
Gregorio Jaimie 785
Gregory Emma 76
Griffin Serena 404
Guadalupe Jesse 621
Guillermo Melody 358
Gunnar Paulina 555
Gunner Bridgett 876
Gustavo Jenny 281
Guy Yazmin 738
Hakeem Georgia 639
Hans Carson 925
Harley Kierra 323
Harold Jaime 439
Harrison Faith 218
Harry Tiffani 416
Harvey Christin 843
Hassan Brandie 707
Hayden Angel 176
Heath Hallie 529
Hector Jade 161
Henry Tara 146
Herbert Kala 673
Heriberto Kiley 686
Herman Kristie 763
Hernan Chantal 864
Holden Juanita 604
Houston Cameron 632
Howard Bridgette 523
Hugh Elissa 815
Hugo Ciera 418
Humberto Julianna 537
Hunter Gabrielle 67
Ian Mariah 74
Ibrahim Dina 877
Ignacio Thalia 640
Infant Dayana 752
Irvin Annette 643
Irving Destiney 720
Isaac Grace 103
Isaiah Meagan 169
Isaias Hali 753
Isiah Norma 541
Isidro Damaris 906
Ismael Devon 371
Israel Gloria 283
Issac Dulce 589
Ivan Kassandra 172
Jabari Kortney 769
Jace Keri 568
Jack April 127
Jackie Shakira 743
Jackson Ariana 166
Jacob Brittany 7
Jacoby Alysia 823
Jacques Leilani 952
Jade Lizette 760
Jaden Katy 630
Jaime Ciara 208
Jairo Justina 668
Jake Cynthia 105
Jakob Peyton 431
Jaleel Alayna 653
Jalen Joanna 183
Jamaal Ellie 801
Jamal Justine 240
Jamar Antoinette 569
Jamarcus Shyanne 735
Jamel Shelbi 598
James Lauren 14
Jameson Stevie 687
Jamie Ashton 285
Jamil Daphne 744
Jamison Aurora 669
Jaquan Joy 426
Jared Paige 63
Jarod Jackie 774
Jaron Carlie 556
Jarred Sidney 445
Jarrett Maranda 407
Jarrod Nora 474
Jarvis Madelyn 455
Jason Laura 46
Jasper Ashly 730
Javier Alison 153
Javon Allie 450
Javonte Carlee 726
Jay Katelynn 262
Jayden Alessandra 852
Jaylen Rochelle 544
Jaylin Emilia 907
Jaylon Ingrid 761
Jayson Corinne 492
Jean Beverly 608
Jeff Domonique 716
Jefferson Denisha 693
Jeffery Kiara 203
Jeffrey Kristen 55
Jerald London 989
Jeremiah Kylie 158
Jeremy Maria 47
Jermaine Sylvia 427
Jerome Annie 338
Jerrell Chaya 920
Jerrod Hollie 754
Jerry Kirsten 193
Jess Aja 885
Jesse Erin 45
Jessie Jordyn 276
Jessy Kailyn 816
Jesus Jenna 80
Jevon Jazmyn 856
Jim Zana 809
Jimmie Ali 674
Jimmy Allyson 210
Joaquin Eileen 609
Jody Ashely 886
Joe Isabel 243
Joel Angelica 108
Joey Emilee 414
John Stephanie 15
Johnathan Kara 134
Johnathon Esther 289
Johnnie Kristian 710
Johnny Deanna 165
Jon Ruby 271
Jonah Katlyn 245
Jonas Fabiola 711
Jonatan Betsy 990
Jonathan Jasmine 23
Jonathon Kaylee 154
Jordan Kelsey 29
Jorden Bailee 887
Jordon Alma 433
Jorge Holly 112
Jose Haley 36
Josef Shaniqua 794
Joseph Nicole 11
Josh Athena 812
Joshua Samantha 4
Josiah Savanna 298
Josue Tyler 266
Jovan Tatyana 691
Juan Jordan 51
Julian Karina 140
Julien Tiarra 934
Julio Cristina 220
Julius Stephany 510
Junior Jana 786
Justen Amie 944
Justice Haylee 466
Justin Danielle 20
Justus Griselda 844
Justyn Traci 827
Juwan Alysha 564
Kade Maureen 688
Kadeem Judy 828
Kaden Jayme 712
Kahlil Annamarie 985
Kai Melina 714
Kaleb Marina 219
Kameron Sophie 415
Kane Kalyn 628
Kareem Lena 545
Karl Regina 381
Kasey Karli 559
Keanu Elyse 755
Keaton Yvonne 481
Keegan Mckenna 384
Keenan Juliana 394
Kegan Kimberley 903
Keith Kendra 126
Kelby Kimberlee 878
Kellen Kalie 837
Kelly Itzel 513
Kelsey Nadine 825
Kelton Vanesa 914
Kelvin Tierra 331
Kendal Giovanna 929
Kendall Tiana 288
Kendrick Esmeralda 375
Kennedy Jasmyn 921
Kenneth Crystal 65
Kenny Kristine 387
Kent Connie 599
Kenton Eunice 930
Kenyon Lynette 999
Keon Debra 684
Kerry Beth 675
Keven Allyssa 770
Kevin Alyssa 26
Kevon Leandra 879
Khalid Gladys 721
Khalil Bonnie 530
Khari Brea 853
Kieran Bobbi 682
Kirby Lexie 946
Kirk Perla 519
Kody Maya 247
Kolby Latasha 713
Kole Cydney 939
Kolton Joanne 732
Korey Halie 565
Kory Casandra 506
Kristian Kristi 443
Kristofer Mara 606
Kristopher Tabitha 211
Kurt Carley 411
Kurtis Iris 483
Kyle Rebecca 24
Kyler India 406
Ladarius Jodi 664
Lamar Dallas 527
Lamont Yadira 620
Lance Tiara 257
Landon Kiana 249
Lane Chelsie 353
Larry Priscilla 196
Lawrence Clarissa 236
Layne Lyndsay 926
Lazaro Danika 991
Lee Elena 297
Leland Maira 829
Leo Nadia 462
Leon Alice 422
Leonard Tanya 369
Leonardo Natalia 376
Leonel Shana 578
Leroy Janice 562
Leslie Helena 727
Lester Brionna 740
Levi Jocelyn 157
Lewis Margarita 487
Liam Elisabeth 360
Lincoln Maricela 775
Lionel Marisela 846
Lloyd Giselle 613
Logan Katie 70
Lonnie Karly 576
Loren Jennie 701
Lorenzo Tia 296
Louis Ashleigh 206
Lucas Alexa 95
Luis Katelyn 58
Lukas Kaila 435
Luke Whitney 91
Luther Isis 992
Lyle Katlynn 890
Mackenzie Kylee 366
Madison Ayanna 678
Malachi Loren 633
Malcolm Miriam 277
Male Kinsey 966
Malik Alexia 308
Manuel Ana 143
Marc Abby 213
Marcel Kerry 641
Marco Khadijah 184
Marcos Aubrey 253
Marcus Sydney 75
Mario Tori 142
Mark Kaitlyn 48
Markel Billie 838
Markell Jessi 830
Markus Laurel 508
Marlon Katarina 479
Marques Hana 893
Marquez Myra 832
Marquis Arianna 282
Marquise Maritza 447
Marshall Darian 312
Martin Patricia 135
Marty Joann 940
Marvin Ebony 280
Mason Desiree 125
Mathew Mallory 187
Matthew Emily 3
Maurice Virginia 294
Mauricio Ivy 520
Maverick Valencia 976
Max Jillian 191
Maximilian Kiersten 521
Maximillian Ivette 847
Maxwell Krista 182
Melvin Kate 352
Menachem Olga 833
Micah Tamara 246
Michael Jessica 1
Micheal Hope 233
Mickey Kallie 997
Miguel Caroline 94
Mikal Valentina 960
Mike Keisha 617
Mikel Ashanti 869
Miles Cecilia 286
Milton Clare 623
Misael Catalina 839
Mitchel Moriah 498
Mitchell Sierra 71
Mohamed Rita 670
Mohammad Eleanor 584
Mohammed Rikki 614
Moises Kyla 401
Montana Kianna 778
Morgan Cara 272
Morris Caitlynn 977
Moses Genevieve 557
Moshe Gwendolyn 717
Muhammad Keely 865
Myles Karissa 346
Myron Kenia 762
Najee Sarina 880
Nathan Shelby 40
Nathanael Stefanie 500
Nathanial Ryan 618
Nathaniel Caitlin 78
Neal Regan 612
Neil Pamela 350
Nelson Devin 344
Nestor Bobbie 631
Nicholas Elizabeth 9
Nick Mandy 756
Nicklaus Kirstie 967
Nickolas Britney 263
Nico Kristyn 736
Nicolas Krystal 164
Nigel Haleigh 478
Nikko Mari 993
Niko Austin 860
Nikolas Michele 451
Noah Valerie 159
Noe Dalia 485
Noel Elaine 448
Nolan Celeste 259
Norman Fatima 572
Octavio Roxana 783
Oliver Chasity 370
Omar Nancy 145
Orion Haylie 894
Orlando Justice 362
Oscar Lisa 123
Osvaldo Dorothy 551
Otis Mattie 941
Owen Christa 454
Pablo Hunter 327
Paris Arlene 705
Parker Daniela 238
Patrick Abigail 42
Paul Jacqueline 64
Payton Susana 503
Pedro Jazmin 190
Perry Kaylyn 536
Pete Leeann 968
Peter Jamie 87
Peyton Julianne 546
Philip Mikayla 168
Phillip Leslie 131
Pierce Eden 697
Pierre Shelly 737
Preston Mckenzie 192
Quentin Callie 343
Quincy Ericka 471
Quinn Josephine 392
Quinten Trinity 789
Quintin Lucia 597
Quinton Lillian 310
Rafael Aaliyah 202
Raheem Kaley 517
Ralph Sofia 489
Ramiro Kiera 457
Ramon Carolina 269
Randal Mariel 947
Randall Renee 267
Randolph Rylee 911
Randy Yesenia 186
Raphael Shauna 651
Rashad Brittani 429
Rashawn Jenifer 718
Rasheed Marlena 840
Raul Claudia 199
Ray Kyra 405
Raymond Kristin 115
Raymundo Demi 676
Reece Tyra 657
Reed Chandler 444
Reese Dayna 779
Reginald Aimee 295
Reid Kailey 430
Remington Corey 870
Rene Alana 334
Reuben Christie 677
Rex Deja 824
Reynaldo Nathalie 607
Rhett Berenice 771
Ricardo Hailey 119
Richard Anna 41
Rick Hailee 637
Rickey Cora 654
Ricky Cierra 205
Rico Addison 800
Rigoberto Kacie 626
Riley Gina 194
River Susanna 927
Robert Amber 21
Roberto Audrey 162
Robin Sonya 685
Rocky Bryana 804
Roderick Simone 486
Rodney Wendy 244
Rodolfo Kali 388
Rodrick Yasmeen 935
Rodrigo Paris 491
Rogelio Jeanette 458
Roger Kelli 264
Roland Kaylie 571
Rolando Noelle 463
Roman Kenya 377
Ronald Bailey 137
Ronnie Tina 361
Rory Madalyn 698
Ross Ruth 311
Roy Adrianna 307
Royce Audra 749
Ruben Felicia 181
Rudy Josie 441
Russell Asia 234
Rusty Jami 858
Ryan Hannah 16
Ryder Tanesha 949
Ryne Yaritza 897
Sage Breonna 739
Salvador Selena 300
Salvatore Rosemary 573
Sam Frances 412
Samir Elyssa 978
Sammy Halle 702
Samson Lizeth 964
Samuel Michelle 33
Santiago Kadijah 511
Santos Lesley 724
Saul Leticia 389
Savon Joelle 795
Sawyer Tasha 469
Schuyler Janel 979
Scott Kathryn 79
Sean Heather 44
Sebastian Nichole 223
Sergio Gabriella 160
Seth Erika 90
Shane Madeline 92
Shannon Alanna 504
Shaquan Katlin 661
Shaquille Naomi 235
Shaun Anastasia 324
Shawn Destiny 86
Shay Michael 969
Shayne Charlene 570
Shea Yessenia 748
Shelby Kathy 538
Sheldon Kayleigh 437
Shelton Geneva 945
Sherman Nikole 895
Shyheim Patrice 817
Sidney Misty 509
Silas Kenzie 871
Simon Brianne 356
Skylar Meaghan 398
Skyler Brandy 214
Solomon Karlie 595
Sonny Tracey 861
Spencer Sabrina 97
Spenser Darcy 986
Stanley Brooklyn 385
Stefan Tracy 396
Stephan Angelique 460
Stephen Andrea 49
Stephon Jill 532
Sterling Paula 402
Stetson Phoebe 818
Steve Christian 345
Steven Allison 34
Stewart Sarai 734
Storm Eboni 898
Stuart Janae 464
Syed Janine 961
Sylvester Laurie 962
Talon Iliana 881
Tanner Molly 96
Tariq Dominque 948
Tate Angie 644
Tavon Patience 931
Tayler Aileen 810
Taylor Brooke 54
Ted Adrian 834
Terence Breanne 553
Terrance Carrie 275
Terrell Liliana 336
Terrence Sadie 321
Terry Tessa 241
Tevin Colleen 207
Thaddeus Ella 690
Theodore Martha 292
Thomas Brianna 27
Timothy Christina 39
Titus Fiona 908
Tobias Jalisa 780
Toby Ashlynn 590
Todd Bria 252
Tomas Trisha 470
Tommy Harley 316
Tony Mercedes 189
Tory Ayla 813
Trace Katerina 806
Tracy Abbie 627
Trae Dylan 915
Travis Marissa 53
Travon Maegan 587
Trayvon Kia 859
Tre Viviana 490
Trent Jacquelyn 268
Trenton Jaclyn 224
Trever Tabatha 659
Trevon Sonia 363
Trevor Erica 57
Trey Denise 212
Tristan Anissa 452
Troy Brandi 122
Tucker Riley 351
Turner Laken 899
Ty Stacy 319
Tyler Sarah 5
Tylor Celina 423
Tyquan Irma 857
Tyree Alisa 542
Tyrell Robyn 449
Tyrin Ricki 942
Tyron Celine 819
Tyrone Janelle 313
Tyshawn Shyann 955
Tyson Shaina 501
Ulises Maura 706
Ulysses Chantelle 936
Unknown Alycia 835
Uriel Suzanne 560
Valentin Beatrice 872
Vance Janette 781
Vaughn Racheal 719
Vernon Brook 635
Vicente Kennedy 524
Victor Kaitlin 93
Vincent Meghan 100
Wade Kaitlynn 413
Walker Kaylin 534
Walter Raquel 251
Warren Destinee 386
Waylon Porsha 970
Wayne Robin 333
Wendell Layla 873
Wesley Casey 118
Westley Andria 971
Weston Larissa 364
Wilfredo Danyelle 956
Will Carli 660
William Victoria 19
Willie Candice 291
Wilson Kassidy 533
Winston Clarisa 665
Wyatt Cindy 197
Xavier Cassidy 139
Zachariah Helen 320
Zachary Kayla 12
Zachery Ashlee 180
Zackary Maggie 232
Zackery Dakota 306
Zakary Gretchen 741
Zane Tayler 325
Zechariah Myranda 689
