1996
Aaron Olivia 34
Abdul Kyleigh 947
Abdullah Astrid 974
Abel Kellie 387
Abraham Ashlyn 227
Abram Dayna 878
Adam Sydney 39
Adan Paulina 512
Addison Essence 544
Adolfo Antoinette 644
Adonis Daja 830
Adrian Crystal 92
Agustin Eileen 613
Ahmad Iris 520
Ahmed Casandra 572
Aidan Aubrey 258
Aiden Chantal 824
Akeem Isis 902
Alan Desiree 144
Albert Tabitha 231
Alberto Katlyn 236
Alden Brittni 914
Aldo Rhiannon 713
Alec Bethany 117
Alejandro Diana 107
Alek Chyna 953
Alex Gabrielle 54
Alexander Nicole 22
Alexandre Lacie 967
Alexandro Kenzie 826
Alexis Mia 180
Alfonso Elisa 442
Alfred Kiera 496
Alfredo Dakota 273
Ali Kiersten 424
Allan Jaime 481
Allen Mercedes 212
Alonso Dasia 765
Alonzo Cortney 509
Alton Tatum 948
Alvaro Lucia 576
Alvin Nora 451
Amir Dallas 536
Amos Dejah 982
Anderson Daija 808
Andre Nancy 172
Andreas Katlynn 908
Andres Brandi 161
Andrew Elizabeth 10
Andy Gina 235
Anfernee Beatriz 597
Angel Michaela 102
Angelo Tyler 333
Anthony Jennifer 19
Antoine Susana 558
Anton Kori 720
Antonio Shannon 80
Antony Kalyn 775
Antwan Mikala 730
Ari Mandy 791
Aric Mariam 821
Ariel Cristal 463
Armand Valentina 949
Armando Amelia 222
Armani Tamera 738
Arnold Rochelle 681
Aron Kiley 575
Arron Katia 772
Arthur Shayla 276
Arturo Felicia 265
Asa Myra 846
Asher Shyann 776
Ashton Anastasia 327
Aubrey Sydnee 742
August Breann 709
Augustus Cinthia 942
Austen Nicolette 423
Austin Rachel 9
Auston Audra 894
Austyn Aspen 629
Avery Lillian 251
Axel Tatianna 859
Baby Shauna 637
Bailey Asia 200
Barrett Kaycee 909
Barry Fatima 552
Beau Kenya 425
Ben Jaqueline 580
Benito Alycia 755
Benjamin Danielle 29
Bennett Carol 565
Benny Monika 801
Bernard Kacie 566
Bernardo Maegan 725
Billy Brooklyn 286
Blaine Chantel 506
Blaise Jasmyn 977
Blake Caitlin 84
Bo Brooklynn 769
Bobby Miriam 289
Brad Hallie 499
Braden Adrianna 277
Bradford Zaria 727
Bradley Jenna 83
Bradly Vanesa 841
Brady Kirsten 176
Braeden Jennie 827
Brandan Itzel 701
Branden Kyla 288
Brandon Alexis 8
Brandyn Iesha 757
Branson Leann 998
Brant Ansley 957
Braxton Ann 397
Brayan Constance 843
Brayden Haleigh 388
Braydon Juliette 892
Brendan Gabriela 131
Brenden Virginia 293
Brendon Kelli 349
Brennan Wendy 297
Brennen Janice 655
Brennon Annabelle 924
Brent Tessa 226
Brenton Sandy 573
Bret Alexandrea 545
Brett Kaylee 110
Brian Kelsey 36
Brice Ella 600
Brock Susan 299
Broderick Aja 822
Brody Antonia 395
Bronson Ayla 847
Brooks Celia 662
Bruce Tierra 364
Bruno Jaden 999
Bryan Laura 66
Bryant Gloria 308
Bryce Hayley 120
Bryon Olga 968
Bryson Ruth 351
Byron Deborah 410
Cade Kaylie 493
Caden Emely 633
Cain Madyson 958
Cale Kendal 915
Caleb Julia 48
Calvin Mallory 183
Camden Shelbi 684
Cameron Jordan 49
Camron Alessandra 786
Carl Savanna 250
Carlo Eliana 885
Carlos Madeline 67
Carlton Destiney 616
Carson Carolina 275
Carter Celeste 243
Casey Selena 142
Cecil Chase 884
Cedric Melody 399
Cedrick Jazmyn 920
Cesar Natasha 170
Chad Alejandra 160
Chadwick Fernanda 983
Chaim Janie 860
Chance Valerie 154
Chandler Alondra 157
Charles Savannah 43
Charlie Marlene 476
Chase Alexandria 76
Chaz Jacklyn 601
Chris Regina 414
Christian Rebecca 24
Christopher Sarah 4
Clarence Kathy 528
Clark Yadira 641
Clay Isabelle 370
Clayton Faith 149
Clifford Paris 539
Clifton Christiana 695
Clint Laurel 611
Clinton Tracy 516
Clyde Paloma 959
Coby Allyssa 731
Codey Unique 788
Codie Jessika 886
Cody Katherine 31
Colby Jada 225
Cole Erika 106
Coleman Addison 547
Colin Sophia 126
Collin Brittney 115
Colt Norma 669
Colten Kristine 500
Colton Margaret 105
Conner Jillian 199
Connor Emma 53
Conor Callie 318
Conrad Rocio 673
Cooper Candace 362
Corbin Arielle 419
Cordell Araceli 595
Corey Catherine 94
Cornelius Cora 675
Cortez Drew 732
Cory Mikayla 143
Coty Julissa 784
Courtney Zoey 657
Craig Brenna 247
Cristian Holly 130
Cristobal Alyssia 950
Cristopher Sade 751
Cruz Kailyn 715
Cullen Keely 518
Curtis Katrina 191
Cyrus Justina 733
Dakoda Leilani 932
Dakota Sabrina 58
Dakotah Bobbi 835
Dale Noelle 412
Dallas Carolyn 233
Dallin Elissa 779
Dalton Molly 99
Dalvin Caitlynn 975
Damian Arianna 214
Damien Helen 313
Damion Avery 486
Damon Raquel 279
Dan Amani 828
Dana Trista 861
Dandre Julianne 537
Dane Kassidy 435
Dangelo Bria 389
Daniel Kayla 11
Danny Ellen 245
Dante Kelsie 283
Daquan Tina 441
Darian Stacy 420
Darien Lyric 548
Darin Shanice 686
Dario Rikki 960
Darion Karlee 617
Darius Deja 182
Darnell Shaina 507
Daron Maxine 984
Darrell Tayler 383
Darren Daniela 253
Darrian Juana 895
Darrin Roxanne 671
Darrion Kristian 758
Darrius Helena 646
Darryl Lesley 431
Daryl Selina 609
Dashawn Kristi 574
David Amanda 13
Davin Tonya 893
Davion Dalia 687
Davis Sonia 409
Davon Kari 464
Davonte Luz 679
Dawson Xena 759
Dayton Sally 623
Dean Destinee 312
Deandre Cecilia 269
Deangelo Thalia 490
Deion Kayleigh 411
Dejuan Chaya 925
Demarco Elyssa 862
Demarcus Margarita 511
Demetrius Janet 338
Dennis Kassandra 203
Denver Christie 903
Denzel Maritza 472
Deon Ashlynn 513
Deondre Ingrid 802
Deonta Kimberlee 1000
Deonte Carlie 491
Dequan Dulce 682
Derek Cynthia 101
Derick Savanah 563
Derrick Marisa 169
Deshaun Kayley 803
Deshawn Mckayla 453
Desmond Robin 375
Destin Kayli 794
Devan Tyra 421
Devante Tatyana 357
Deven Ericka 540
Devin Marissa 59
Devon Jocelyn 127
Devonta Kirstin 702
Devontae Krysta 928
Devonte Nadia 356
Devyn Karli 614
Dewayne Shianne 873
Dexter Mara 585
Diego Guadalupe 218
Dillan Athena 688
Dillion Sienna 817
Dillon Casey 121
Dimitri Gladys 766
Dion Chanel 560
Dionte Lynn 933
Domenic Cydney 926
Dominic Christine 135
Dominick Heidi 290
Dominik Janay 985
Dominique Marie 345
Don Brook 694
Donald Mckenzie 158
Donavan Macie 763
Donnell Maureen 848
Donnie Devyn 804
Donovan Cristina 246
Dontae Mariela 719
Donte Joy 436
Dorian Cameron 517
Douglas Sandra 181
Drake Elise 305
Draven Joelle 852
Drew Ariel 163
Duane Kerri 692
Duncan Yasmin 444
Dustin Caroline 78
Dusty Abbigail 760
Dwayne Chasity 459
Dwight Alex 636
Dylan Anna 33
Dyllan Pauline 986
Dylon Kaylynn 810
Earl Breanne 571
Easton Brandie 842
Eddie Carrie 319
Eddy Haven 939
Edgar Kristina 148
Edgardo Katerina 940
Edmund Christin 978
Eduardo Bianca 123
Edward Grace 95
Edwin Monique 196
Efrain Halie 527
Efren Joanne 789
Eli Serena 309
Elias Annie 292
Eliezer Terra 943
Elijah Monica 81
Eliseo Kinsey 910
Elisha Loren 697
Elliot Robyn 477
Elliott Randi 501
Ellis Malia 780
Elmer Tristen 723
Elvis Nataly 781
Emanuel Kierra 352
Emerson Yaritza 987
Emilio Natalia 337
Emmanuel Kiara 211
Emmett Janette 863
Enrique Jazmine 228
Eric Shelby 35
Erich Marley 856
Erick Evelyn 188
Erik Dominique 122
Erin Layla 916
Ernest Allie 438
Ernesto Julianna 334
Ervin Madisen 904
Esteban Juliana 339
Estevan Joselyn 685
Ethan Sierra 62
Eugene Micaela 450
Evan Paige 65
Everett Katarina 618
Ezekiel Jeanette 521
Ezequiel Alisa 561
Ezra Kaylyn 556
Fabian Skylar 328
Felipe Nia 447
Felix Sasha 380
Fernando Alexus 178
Fidel Maricela 818
Floyd Alesha 961
Forrest Eleanor 492
Francesco Tracey 969
Francis Janelle 386
Francisco Brenda 132
Frank Angel 162
Frankie Alysha 627
Franklin Emilee 350
Fred Kelsea 652
Freddie Ashly 756
Freddy Edith 569
Frederick Cara 325
Fredrick Heaven 586
Gabriel Andrea 61
Gage Maya 201
Galen Stormy 917
Garett Sydnie 850
Garret Bailee 479
Garrett Bailey 85
Garrison Berenice 752
Gary Ashlee 202
Gavin Bridget 192
Gene Haylie 838
Geoffrey Yvette 503
George Leslie 118
Gerald Madelyn 322
Gerard Corina 761
Gerardo Ciara 205
German Shakira 647
Giancarlo Melisa 990
Gilbert Eliza 465
Gilberto Christy 460
Gino Bobbie 753
Giovanni Meredith 237
Glen Jill 649
Glenn Angelique 455
Gonzalo Kaci 790
Gordon Moesha 549
Grady Kortney 831
Graham Devon 404
Grant Melanie 119
Grayson Gianna 401
Gregorio Stevie 857
Gregory Leah 98
Greyson Anika 811
Griffin Kylee 281
Guadalupe Alayna 631
Guillermo Francesca 353
Gunnar Jayla 553
Gunner Carson 812
Gustavo Jessie 296
Guy Lacy 767
Hakeem Odalys 680
Harley Aimee 390
Harold Tiffani 440
Harrison Joanna 209
Harry Talia 456
Harvey Eboni 962
Hassan Shea 737
Hayden Lisa 168
Heath Abbie 642
Hector Claudia 173
Henry Gabriella 139
Herbert Macey 745
Heriberto Lucero 762
Herman Bryana 796
Hernan Mindy 813
Holden Tess 567
Houston Elaina 635
Howard Sarai 589
Hudson Kaela 650
Hugh Ashli 768
Hugo Shayna 432
Humberto Darby 543
Hunter Michelle 47
Ian Kristen 70
Ibrahim Cecelia 743
Ignacio Ayanna 659
Infant Jodi 750
Irvin Fiona 608
Irving Annamarie 889
Isaac Lindsey 86
Isai Leigh 899
Isaiah Heather 71
Isaias Montana 612
Ishmael Marlena 927
Isiah Kaitlynn 365
Ismael Aaliyah 335
Israel Delaney 264
Issac Meaghan 522
Ivan Alison 166
Jabari Juliet 825
Jace Melinda 466
Jack Cassandra 89
Jackie Yasmeen 785
Jackson Kendra 136
Jacob Ashley 3
Jacoby Cori 867
Jacques Liana 941
Jade Racheal 836
Jaden Blanca 519
Jaime Denise 230
Jair Martina 887
Jairo Keri 696
Jake Veronica 114
Jakob Breana 381
Jaleel Darlene 744
Jalen Krista 221
Jamaal Estefany 954
Jamal Genesis 282
Jamar Tasha 663
Jamarcus Magdalena 814
Jamel Annika 667
James Brianna 17
Jameson Kacey 710
Jamie Hunter 354
Jamil Gabriel 868
Jamison Rebeca 716
Jaquan Lexus 449
Jared Katelyn 64
Jarod Gretchen 721
Jaron Kelley 640
Jarred Shawna 468
Jarrett Kira 372
Jarrod Makenna 531
Jarvis Lyndsey 593
Jason Kimberly 41
Jasper Lauryn 660
Javier Adriana 153
Javon Carina 417
Javonte Breonna 773
Jay Tamara 287
Jayce Alia 934
Jayden Yolanda 606
Jaylan Jaycie 963
Jaylen Perla 495
Jaylin Shelbie 664
Jaylon Gillian 603
Jayson Paula 454
Jean Fabiola 683
Jeff Mattie 881
Jefferson Hillary 693
Jeffery Peyton 255
Jeffrey Briana 72
Jeremiah Audrey 164
Jeremy Destiny 56
Jermaine Kaila 427
Jerome Devin 393
Jerrod Hollie 815
Jerry Yesenia 194
Jess Adrian 912
Jesse Erin 51
Jessie Camille 300
Jessy Kallie 896
Jesus Breanna 74
Jim Tammy 874
Jimmie Karley 741
Jimmy Katelynn 223
Joaquin Tristan 591
Jody Infant 979
Joe Alissa 267
Joel Carly 124
Joey Frances 461
John Madison 15
Johnathan Caitlyn 138
Johnathon Elena 301
Johnnie Gwendolyn 749
Johnny Meagan 193
Jon Ashton 315
Jonah Isabel 197
Jonas Lexi 570
Jonatan Aubree 918
Jonathan Courtney 21
Jonathon Shania 171
Jordan Amber 27
Jorden Marianna 869
Jordon Johanna 433
Jorge Meghan 113
Jose Abigail 32
Josef Maia 823
Joseph Megan 12
Josh Sydni 849
Joshua Samantha 5
Josiah Alisha 240
Josue Jordyn 254
Jovan Dania 764
Juan Tiffany 52
Jude Denisse 935
Julian Makayla 129
Julien Myranda 754
Julio Naomi 213
Julius Shyanne 510
Junior Melina 734
Justen Ivette 955
Justice Esther 320
Justin Stephanie 20
Justus Blair 665
Justyn Dawn 792
Juwan Regan 489
Kade Donna 554
Kaden Maddison 530
Kahlil Miracle 735
Kai Ryan 599
Kaleb Hope 186
Kameron Kate 344
Kane Destini 658
Kareem Karly 596
Karl Alma 448
Kasey Alina 559
Keagan Blake 991
Keanu Karlie 619
Keaton Kourtney 429
Keegan Valeria 330
Keenan Alyson 396
Keion Debra 870
Keith Patricia 159
Kellen Ava 739
Kelly Mollie 551
Kelsey Sarahi 929
Kelton Alena 799
Kelvin Haylee 358
Kendal China 992
Kendall Esmeralda 359
Kendrick Jane 407
Kennedy Alysa 839
Kenneth Miranda 77
Kenny Larissa 408
Kent Joyce 651
Kenton Jalisa 936
Keon Sarina 714
Kerry Kristyn 797
Keshawn Jena 705
Keven Elsa 871
Kevin Alexandra 26
Kevon Patience 805
Keyshawn Beverly 782
Khalid Jenifer 829
Khalil Eva 348
Kieran Giselle 624
Killian Odalis 911
Kirby Tyesha 970
Kirk Reyna 594
Kody Teresa 270
Kolby Carlee 674
Kole Stacie 882
Kolton Tanisha 555
Kordell Luisa 993
Korey Rylee 604
Kory Rosemary 557
Kristian Alaina 384
Kristofer Annette 717
Kristopher Imani 239
Kurt Sylvia 457
Kurtis Katharine 541
Kyle Morgan 25
Kyler Jacquelyn 311
Ladarius Aileen 704
Lamar Sheila 605
Lamont Anissa 711
Lance Marina 268
Landon Jazmin 216
Lane Priscilla 261
Larry Anne 219
Lawrence Maggie 256
Layne Aleah 708
Lazaro Joslyn 980
Lee Liliana 343
Leland Beatrice 913
Leo Kaleigh 482
Leon Leticia 458
Leonard Marilyn 416
Leonardo Barbara 402
Leonel Lena 562
Leroy Nathalie 598
Leslie Ayana 819
Lester Emerald 844
Levi Kara 165
Lewis Kristy 494
Liam Raven 184
Lincoln Susanna 897
Lionel Yazmin 972
Lloyd Charlene 728
Logan Melissa 42
Lonnie Trinity 672
Loren Asha 890
Lorenzo Lacey 274
Louis Marisol 234
Lucas Hailey 93
Luciano Marisela 905
Luis Christina 57
Lukas Britney 382
Luke Mackenzie 75
Mackenzie Skyler 469
Madison Dorothy 638
Malachi Janae 505
Malcolm Vivian 314
Malik Angelica 97
Manuel Jade 145
Marc Allyson 232
Marcel Keisha 626
Marcelo Kia 875
Marco Dana 174
Marcos Chelsey 224
Marcus Kathryn 87
Mario Kristin 147
Mark Chelsea 55
Markel Jami 937
Markus Noemi 588
Marlon Elaine 470
Marques Juanita 690
Marquez Rita 703
Marquis Ruby 295
Marquise Irene 418
Marshall Angelina 310
Martin Isabella 152
Marvin Cheyanne 307
Mason Autumn 104
Mateo Daisha 698
Mathew Karla 204
Matthew Jessica 2
Maurice Justice 324
Mauricio Moriah 488
Maverick Judy 845
Max Abby 208
Maximilian Tamia 497
Maximillian Noel 832
Maxwell April 177
Melvin Clara 400
Menachem Viridiana 944
Micah Deanna 210
Michael Emily 1
Micheal Kyra 262
Mickey Nadine 864
Miguel Alicia 91
Mike Rachelle 534
Mikel Octavia 840
Miles Theresa 317
Milton Misty 620
Misael Graciela 770
Mitchel Lea 568
Mitchell Amy 88
Mohamed Brielle 615
Mohammad Genevieve 514
Mohammed Anita 582
Moises Cassie 403
Montana Lara 777
Montel Rayna 994
Morgan Clarissa 244
Moses Stephany 533
Moshe Lexie 634
Muhammad Celine 774
Myles Macy 366
Myron Jana 851
Najee Kenia 921
Nasir Jacey 965
Nathan Maria 37
Nathanael Kelsi 473
Nathanial Micah 628
Nathaniel Cheyenne 69
Neal Eden 639
Neil Ivy 405
Nelson Paola 377
Nestor Yessenia 689
Nicholas Taylor 6
Nick Beth 837
Nickolas Madeleine 263
Nico Hali 872
Nicolas Kathleen 151
Nigel Desirae 524
Niko Domonique 901
Nikolas India 394
Noah Sara 50
Noe Chandler 485
Noel Stacey 437
Nolan Logan 257
Norman Lori 648
Octavio Demi 645
Oliver Nikki 385
Omar Whitney 140
Orion Jayme 787
Orlando Elisabeth 367
Oscar Daisy 125
Osvaldo Darian 498
Owen Sadie 278
Pablo Baylee 331
Paris Alysia 746
Parker Diamond 179
Patrick Mary 44
Paul Erica 79
Payton Lucy 406
Pedro Kendall 198
Perry Georgia 583
Pete Alivia 995
Peter Jamie 96
Peyton Sidney 336
Philip Tori 185
Phillip Julie 150
Pierce Diane 584
Pierre Kala 853
Preston Jasmin 189
Quentin Payton 284
Quincy Charity 487
Quinn Kali 332
Quinten Ali 676
Quintin Phoebe 542
Quinton Charlotte 302
Raekwon Kaylin 483
Rafael Brandy 215
Raheem Kailee 625
Ralph Christa 504
Ramiro Abbey 452
Ramon Mikaela 280
Randall Carmen 321
Randolph Quinn 981
Randy Hanna 206
Raphael Katlin 656
Raquan Elisha 879
Rashad Maribel 502
Rashawn Katy 771
Rasheed Connie 800
Raul Kennedy 207
Ray Viviana 484
Raymond Lindsay 133
Raymundo Arlene 706
Reagan Yajaira 930
Reece Shana 653
Reed Karissa 422
Reese Shanna 736
Reginald Martha 323
Reid Simone 443
Reilly Betty 919
Remington Kalie 854
Rene Harley 368
Reuben Esperanza 729
Rex Marlee 938
Reynaldo Kasandra 677
Rhett Ellie 610
Ricardo Rachael 128
Richard Brooke 45
Rick Kerry 724
Rickey Sonya 726
Ricky Riley 248
Rico Jailene 945
Rigoberto Shirley 654
Riley Rebekah 146
River Aurora 632
Robert Alyssa 23
Roberto Lydia 175
Robin Cheryl 809
Rocky Kaylah 922
Roderick Cayla 535
Rodney Alexia 266
Rodolfo Candice 415
Rodrick Griselda 996
Rodrigo Precious 378
Rogelio Tianna 471
Roger Jenny 285
Rohan Emilia 880
Roland Shantel 578
Rolando Lizbeth 523
Roman Bryanna 363
Romello Princess 923
Romeo Eryn 973
Ronald Ariana 156
Ronnie Aliyah 391
Rory Ashlie 678
Ross Tia 271
Roy Ebony 346
Royce Roxana 806
Ruben Kiana 190
Rudy Hailee 478
Russell Lily 260
Ryan Lauren 16
Ryne Hana 891
Sage Skye 581
Salvador Jaclyn 303
Salvatore Stefanie 602
Sam Alice 430
Sammy Christen 793
Samuel Haley 30
Santiago Judith 508
Santos Kaelyn 712
Saul Tiana 304
Sawyer Leanna 525
Scott Karina 108
Seamus Nayeli 876
Sean Natalie 46
Sebastian Cindy 195
Sergio Tara 167
Seth Kaitlin 103
Shamar Terri 865
Shane Chloe 112
Shannon Bridgette 577
Shaquan Anjelica 951
Shaquille Sage 661
Shaun Josephine 371
Shawn Kylie 111
Shayne Halle 607
Shea Tabatha 883
Shelby Bonnie 590
Sheldon Emilie 475
Shelton Belinda 971
Shemar Shelly 906
Sidney Yvonne 529
Silas Brionna 740
Simeon Reina 900
Simon Toni 342
Skylar Carissa 373
Skyler Krystal 217
Solomon Brittani 538
Sonny Amari 888
Spencer Cassidy 109
Spenser Jazlyn 946
Stanley Tania 426
Stefan Kaley 480
Stephan Madalyn 532
Stephen Vanessa 60
Stephon Katelin 546
Sterling Alanna 462
Steve Kailey 369
Steven Allison 38
Stewart Chynna 833
Stone Maura 699
Storm Billie 952
Stuart Aisha 564
Sydney Jessi 988
Syed Giovanna 964
Talon Silvia 718
Tanner Angela 90
Tarik Lilly 855
Tariq Devan 807
Tate Corinne 587
Tavon Lizette 778
Tayler Baby 898
Taylor Katie 82
Ted Sheridan 956
Teddy Daijah 976
Terence Trisha 668
Terrance Josie 340
Terrell Sofia 361
Terrence Carley 376
Terry Justine 259
Tevin Daniella 434
Thaddeus Jesse 722
Theodore Linda 294
Thomas Jasmine 28
Timothy Kaitlyn 40
Titus Damaris 877
Tobias Mireya 747
Toby Maranda 550
Todd Renee 298
Tom Kimberley 997
Tomas Adrienne 439
Tommy Makenzie 306
Tony Mckenna 229
Trace Alize 748
Tracy Janessa 700
Travis Kelly 73
Travon Kianna 621
Trayvon Lexis 966
Tre Celina 630
Trent Kasey 252
Trenton Cierra 187
Trever Yamilex 707
Trevon Carla 360
Trevor Mariah 63
Trey Ashleigh 238
Tristan Jacqueline 68
Tristen Tiara 249
Tristian Estefania 592
Tristin Christian 374
Triston Pamela 341
Troy Zoe 155
Trystan Khadijah 795
Tucker Sharon 326
Turner Daphne 834
Ty Alana 242
Tyler Hannah 7
Tylor Ciera 467
Tyquan Dianna 820
Tyree Chelsie 474
Tyrell Mariana 413
Tyron Leanne 798
Tyrone Nichole 355
Tyshawn Alecia 866
Tyson Tanya 445
Ulises Angie 643
Ulysses Scarlett 816
Uriel Jocelyne 515
Valentin Elyse 907
Vance Catalina 858
Vaughn Dina 931
Vernon Lesly 670
Vicente Michele 579
Victor Alexa 100
Vincent Claire 116
Wade Brianne 398
Walker Reagan 446
Walter Colleen 272
Warren Yasmine 428
Waylon Leeann 989
Wayne Taryn 392
Wesley Summer 137
Weston Rose 379
Will Carli 622
William Victoria 18
Willie Sophie 329
Wilson Clare 526
Winston Suzanne 666
Wyatt Karen 134
Xavier Ana 141
Zachariah Lorena 347
Zachary Brittany 14
Zachery Tatiana 220
Zackary Nina 241
Zackery Mayra 316
Zakary Jackie 783
Zane Rosa 291
Zechariah Ashanti 691
